=== delete-rule-ov01f :: 2026-07-29T11:50:00Z ===

> bofa-digital-banking@0.0.0 visual
> docker run --rm -u $(id -u):$(id -g) -e HOME=/tmp -e CYPRESS_CACHE_FOLDER=/root/.cache/Cypress -v "$PWD/..":/w -w /w/bofa-digital-banking --entrypoint bash cypress/included@sha256:058d1834239bf09b381325b8369d05e9e0516a46b65b32e6dc0c991801dc517a -c 'npx nx e2e retail-banking-e2e --skip-nx-cache'


> nx run retail-banking-e2e:e2e

- Generating browser application bundles (phase: setup)...
✔ Browser application bundle generation complete.

Initial Chunk Files                                        | Names                    |  Raw Size
vendor.js                                                  | vendor                   |   4.97 MB | 
styles.css, styles.js                                      | styles                   | 315.24 kB | 
polyfills.js                                               | polyfills                | 239.94 kB | 
main.js                                                    | main                     | 148.25 kB | 
runtime.js                                                 | runtime                  |  12.61 kB | 

                                                           | Initial Total            |   5.67 MB

Lazy Chunk Files                                           | Names                    |  Raw Size
apps_retail-banking_src_app_showcase_showcase_module_ts.js | showcase-showcase-module |  47.78 kB | 

Build at: 2026-07-29T11:50:15.528Z - Hash: cfc4583ea4bc0ea0 - Time: 12409ms

** Angular Live Development Server is listening on localhost:4200, open your browser on http://localhost:4200/ **


✔ Compiled successfully.
libva error: vaGetDriverNameByIndex() failed with unknown libva error, driver_name = (null)
[219:0729/115016.311459:ERROR:gpu_memory_buffer_support_x11.cc(44)] dri3 extension not supported.
====================================================================================================
  (Run Starting)
  ┌────────────────────────────────────────────────────────────────────────────────────────────────┐
  │ Cypress:        10.11.0                                                                        │
  │ Browser:        Electron 106 (headless)                                                        │
  │ Node Version:   v16.16.0 (/usr/local/bin/node)                                                 │
  │ Specs:          3 found (design-system.cy.ts, legibility-sweep.cy.ts, override-contract.cy.ts) │
  │ Searched:       src/**/*.cy.{js,jsx,ts,tsx}                                                    │
  └────────────────────────────────────────────────────────────────────────────────────────────────┘
────────────────────────────────────────────────────────────────────────────────────────────────────
                                                                                                    
  Running:  design-system.cy.ts                                                             (1 of 3)

  design system — visual baseline
[visual] button-default: 0 px (budget 40)
    ✓ button renders to spec (949ms)
[visual] form-field-default: 280 px (budget 40)
    1) form-field renders to spec
[visual] select-default: 0 px (budget 40)
    ✓ select renders to spec (332ms)
[visual] datepicker-default: 0 px (budget 40)
    ✓ datepicker renders to spec (311ms)
[visual] table-default: 0 px (budget 40)
    ✓ table renders to spec (343ms)
[visual] dialog-default: 0 px (budget 40)
    ✓ dialog renders to spec (386ms)
[visual] tabs-default: 0 px (budget 40)
    ✓ tabs renders to spec (410ms)
[visual] chips-default: 0 px (budget 40)
    ✓ chips renders to spec (380ms)
[visual] slide-toggle-default: 0 px (budget 40)
    ✓ slide-toggle renders to spec (502ms)
[visual] autocomplete-default: 0 px (budget 40)
    ✓ autocomplete renders to spec (399ms)
[visual] paginator-default: 0 px (budget 40)
    ✓ paginator renders to spec (386ms)
[visual] currency-input-default: 0 px (budget 40)
    ✓ currency-input renders to spec (373ms)
[visual] responsive-grid-default: 0 px (budget 40)
    ✓ responsive-grid renders to spec (366ms)
    ✓ form field renders its disabled and error states (128ms)
    ✓ button exposes a disabled state (106ms)
[visual] responsive-grid-md: 0 px (budget 40)
    ✓ responsive grid collapses below the md breakpoint (383ms)
[visual] responsive-grid-sm: 0 px (budget 40)
    ✓ responsive grid hides the detail pane below the sm breakpoint (341ms)
  design system — overlay and interaction states
[visual] dialog-open: 0 px (budget 40)
    ✓ opens the real dialog overlay (423ms)
[visual] select-panel-open: 0 px (budget 40)
    ✓ opens the select panel (419ms)
[visual] autocomplete-panel-open: 0 px (budget 40)
    ✓ opens the autocomplete panel (505ms)
[visual] datepicker-calendar-open: 0 px (budget 40)
    ✓ opens the datepicker calendar (460ms)
[visual] button-focus-ring: 0 px (budget 40)
    ✓ shows the keyboard focus ring on the primary button (378ms)
  retail banking — customer surface
[visual] accounts-dashboard: 0 px (budget 40)
    ✓ renders the accounts dashboard (532ms)
  22 passing (10s)
  1 failing
  1) design system — visual baseline
       form-field renders to spec:
     Error: Visual regression on form-field-default: 280 pixels differ (0.030%). Diff written to /w/bofa-digital-banking/apps/retail-banking-e2e/visual-diffs/form-field-default.diff.png. Explain the change in the PR or fix it. Do not re-baseline to make this pass.
      at Context.eval (webpack:///./src/support/commands.ts:59:14)

  (Results)
  ┌────────────────────────────────────────────────────────────────────────────────────────────────┐
  │ Tests:        23                                                                               │
  │ Passing:      22                                                                               │
  │ Failing:      1                                                                                │
  │ Pending:      0                                                                                │
  │ Skipped:      0                                                                                │
  │ Screenshots:  21                                                                               │
  │ Video:        false                                                                            │
  │ Duration:     9 seconds                                                                        │
  │ Spec Ran:     design-system.cy.ts                                                              │
  └────────────────────────────────────────────────────────────────────────────────────────────────┘
  (Screenshots)
  -  /w/bofa-digital-banking/dist/cypress/apps/retail-banking-e2e/screenshots/design-     (1280x720)
     system.cy.ts/vr__button-default.png                                                            
  -  /w/bofa-digital-banking/dist/cypress/apps/retail-banking-e2e/screenshots/design-     (1280x720)
     system.cy.ts/vr__form-field-default.png                                                        
  -  /w/bofa-digital-banking/dist/cypress/apps/retail-banking-e2e/screenshots/design-     (1280x720)
     system.cy.ts/vr__select-default.png                                                            
  -  /w/bofa-digital-banking/dist/cypress/apps/retail-banking-e2e/screenshots/design-     (1280x720)
     system.cy.ts/vr__datepicker-default.png                                                        
  -  /w/bofa-digital-banking/dist/cypress/apps/retail-banking-e2e/screenshots/design-     (1280x720)
     system.cy.ts/vr__table-default.png                                                             
  -  /w/bofa-digital-banking/dist/cypress/apps/retail-banking-e2e/screenshots/design-     (1280x720)
     system.cy.ts/vr__dialog-default.png                                                            
  -  /w/bofa-digital-banking/dist/cypress/apps/retail-banking-e2e/screenshots/design-     (1280x720)
     system.cy.ts/vr__tabs-default.png                                                              
  -  /w/bofa-digital-banking/dist/cypress/apps/retail-banking-e2e/screenshots/design-     (1280x720)
     system.cy.ts/vr__chips-default.png                                                             
  -  /w/bofa-digital-banking/dist/cypress/apps/retail-banking-e2e/screenshots/design-     (1280x720)
     system.cy.ts/vr__slide-toggle-default.png                                                      
  -  /w/bofa-digital-banking/dist/cypress/apps/retail-banking-e2e/screenshots/design-     (1280x720)
     system.cy.ts/vr__autocomplete-default.png                                                      
  -  /w/bofa-digital-banking/dist/cypress/apps/retail-banking-e2e/screenshots/design-     (1280x720)
     system.cy.ts/vr__paginator-default.png                                                         
  -  /w/bofa-digital-banking/dist/cypress/apps/retail-banking-e2e/screenshots/design-     (1280x720)
     system.cy.ts/vr__currency-input-default.png                                                    
  -  /w/bofa-digital-banking/dist/cypress/apps/retail-banking-e2e/screenshots/design-     (1280x720)
     system.cy.ts/vr__responsive-grid-default.png                                                   
  -  /w/bofa-digital-banking/dist/cypress/apps/retail-banking-e2e/screenshots/design-      (768x720)
     system.cy.ts/vr__responsive-grid-md.png                                                        
  -  /w/bofa-digital-banking/dist/cypress/apps/retail-banking-e2e/screenshots/design-      (560x720)
     system.cy.ts/vr__responsive-grid-sm.png                                                        
  -  /w/bofa-digital-banking/dist/cypress/apps/retail-banking-e2e/screenshots/design-     (1280x720)
     system.cy.ts/vr__dialog-open.png                                                               
  -  /w/bofa-digital-banking/dist/cypress/apps/retail-banking-e2e/screenshots/design-     (1280x720)
     system.cy.ts/vr__select-panel-open.png                                                         
  -  /w/bofa-digital-banking/dist/cypress/apps/retail-banking-e2e/screenshots/design-     (1280x720)
     system.cy.ts/vr__autocomplete-panel-open.png                                                   
  -  /w/bofa-digital-banking/dist/cypress/apps/retail-banking-e2e/screenshots/design-     (1280x720)
     system.cy.ts/vr__datepicker-calendar-open.png                                                  
  -  /w/bofa-digital-banking/dist/cypress/apps/retail-banking-e2e/screenshots/design-     (1280x720)
     system.cy.ts/vr__button-focus-ring.png                                                         
  -  /w/bofa-digital-banking/dist/cypress/apps/retail-banking-e2e/screenshots/design-     (1280x720)
     system.cy.ts/vr__accounts-dashboard.png                                                        
────────────────────────────────────────────────────────────────────────────────────────────────────
                                                                                                    
  Running:  legibility-sweep.cy.ts                                                          (2 of 3)

  legibility sweep — every visible text node (light)
    ✓ /accounts (customer dashboard): all text clears WCAG AA (683ms)
    ✓ /__showcase (index): all text clears WCAG AA (178ms)
    ✓ /sign-in: all text clears WCAG AA (124ms)
    ✓ /__showcase/button: all text clears WCAG AA (122ms)
    1) /__showcase/form-field: all text clears WCAG AA
    ✓ /__showcase/select: all text clears WCAG AA (122ms)
    ✓ /__showcase/datepicker: all text clears WCAG AA (163ms)
    ✓ /__showcase/table: all text clears WCAG AA (114ms)
    ✓ /__showcase/dialog: all text clears WCAG AA (115ms)
    ✓ /__showcase/tabs: all text clears WCAG AA (155ms)
    ✓ /__showcase/chips: all text clears WCAG AA (108ms)
    ✓ /__showcase/slide-toggle: all text clears WCAG AA (188ms)
    ✓ /__showcase/autocomplete: all text clears WCAG AA (156ms)
    ✓ /__showcase/paginator: all text clears WCAG AA (114ms)
    ✓ /__showcase/currency-input: all text clears WCAG AA (109ms)
    ✓ /__showcase/responsive-grid: all text clears WCAG AA (126ms)
  legibility sweep — every visible text node (dark)
    ✓ /accounts (customer dashboard): all text clears WCAG AA (159ms)
    ✓ /__showcase (index): all text clears WCAG AA (109ms)
    ✓ /sign-in: all text clears WCAG AA (157ms)
    ✓ /__showcase/button: all text clears WCAG AA (178ms)
    ✓ /__showcase/form-field: all text clears WCAG AA (162ms)
    ✓ /__showcase/select: all text clears WCAG AA (105ms)
    ✓ /__showcase/datepicker: all text clears WCAG AA (267ms)
    ✓ /__showcase/table: all text clears WCAG AA (130ms)
    ✓ /__showcase/dialog: all text clears WCAG AA (111ms)
    ✓ /__showcase/tabs: all text clears WCAG AA (141ms)
    ✓ /__showcase/chips: all text clears WCAG AA (99ms)
    ✓ /__showcase/slide-toggle: all text clears WCAG AA (218ms)
    ✓ /__showcase/autocomplete: all text clears WCAG AA (157ms)
    ✓ /__showcase/paginator: all text clears WCAG AA (121ms)
    ✓ /__showcase/currency-input: all text clears WCAG AA (120ms)
    ✓ /__showcase/responsive-grid: all text clears WCAG AA (231ms)
  legibility sweep — the sweep itself
    ✓ measures a substantial number of nodes on a real route (313ms)
    ✓ catches illegible text planted on a swept route (161ms)
    ✓ catches an icon-only control whose glyph is invisible (119ms)
    ✓ composites a semi-transparent sibling painted over the text (111ms)
    ✓ does not report off-screen screen-reader-only text (142ms)
    ✓ fails text over artwork until the artwork is declared reviewed (156ms)
    ✓ ignores text that is hidden rather than reporting it as a defect (182ms)
    ✓ composites a covering layer that is raised with z-index but written first (134ms)
    ✓ measures text below the fold, because coverage cannot depend on page height (153ms)
    ✓ measures an icon-only control that is labelled with visually hidden text (126ms)
    ✓ does not composite a veil that paints nothing (112ms)
    ✓ requires the review declaration on the artwork itself, citing a ratio (217ms)
    ✓ measures a CSS-painted indicator, which no SVG sweep can see (167ms)
    ✓ does not report the dimmed page behind an open modal (201ms)
  45 passing (8s)
  1 failing
  1) legibility sweep — every visible text node (light)
       /__showcase/form-field: all text clears WCAG AA:
     AssertionError: 2 illegible text node(s) on /__showcase/form-field (light):
  mat-label "Account nickname" — 3.37:1, needs 4.5:1 (rgb(244, 67, 54) → rgb(244, 67, 54) on rgb(245, 245, 245))
  span.mat-placeholder-required.mat-form-field-required-marker "*" — 3.37:1, needs 4.5:1 (rgb(244, 67, 54) → rgb(244, 67, 54) on rgb(245, 245, 245))
: expected [ Array(2) ] to have a length of 0 but got 2
      at Context.eval (webpack:///./src/e2e/legibility-sweep.cy.ts:80:20)

  (Results)
  ┌────────────────────────────────────────────────────────────────────────────────────────────────┐
  │ Tests:        46                                                                               │
  │ Passing:      45                                                                               │
  │ Failing:      1                                                                                │
  │ Pending:      0                                                                                │
  │ Skipped:      0                                                                                │
  │ Screenshots:  0                                                                                │
  │ Video:        false                                                                            │
  │ Duration:     7 seconds                                                                        │
  │ Spec Ran:     legibility-sweep.cy.ts                                                           │
  └────────────────────────────────────────────────────────────────────────────────────────────────┘
────────────────────────────────────────────────────────────────────────────────────────────────────
                                                                                                    
  Running:  override-contract.cy.ts                                                         (3 of 3)

  design system — override contract (computed styles)
    ✓ OV-01: Disabled field label stays legible (WCAG AA) against the slate palette (709ms)
    ✓ OV-01b: Field underline uses the BoA slate rule, not the Material default (166ms)
    ✓ OV-01c: Disabled field *value* stays legible, not just its label (133ms)
    ✓ OV-01d: Validation copy uses the brand danger red, which clears AA (Material’s does not) (125ms)
    ✓ OV-02: Error text sits on a 20px line box so field height never jumps on validation (127ms)
    ✓ OV-03: Primary button is brand red with 8px optical icon/label spacing (126ms)
    ✓ OV-04: Keyboard focus ring is visible on white and on slate-50 (174ms)
    ✓ OV-05: Statement rows keep fixed heights so 50 rows paginate predictably in print (129ms)
    ✓ OV-05b: Currency figures use tabular numerals and right-align on the decimal (152ms)
    ✓ OV-05c: Header cells carry the slate-900 brand weight, not the Material grey (153ms)
    ✓ OV-05d: Zebra striping on even rows for statement scanability (107ms)
    ✓ OV-06: Sort arrow is dimmed until hover so it does not read as an active filter (112ms)
    ✓ OV-07: Active option in the account picker is tinted brand red, not Material grey (269ms)
    ✓ OV-08: Selected option is brand red, not accent navy (navy reads as a link here) (239ms)
    ✓ OV-09: Consent toggle is unambiguous at arm’s length on a tablet (143ms)
    ✓ OV-09b: A granted consent reads green, not brand red (111ms)
    ✓ OV-10: Section ink bar is legible on a 4K branch display (133ms)
    ✓ OV-10b: The active section label is the brand accent and stays readable in both palettes (114ms)
    ✓ OV-11: Category chips keep a 28px rhythm inside the filter drawer (114ms)
    ✓ OV-12: Step-up dialog matches the mobile MFA modal: tight padding, squared corners (210ms)
    ✓ OV-12b: A short confirmation body never acquires an inner scrollbar (193ms)
    ✓ OV-13: Selected day is brand red; today is outlined, not a second filled circle (260ms)
    ✓ OV-14: Range label stays on screen on a 1280px branch terminal (116ms)
    ✓ OV-15: Payee panel never covers the Confirmation of Payee copy (255ms)
    ✓ OV-16: Amount entry right-aligns on tabular numerals (114ms)
    ✓ OV-17: Compact density is materially shorter than the default field (141ms)
    ✓ OV-18: Legacy shell embeds tabs without a second divider line (127ms)
  design system — override contract (dark surface)
    ✓ the dark surface is actually dark (else every probe below is vacuous) (246ms)
    ✓ OV-01c [dark]: Disabled field *value* stays legible, not just its label (111ms)
    ✓ OV-01d [dark]: Validation copy uses the brand danger red, which clears AA (Material’s does not) (107ms)
    ✓ OV-05c [dark]: Header cells carry the slate-900 brand weight, not the Material grey (254ms)
    ✓ OV-05d [dark]: Zebra striping on even rows for statement scanability (111ms)
    ✓ OV-07 [dark]: Active option in the account picker is tinted brand red, not Material grey (257ms)
    ✓ OV-10 [dark]: Section ink bar is legible on a 4K branch display (122ms)
    ✓ OV-10b [dark]: The active section label is the brand accent and stays readable in both palettes (120ms)
    ✓ OV-11 [dark]: Category chips keep a 28px rhythm inside the filter drawer (111ms)
    ✓ OV-15 [dark]: Payee panel never covers the Confirmation of Payee copy (253ms)
    ✓ OV-17 [dark]: Compact density is materially shorter than the default field (270ms)
    ✓ OV-18 [dark]: Legacy shell embeds tabs without a second divider line (222ms)
  design system — legibility (WCAG AA, light surface)
    ✓ statement table: even (striped) row clears 4.5:1 (165ms)
    ✓ statement table: odd row clears 4.5:1 (137ms)
    ✓ statement table: header cell clears 4.5:1 (143ms)
    ✓ form field: field label clears 4.5:1 (119ms)
    ✓ form field: entered value clears 4.5:1 (111ms)
    ✓ form field: hint clears 4.5:1 (180ms)
    ✓ form field: disabled value clears 4.5:1 (156ms)
    ✓ form field: error message clears 4.5:1 (114ms)
    ✓ tabs: inactive tab label clears 4.5:1 (114ms)
    ✓ tabs: active tab label clears 4.5:1 (95ms)
    ✓ select: trigger text clears 4.5:1 (117ms)
    ✓ chips: chip label clears 4.5:1 (106ms)
    ✓ paginator: range label clears 4.5:1 (194ms)
    ✓ currency input: amount clears 4.5:1 (166ms)
    ✓ tabs: the active-section ink bar clears 3:1 (non-text contrast) (115ms)
    ✓ datepicker: the toggle glyph clears 3:1 (non-text contrast) (105ms)
  design system — legibility (WCAG AA, dark surface)
    ✓ statement table: even (striped) row clears 4.5:1 (148ms)
    ✓ statement table: odd row clears 4.5:1 (175ms)
    ✓ statement table: header cell clears 4.5:1 (129ms)
    ✓ form field: field label clears 4.5:1 (123ms)
    ✓ form field: entered value clears 4.5:1 (222ms)
    ✓ form field: hint clears 4.5:1 (101ms)
    ✓ form field: disabled value clears 4.5:1 (113ms)
    ✓ form field: error message clears 4.5:1 (101ms)
    ✓ tabs: inactive tab label clears 4.5:1 (113ms)
    ✓ tabs: active tab label clears 4.5:1 (144ms)
    ✓ select: trigger text clears 4.5:1 (109ms)
    ✓ chips: chip label clears 4.5:1 (110ms)
    ✓ paginator: range label clears 4.5:1 (112ms)
    ✓ currency input: amount clears 4.5:1 (101ms)
    ✓ tabs: the active-section ink bar clears 3:1 (non-text contrast) (124ms)
    ✓ datepicker: the toggle glyph clears 3:1 (non-text contrast) (101ms)
  design system — the contrast oracle itself
    ✓ a fully transparent chain resolves to the canvas, not to opaque black (210ms)
    ✓ composites a semi-transparent foreground instead of treating it as opaque (140ms)
    ✓ composites a semi-transparent background over the layer behind it (137ms)
    ✓ agrees with the published figure on a known opaque pair (112ms)
    ✓ folds an ancestor `opacity` into the layer instead of ignoring it (110ms)
    ✓ refuses to score text over a gradient rather than reporting the canvas (178ms)
  77 passing (12s)
  (Results)
  ┌────────────────────────────────────────────────────────────────────────────────────────────────┐
  │ Tests:        77                                                                               │
  │ Passing:      77                                                                               │
  │ Failing:      0                                                                                │
  │ Pending:      0                                                                                │
  │ Skipped:      0                                                                                │
  │ Screenshots:  0                                                                                │
  │ Video:        false                                                                            │
  │ Duration:     12 seconds                                                                       │
  │ Spec Ran:     override-contract.cy.ts                                                          │
  └────────────────────────────────────────────────────────────────────────────────────────────────┘
====================================================================================================
  (Run Finished)
       Spec                                              Tests  Passing  Failing  Pending  Skipped  
  ┌────────────────────────────────────────────────────────────────────────────────────────────────┐
  │ ✖  design-system.cy.ts                      00:09       23       22        1        -        - │
  ├────────────────────────────────────────────────────────────────────────────────────────────────┤
  │ ✖  legibility-sweep.cy.ts                   00:07       46       45        1        -        - │
  ├────────────────────────────────────────────────────────────────────────────────────────────────┤
  │ ✔  override-contract.cy.ts                  00:12       77       77        -        -        - │
  └────────────────────────────────────────────────────────────────────────────────────────────────┘
    ✖  2 of 3 failed (67%)                      00:29      146      144        2        -        -  

 

 >  NX   Running target "retail-banking-e2e:e2e" failed

   Failed tasks:
   
   - retail-banking-e2e:e2e
   
   Hint: run the command with --verbose for more details.

