=== delete-rule-ov08 :: 2026-07-29T10:34:10Z ===

> bofa-digital-banking@0.0.0 visual
> docker run --rm -u $(id -u):$(id -g) -e HOME=/tmp -e CYPRESS_CACHE_FOLDER=/root/.cache/Cypress -v "$PWD/..":/w -w /w/bofa-digital-banking --entrypoint bash cypress/included@sha256:058d1834239bf09b381325b8369d05e9e0516a46b65b32e6dc0c991801dc517a -c 'npx nx e2e retail-banking-e2e --skip-nx-cache'


> nx run retail-banking-e2e:e2e

- Generating browser application bundles (phase: setup)...
✔ Browser application bundle generation complete.

Initial Chunk Files                                        | Names                    |  Raw Size
vendor.js                                                  | vendor                   |   4.97 MB | 
styles.css, styles.js                                      | styles                   | 315.33 kB | 
polyfills.js                                               | polyfills                | 239.94 kB | 
main.js                                                    | main                     | 148.25 kB | 
runtime.js                                                 | runtime                  |  12.61 kB | 

                                                           | Initial Total            |   5.67 MB

Lazy Chunk Files                                           | Names                    |  Raw Size
apps_retail-banking_src_app_showcase_showcase_module_ts.js | showcase-showcase-module |  47.78 kB | 

Build at: 2026-07-29T10:34:24.968Z - Hash: 20d402dfb429c749 - Time: 11610ms

** Angular Live Development Server is listening on localhost:4200, open your browser on http://localhost:4200/ **


✔ Compiled successfully.
libva error: vaGetDriverNameByIndex() failed with unknown libva error, driver_name = (null)
[218:0729/103425.771356:ERROR:gpu_memory_buffer_support_x11.cc(44)] dri3 extension not supported.
====================================================================================================
  (Run Starting)
  ┌────────────────────────────────────────────────────────────────────────────────────────────────┐
  │ Cypress:        10.11.0                                                                        │
  │ Browser:        Electron 106 (headless)                                                        │
  │ Node Version:   v16.16.0 (/usr/local/bin/node)                                                 │
  │ Specs:          3 found (design-system.cy.ts, legibility-sweep.cy.ts, override-contract.cy.ts) │
  │ Searched:       src/**/*.cy.{js,jsx,ts,tsx}                                                    │
  └────────────────────────────────────────────────────────────────────────────────────────────────┘
────────────────────────────────────────────────────────────────────────────────────────────────────
                                                                                                    
  Running:  design-system.cy.ts                                                             (1 of 3)

  design system — visual baseline
[visual] button-default: 0 px (budget 40)
    ✓ button renders to spec (855ms)
[visual] form-field-default: 0 px (budget 40)
    ✓ form-field renders to spec (381ms)
[visual] select-default: 0 px (budget 40)
    ✓ select renders to spec (310ms)
[visual] datepicker-default: 0 px (budget 40)
    ✓ datepicker renders to spec (453ms)
[visual] table-default: 0 px (budget 40)
    ✓ table renders to spec (351ms)
[visual] dialog-default: 0 px (budget 40)
    ✓ dialog renders to spec (380ms)
[visual] tabs-default: 0 px (budget 40)
    ✓ tabs renders to spec (400ms)
[visual] chips-default: 0 px (budget 40)
    ✓ chips renders to spec (389ms)
[visual] slide-toggle-default: 0 px (budget 40)
    ✓ slide-toggle renders to spec (405ms)
[visual] autocomplete-default: 0 px (budget 40)
    ✓ autocomplete renders to spec (372ms)
[visual] paginator-default: 0 px (budget 40)
    ✓ paginator renders to spec (347ms)
[visual] currency-input-default: 0 px (budget 40)
    ✓ currency-input renders to spec (397ms)
[visual] responsive-grid-default: 0 px (budget 40)
    ✓ responsive-grid renders to spec (328ms)
    ✓ form field renders its disabled and error states (134ms)
    ✓ button exposes a disabled state (100ms)
[visual] responsive-grid-md: 0 px (budget 40)
    ✓ responsive grid collapses below the md breakpoint (293ms)
[visual] responsive-grid-sm: 0 px (budget 40)
    ✓ responsive grid hides the detail pane below the sm breakpoint (396ms)
  design system — overlay and interaction states
[visual] dialog-open: 0 px (budget 40)
    ✓ opens the real dialog overlay (407ms)
[visual] select-panel-open: 0 px (budget 40)
    ✓ opens the select panel (401ms)
[visual] autocomplete-panel-open: 0 px (budget 40)
    ✓ opens the autocomplete panel (471ms)
[visual] datepicker-calendar-open: 0 px (budget 40)
    ✓ opens the datepicker calendar (427ms)
[visual] button-focus-ring: 0 px (budget 40)
    ✓ shows the keyboard focus ring on the primary button (313ms)
  retail banking — customer surface
[visual] accounts-dashboard: 0 px (budget 40)
    ✓ renders the accounts dashboard (410ms)
  23 passing (9s)
  (Results)
  ┌────────────────────────────────────────────────────────────────────────────────────────────────┐
  │ Tests:        23                                                                               │
  │ Passing:      23                                                                               │
  │ Failing:      0                                                                                │
  │ Pending:      0                                                                                │
  │ Skipped:      0                                                                                │
  │ Screenshots:  21                                                                               │
  │ Video:        false                                                                            │
  │ Duration:     8 seconds                                                                        │
  │ Spec Ran:     design-system.cy.ts                                                              │
  └────────────────────────────────────────────────────────────────────────────────────────────────┘
  (Screenshots)
  -  /w/bofa-digital-banking/dist/cypress/apps/retail-banking-e2e/screenshots/design-     (1280x720)
     system.cy.ts/vr__button-default.png                                                            
  -  /w/bofa-digital-banking/dist/cypress/apps/retail-banking-e2e/screenshots/design-     (1280x720)
     system.cy.ts/vr__form-field-default.png                                                        
  -  /w/bofa-digital-banking/dist/cypress/apps/retail-banking-e2e/screenshots/design-     (1280x720)
     system.cy.ts/vr__select-default.png                                                            
  -  /w/bofa-digital-banking/dist/cypress/apps/retail-banking-e2e/screenshots/design-     (1280x720)
     system.cy.ts/vr__datepicker-default.png                                                        
  -  /w/bofa-digital-banking/dist/cypress/apps/retail-banking-e2e/screenshots/design-     (1280x720)
     system.cy.ts/vr__table-default.png                                                             
  -  /w/bofa-digital-banking/dist/cypress/apps/retail-banking-e2e/screenshots/design-     (1280x720)
     system.cy.ts/vr__dialog-default.png                                                            
  -  /w/bofa-digital-banking/dist/cypress/apps/retail-banking-e2e/screenshots/design-     (1280x720)
     system.cy.ts/vr__tabs-default.png                                                              
  -  /w/bofa-digital-banking/dist/cypress/apps/retail-banking-e2e/screenshots/design-     (1280x720)
     system.cy.ts/vr__chips-default.png                                                             
  -  /w/bofa-digital-banking/dist/cypress/apps/retail-banking-e2e/screenshots/design-     (1280x720)
     system.cy.ts/vr__slide-toggle-default.png                                                      
  -  /w/bofa-digital-banking/dist/cypress/apps/retail-banking-e2e/screenshots/design-     (1280x720)
     system.cy.ts/vr__autocomplete-default.png                                                      
  -  /w/bofa-digital-banking/dist/cypress/apps/retail-banking-e2e/screenshots/design-     (1280x720)
     system.cy.ts/vr__paginator-default.png                                                         
  -  /w/bofa-digital-banking/dist/cypress/apps/retail-banking-e2e/screenshots/design-     (1280x720)
     system.cy.ts/vr__currency-input-default.png                                                    
  -  /w/bofa-digital-banking/dist/cypress/apps/retail-banking-e2e/screenshots/design-     (1280x720)
     system.cy.ts/vr__responsive-grid-default.png                                                   
  -  /w/bofa-digital-banking/dist/cypress/apps/retail-banking-e2e/screenshots/design-      (768x720)
     system.cy.ts/vr__responsive-grid-md.png                                                        
  -  /w/bofa-digital-banking/dist/cypress/apps/retail-banking-e2e/screenshots/design-      (560x720)
     system.cy.ts/vr__responsive-grid-sm.png                                                        
  -  /w/bofa-digital-banking/dist/cypress/apps/retail-banking-e2e/screenshots/design-     (1280x720)
     system.cy.ts/vr__dialog-open.png                                                               
  -  /w/bofa-digital-banking/dist/cypress/apps/retail-banking-e2e/screenshots/design-     (1280x720)
     system.cy.ts/vr__select-panel-open.png                                                         
  -  /w/bofa-digital-banking/dist/cypress/apps/retail-banking-e2e/screenshots/design-     (1280x720)
     system.cy.ts/vr__autocomplete-panel-open.png                                                   
  -  /w/bofa-digital-banking/dist/cypress/apps/retail-banking-e2e/screenshots/design-     (1280x720)
     system.cy.ts/vr__datepicker-calendar-open.png                                                  
  -  /w/bofa-digital-banking/dist/cypress/apps/retail-banking-e2e/screenshots/design-     (1280x720)
     system.cy.ts/vr__button-focus-ring.png                                                         
  -  /w/bofa-digital-banking/dist/cypress/apps/retail-banking-e2e/screenshots/design-     (1280x720)
     system.cy.ts/vr__accounts-dashboard.png                                                        
────────────────────────────────────────────────────────────────────────────────────────────────────
                                                                                                    
  Running:  legibility-sweep.cy.ts                                                          (2 of 3)

  legibility sweep — every visible text node (light)
    ✓ /accounts (customer dashboard): all text clears WCAG AA (624ms)
    ✓ /__showcase (index): all text clears WCAG AA (160ms)
    ✓ /sign-in: all text clears WCAG AA (110ms)
    ✓ /__showcase/button: all text clears WCAG AA (113ms)
    ✓ /__showcase/form-field: all text clears WCAG AA (113ms)
    ✓ /__showcase/select: all text clears WCAG AA (112ms)
    ✓ /__showcase/datepicker: all text clears WCAG AA (263ms)
    ✓ /__showcase/table: all text clears WCAG AA (190ms)
    ✓ /__showcase/dialog: all text clears WCAG AA (129ms)
    ✓ /__showcase/tabs: all text clears WCAG AA (110ms)
    ✓ /__showcase/chips: all text clears WCAG AA (94ms)
    ✓ /__showcase/slide-toggle: all text clears WCAG AA (128ms)
    ✓ /__showcase/autocomplete: all text clears WCAG AA (153ms)
    ✓ /__showcase/paginator: all text clears WCAG AA (221ms)
    ✓ /__showcase/currency-input: all text clears WCAG AA (121ms)
    ✓ /__showcase/responsive-grid: all text clears WCAG AA (144ms)
  legibility sweep — every visible text node (dark)
    ✓ /accounts (customer dashboard): all text clears WCAG AA (184ms)
    ✓ /__showcase (index): all text clears WCAG AA (103ms)
    ✓ /sign-in: all text clears WCAG AA (146ms)
    ✓ /__showcase/button: all text clears WCAG AA (106ms)
    ✓ /__showcase/form-field: all text clears WCAG AA (141ms)
    ✓ /__showcase/select: all text clears WCAG AA (101ms)
    ✓ /__showcase/datepicker: all text clears WCAG AA (156ms)
    ✓ /__showcase/table: all text clears WCAG AA (212ms)
    ✓ /__showcase/dialog: all text clears WCAG AA (170ms)
    ✓ /__showcase/tabs: all text clears WCAG AA (111ms)
    ✓ /__showcase/chips: all text clears WCAG AA (98ms)
    ✓ /__showcase/slide-toggle: all text clears WCAG AA (134ms)
    ✓ /__showcase/autocomplete: all text clears WCAG AA (114ms)
    ✓ /__showcase/paginator: all text clears WCAG AA (142ms)
    ✓ /__showcase/currency-input: all text clears WCAG AA (210ms)
    ✓ /__showcase/responsive-grid: all text clears WCAG AA (116ms)
  legibility sweep — the sweep itself
    ✓ measures a substantial number of nodes on a real route (170ms)
    ✓ catches illegible text planted on a swept route (148ms)
    ✓ catches an icon-only control whose glyph is invisible (113ms)
    ✓ composites a semi-transparent sibling painted over the text (98ms)
    ✓ does not report off-screen screen-reader-only text (139ms)
    ✓ fails text over artwork until the artwork is declared reviewed (142ms)
    ✓ ignores text that is hidden rather than reporting it as a defect (238ms)
  39 passing (6s)
  (Results)
  ┌────────────────────────────────────────────────────────────────────────────────────────────────┐
  │ Tests:        39                                                                               │
  │ Passing:      39                                                                               │
  │ Failing:      0                                                                                │
  │ Pending:      0                                                                                │
  │ Skipped:      0                                                                                │
  │ Screenshots:  0                                                                                │
  │ Video:        false                                                                            │
  │ Duration:     6 seconds                                                                        │
  │ Spec Ran:     legibility-sweep.cy.ts                                                           │
  └────────────────────────────────────────────────────────────────────────────────────────────────┘
────────────────────────────────────────────────────────────────────────────────────────────────────
                                                                                                    
  Running:  override-contract.cy.ts                                                         (3 of 3)

  design system — override contract (computed styles)
    ✓ OV-01: Disabled field label stays legible (WCAG AA) against the slate palette (563ms)
    ✓ OV-01b: Field underline uses the BoA slate rule, not the Material default (178ms)
    ✓ OV-01c: Disabled field *value* stays legible, not just its label (137ms)
    ✓ OV-01d: Validation copy uses the brand danger red, which clears AA (Material’s does not) (129ms)
    ✓ OV-02: Error text sits on a 20px line box so field height never jumps on validation (196ms)
    ✓ OV-03: Primary button is brand red with 8px optical icon/label spacing (158ms)
    ✓ OV-04: Keyboard focus ring is visible on white and on slate-50 (173ms)
    ✓ OV-05: Statement rows keep fixed heights so 50 rows paginate predictably in print (129ms)
    ✓ OV-05b: Currency figures use tabular numerals and right-align on the decimal (144ms)
    ✓ OV-05c: Header cells carry the slate-900 brand weight, not the Material grey (137ms)
    ✓ OV-05d: Zebra striping on even rows for statement scanability (113ms)
    ✓ OV-06: Sort arrow is dimmed until hover so it does not read as an active filter (207ms)
    ✓ OV-07: Active option in the account picker is tinted brand red, not Material grey (294ms)
    ✓ OV-08: Selected option is brand red, not accent navy (navy reads as a link here) (203ms)
    ✓ OV-09: Consent toggle is unambiguous at arm’s length on a tablet (116ms)
    ✓ OV-09b: A granted consent reads green, not brand red (129ms)
    ✓ OV-10: Section ink bar is legible on a 4K branch display (140ms)
    ✓ OV-10b: The active section label is the brand accent and stays readable in both palettes (124ms)
    ✓ OV-11: Category chips keep a 28px rhythm inside the filter drawer (182ms)
    ✓ OV-12: Step-up dialog matches the mobile MFA modal: tight padding, squared corners (237ms)
    ✓ OV-12b: A short confirmation body never acquires an inner scrollbar (181ms)
    ✓ OV-13: Selected day is brand red; today is outlined, not a second filled circle (313ms)
    ✓ OV-14: Range label stays on screen on a 1280px branch terminal (149ms)
    ✓ OV-15: Payee panel never covers the Confirmation of Payee copy (268ms)
    ✓ OV-16: Amount entry right-aligns on tabular numerals (117ms)
    ✓ OV-17: Compact density is materially shorter than the default field (209ms)
    ✓ OV-18: Legacy shell embeds tabs without a second divider line (118ms)
  design system — override contract (dark surface)
    ✓ the dark surface is actually dark (else every probe below is vacuous) (251ms)
    ✓ OV-01c [dark]: Disabled field *value* stays legible, not just its label (112ms)
    ✓ OV-01d [dark]: Validation copy uses the brand danger red, which clears AA (Material’s does not) (102ms)
    ✓ OV-05c [dark]: Header cells carry the slate-900 brand weight, not the Material grey (118ms)
    ✓ OV-05d [dark]: Zebra striping on even rows for statement scanability (100ms)
    ✓ OV-07 [dark]: Active option in the account picker is tinted brand red, not Material grey (264ms)
    ✓ OV-10 [dark]: Section ink bar is legible on a 4K branch display (127ms)
    ✓ OV-10b [dark]: The active section label is the brand accent and stays readable in both palettes (232ms)
    ✓ OV-11 [dark]: Category chips keep a 28px rhythm inside the filter drawer (163ms)
    ✓ OV-15 [dark]: Payee panel never covers the Confirmation of Payee copy (269ms)
    ✓ OV-17 [dark]: Compact density is materially shorter than the default field (110ms)
    ✓ OV-18 [dark]: Legacy shell embeds tabs without a second divider line (109ms)
  design system — legibility (WCAG AA, light surface)
    ✓ statement table: even (striped) row clears 4.5:1 (129ms)
    ✓ statement table: odd row clears 4.5:1 (135ms)
    ✓ statement table: header cell clears 4.5:1 (235ms)
    ✓ form field: field label clears 4.5:1 (109ms)
    ✓ form field: entered value clears 4.5:1 (108ms)
    ✓ form field: hint clears 4.5:1 (129ms)
    ✓ form field: disabled value clears 4.5:1 (100ms)
    ✓ form field: error message clears 4.5:1 (110ms)
    ✓ tabs: inactive tab label clears 4.5:1 (113ms)
    ✓ tabs: active tab label clears 4.5:1 (114ms)
    ✓ select: trigger text clears 4.5:1 (234ms)
    ✓ chips: chip label clears 4.5:1 (103ms)
    ✓ paginator: range label clears 4.5:1 (111ms)
    ✓ currency input: amount clears 4.5:1 (106ms)
    ✓ tabs: the active-section ink bar clears 3:1 (non-text contrast) (121ms)
    ✓ datepicker: the toggle glyph clears 3:1 (non-text contrast) (227ms)
  design system — legibility (WCAG AA, dark surface)
    ✓ statement table: even (striped) row clears 4.5:1 (157ms)
    ✓ statement table: odd row clears 4.5:1 (127ms)
    ✓ statement table: header cell clears 4.5:1 (115ms)
    ✓ form field: field label clears 4.5:1 (139ms)
    ✓ form field: entered value clears 4.5:1 (107ms)
    ✓ form field: hint clears 4.5:1 (104ms)
    ✓ form field: disabled value clears 4.5:1 (115ms)
    ✓ form field: error message clears 4.5:1 (104ms)
    ✓ tabs: inactive tab label clears 4.5:1 (113ms)
    ✓ tabs: active tab label clears 4.5:1 (102ms)
    ✓ select: trigger text clears 4.5:1 (99ms)
    ✓ chips: chip label clears 4.5:1 (99ms)
    ✓ paginator: range label clears 4.5:1 (126ms)
    ✓ currency input: amount clears 4.5:1 (139ms)
    ✓ tabs: the active-section ink bar clears 3:1 (non-text contrast) (174ms)
    ✓ datepicker: the toggle glyph clears 3:1 (non-text contrast) (108ms)
  design system — the contrast oracle itself
    ✓ a fully transparent chain resolves to the canvas, not to opaque black (119ms)
    ✓ composites a semi-transparent foreground instead of treating it as opaque (108ms)
    ✓ composites a semi-transparent background over the layer behind it (242ms)
    ✓ agrees with the published figure on a known opaque pair (111ms)
    ✓ folds an ancestor `opacity` into the layer instead of ignoring it (108ms)
    ✓ refuses to score text over a gradient rather than reporting the canvas (119ms)
  77 passing (12s)
  (Results)
  ┌────────────────────────────────────────────────────────────────────────────────────────────────┐
  │ Tests:        77                                                                               │
  │ Passing:      77                                                                               │
  │ Failing:      0                                                                                │
  │ Pending:      0                                                                                │
  │ Skipped:      0                                                                                │
  │ Screenshots:  0                                                                                │
  │ Video:        false                                                                            │
  │ Duration:     12 seconds                                                                       │
  │ Spec Ran:     override-contract.cy.ts                                                          │
  └────────────────────────────────────────────────────────────────────────────────────────────────┘
====================================================================================================
  (Run Finished)
       Spec                                              Tests  Passing  Failing  Pending  Skipped  
  ┌────────────────────────────────────────────────────────────────────────────────────────────────┐
  │ ✔  design-system.cy.ts                      00:08       23       23        -        -        - │
  ├────────────────────────────────────────────────────────────────────────────────────────────────┤
  │ ✔  legibility-sweep.cy.ts                   00:06       39       39        -        -        - │
  ├────────────────────────────────────────────────────────────────────────────────────────────────┤
  │ ✔  override-contract.cy.ts                  00:12       77       77        -        -        - │
  └────────────────────────────────────────────────────────────────────────────────────────────────┘
    ✔  All specs passed!                        00:27      139      139        -        -        -  

 

 >  NX   Successfully ran target e2e for project retail-banking-e2e


