=== delete-rule-ov01d :: 2026-07-29T08:54:23Z ===

> bofa-digital-banking@0.0.0 visual
> docker run --rm -u $(id -u):$(id -g) -e HOME=/tmp -e CYPRESS_CACHE_FOLDER=/root/.cache/Cypress -v "$PWD/..":/w -w /w/bofa-digital-banking --entrypoint bash cypress/included@sha256:058d1834239bf09b381325b8369d05e9e0516a46b65b32e6dc0c991801dc517a -c 'npx nx e2e retail-banking-e2e --skip-nx-cache'


> nx run retail-banking-e2e:e2e

- Generating browser application bundles (phase: setup)...
✔ Browser application bundle generation complete.

Initial Chunk Files                                        | Names                    |  Raw Size
vendor.js                                                  | vendor                   |   4.97 MB | 
styles.css, styles.js                                      | styles                   | 315.37 kB | 
polyfills.js                                               | polyfills                | 239.94 kB | 
main.js                                                    | main                     | 147.92 kB | 
runtime.js                                                 | runtime                  |  12.61 kB | 

                                                           | Initial Total            |   5.67 MB

Lazy Chunk Files                                           | Names                    |  Raw Size
apps_retail-banking_src_app_showcase_showcase_module_ts.js | showcase-showcase-module |  47.78 kB | 

Build at: 2026-07-29T08:54:37.098Z - Hash: b33200d3e06f0a96 - Time: 11416ms

** Angular Live Development Server is listening on localhost:4200, open your browser on http://localhost:4200/ **


✔ Compiled successfully.
libva error: vaGetDriverNameByIndex() failed with unknown libva error, driver_name = (null)
[219:0729/085437.994583:ERROR:gpu_memory_buffer_support_x11.cc(44)] dri3 extension not supported.
====================================================================================================
  (Run Starting)
  ┌────────────────────────────────────────────────────────────────────────────────────────────────┐
  │ Cypress:        10.11.0                                                                        │
  │ Browser:        Electron 106 (headless)                                                        │
  │ Node Version:   v16.16.0 (/usr/local/bin/node)                                                 │
  │ Specs:          3 found (design-system.cy.ts, legibility-sweep.cy.ts, override-contract.cy.ts) │
  │ Searched:       src/**/*.cy.{js,jsx,ts,tsx}                                                    │
  └────────────────────────────────────────────────────────────────────────────────────────────────┘
────────────────────────────────────────────────────────────────────────────────────────────────────
                                                                                                    
  Running:  design-system.cy.ts                                                             (1 of 3)

  design system — visual baseline
[visual] button-default: 0 px (budget 40)
    ✓ button renders to spec (807ms)
[visual] form-field-default: 201 px (budget 40)
    1) form-field renders to spec
[visual] select-default: 0 px (budget 40)
    ✓ select renders to spec (343ms)
[visual] datepicker-default: 0 px (budget 40)
    ✓ datepicker renders to spec (317ms)
[visual] table-default: 0 px (budget 40)
    ✓ table renders to spec (389ms)
[visual] dialog-default: 0 px (budget 40)
    ✓ dialog renders to spec (384ms)
[visual] tabs-default: 0 px (budget 40)
    ✓ tabs renders to spec (406ms)
[visual] chips-default: 0 px (budget 40)
    ✓ chips renders to spec (609ms)
[visual] slide-toggle-default: 0 px (budget 40)
    ✓ slide-toggle renders to spec (446ms)
[visual] autocomplete-default: 0 px (budget 40)
    ✓ autocomplete renders to spec (403ms)
[visual] paginator-default: 0 px (budget 40)
    ✓ paginator renders to spec (400ms)
[visual] currency-input-default: 0 px (budget 40)
    ✓ currency-input renders to spec (336ms)
[visual] responsive-grid-default: 0 px (budget 40)
    ✓ responsive-grid renders to spec (338ms)
    ✓ form field renders its disabled and error states (145ms)
    ✓ button exposes a disabled state (110ms)
[visual] responsive-grid-md: 0 px (budget 40)
    ✓ responsive grid collapses below the md breakpoint (288ms)
[visual] responsive-grid-sm: 0 px (budget 40)
    ✓ responsive grid hides the detail pane below the sm breakpoint (422ms)
  design system — overlay and interaction states
[visual] dialog-open: 0 px (budget 40)
    ✓ opens the real dialog overlay (455ms)
[visual] select-panel-open: 0 px (budget 40)
    ✓ opens the select panel (426ms)
[visual] autocomplete-panel-open: 0 px (budget 40)
    ✓ opens the autocomplete panel (488ms)
[visual] datepicker-calendar-open: 0 px (budget 40)
    ✓ opens the datepicker calendar (441ms)
[visual] button-focus-ring: 0 px (budget 40)
    ✓ shows the keyboard focus ring on the primary button (353ms)
  retail banking — customer surface
[visual] accounts-dashboard: 0 px (budget 40)
    ✓ renders the accounts dashboard (387ms)
  22 passing (9s)
  1 failing
  1) design system — visual baseline
       form-field renders to spec:
     Error: Visual regression on form-field-default: 201 pixels differ (0.022%). Diff written to /w/bofa-digital-banking/apps/retail-banking-e2e/visual-diffs/form-field-default.diff.png. Explain the change in the PR or fix it. Do not re-baseline to make this pass.
      at Context.eval (webpack:///./src/support/commands.ts:59:14)

  (Results)
  ┌────────────────────────────────────────────────────────────────────────────────────────────────┐
  │ Tests:        23                                                                               │
  │ Passing:      22                                                                               │
  │ Failing:      1                                                                                │
  │ Pending:      0                                                                                │
  │ Skipped:      0                                                                                │
  │ Screenshots:  21                                                                               │
  │ Video:        false                                                                            │
  │ Duration:     9 seconds                                                                        │
  │ Spec Ran:     design-system.cy.ts                                                              │
  └────────────────────────────────────────────────────────────────────────────────────────────────┘
  (Screenshots)
  -  /w/bofa-digital-banking/dist/cypress/apps/retail-banking-e2e/screenshots/design-     (1280x720)
     system.cy.ts/vr__button-default.png                                                            
  -  /w/bofa-digital-banking/dist/cypress/apps/retail-banking-e2e/screenshots/design-     (1280x720)
     system.cy.ts/vr__form-field-default.png                                                        
  -  /w/bofa-digital-banking/dist/cypress/apps/retail-banking-e2e/screenshots/design-     (1280x720)
     system.cy.ts/vr__select-default.png                                                            
  -  /w/bofa-digital-banking/dist/cypress/apps/retail-banking-e2e/screenshots/design-     (1280x720)
     system.cy.ts/vr__datepicker-default.png                                                        
  -  /w/bofa-digital-banking/dist/cypress/apps/retail-banking-e2e/screenshots/design-     (1280x720)
     system.cy.ts/vr__table-default.png                                                             
  -  /w/bofa-digital-banking/dist/cypress/apps/retail-banking-e2e/screenshots/design-     (1280x720)
     system.cy.ts/vr__dialog-default.png                                                            
  -  /w/bofa-digital-banking/dist/cypress/apps/retail-banking-e2e/screenshots/design-     (1280x720)
     system.cy.ts/vr__tabs-default.png                                                              
  -  /w/bofa-digital-banking/dist/cypress/apps/retail-banking-e2e/screenshots/design-     (1280x720)
     system.cy.ts/vr__chips-default.png                                                             
  -  /w/bofa-digital-banking/dist/cypress/apps/retail-banking-e2e/screenshots/design-     (1280x720)
     system.cy.ts/vr__slide-toggle-default.png                                                      
  -  /w/bofa-digital-banking/dist/cypress/apps/retail-banking-e2e/screenshots/design-     (1280x720)
     system.cy.ts/vr__autocomplete-default.png                                                      
  -  /w/bofa-digital-banking/dist/cypress/apps/retail-banking-e2e/screenshots/design-     (1280x720)
     system.cy.ts/vr__paginator-default.png                                                         
  -  /w/bofa-digital-banking/dist/cypress/apps/retail-banking-e2e/screenshots/design-     (1280x720)
     system.cy.ts/vr__currency-input-default.png                                                    
  -  /w/bofa-digital-banking/dist/cypress/apps/retail-banking-e2e/screenshots/design-     (1280x720)
     system.cy.ts/vr__responsive-grid-default.png                                                   
  -  /w/bofa-digital-banking/dist/cypress/apps/retail-banking-e2e/screenshots/design-      (768x720)
     system.cy.ts/vr__responsive-grid-md.png                                                        
  -  /w/bofa-digital-banking/dist/cypress/apps/retail-banking-e2e/screenshots/design-      (560x720)
     system.cy.ts/vr__responsive-grid-sm.png                                                        
  -  /w/bofa-digital-banking/dist/cypress/apps/retail-banking-e2e/screenshots/design-     (1280x720)
     system.cy.ts/vr__dialog-open.png                                                               
  -  /w/bofa-digital-banking/dist/cypress/apps/retail-banking-e2e/screenshots/design-     (1280x720)
     system.cy.ts/vr__select-panel-open.png                                                         
  -  /w/bofa-digital-banking/dist/cypress/apps/retail-banking-e2e/screenshots/design-     (1280x720)
     system.cy.ts/vr__autocomplete-panel-open.png                                                   
  -  /w/bofa-digital-banking/dist/cypress/apps/retail-banking-e2e/screenshots/design-     (1280x720)
     system.cy.ts/vr__datepicker-calendar-open.png                                                  
  -  /w/bofa-digital-banking/dist/cypress/apps/retail-banking-e2e/screenshots/design-     (1280x720)
     system.cy.ts/vr__button-focus-ring.png                                                         
  -  /w/bofa-digital-banking/dist/cypress/apps/retail-banking-e2e/screenshots/design-     (1280x720)
     system.cy.ts/vr__accounts-dashboard.png                                                        
────────────────────────────────────────────────────────────────────────────────────────────────────
                                                                                                    
  Running:  legibility-sweep.cy.ts                                                          (2 of 3)

  legibility sweep — every visible text node (light)
    ✓ /accounts (customer dashboard): all text clears WCAG AA (686ms)
    ✓ /__showcase (index): all text clears WCAG AA (190ms)
    ✓ /sign-in: all text clears WCAG AA (116ms)
    ✓ /__showcase/button: all text clears WCAG AA (117ms)
    1) /__showcase/form-field: all text clears WCAG AA
    ✓ /__showcase/select: all text clears WCAG AA (129ms)
    ✓ /__showcase/datepicker: all text clears WCAG AA (149ms)
    ✓ /__showcase/table: all text clears WCAG AA (160ms)
    ✓ /__showcase/dialog: all text clears WCAG AA (111ms)
    ✓ /__showcase/tabs: all text clears WCAG AA (107ms)
    ✓ /__showcase/chips: all text clears WCAG AA (111ms)
    ✓ /__showcase/slide-toggle: all text clears WCAG AA (223ms)
    ✓ /__showcase/autocomplete: all text clears WCAG AA (139ms)
    ✓ /__showcase/paginator: all text clears WCAG AA (111ms)
    ✓ /__showcase/currency-input: all text clears WCAG AA (102ms)
    ✓ /__showcase/responsive-grid: all text clears WCAG AA (109ms)
  legibility sweep — every visible text node (dark)
    ✓ /accounts (customer dashboard): all text clears WCAG AA (181ms)
    ✓ /__showcase (index): all text clears WCAG AA (110ms)
    ✓ /sign-in: all text clears WCAG AA (220ms)
    ✓ /__showcase/button: all text clears WCAG AA (156ms)
    ✓ /__showcase/form-field: all text clears WCAG AA (116ms)
    ✓ /__showcase/select: all text clears WCAG AA (115ms)
    ✓ /__showcase/datepicker: all text clears WCAG AA (117ms)
    ✓ /__showcase/table: all text clears WCAG AA (103ms)
    ✓ /__showcase/dialog: all text clears WCAG AA (107ms)
    ✓ /__showcase/tabs: all text clears WCAG AA (233ms)
    ✓ /__showcase/chips: all text clears WCAG AA (138ms)
    ✓ /__showcase/slide-toggle: all text clears WCAG AA (115ms)
    ✓ /__showcase/autocomplete: all text clears WCAG AA (116ms)
    ✓ /__showcase/paginator: all text clears WCAG AA (107ms)
    ✓ /__showcase/currency-input: all text clears WCAG AA (116ms)
    ✓ /__showcase/responsive-grid: all text clears WCAG AA (121ms)
  legibility sweep — the sweep itself
    ✓ measures a substantial number of nodes on a real route (166ms)
    ✓ catches illegible text planted on a swept route (136ms)
    ✓ ignores text that is hidden rather than reporting it as a defect (133ms)
  34 passing (5s)
  1 failing
  1) legibility sweep — every visible text node (light)
       /__showcase/form-field: all text clears WCAG AA:
     AssertionError: 1 illegible text node(s) on /__showcase/form-field (light):
  mat-error.mat-error "Enter a nickname" — 3.68:1, needs 4.5:1 (rgb(244, 67, 54) → rgb(244, 67, 54) on rgb(255, 255, 255))
: expected [ Array(1) ] to have a length of 0 but got 1
      at Context.eval (webpack:///./src/e2e/legibility-sweep.cy.ts:80:20)

  (Results)
  ┌────────────────────────────────────────────────────────────────────────────────────────────────┐
  │ Tests:        35                                                                               │
  │ Passing:      34                                                                               │
  │ Failing:      1                                                                                │
  │ Pending:      0                                                                                │
  │ Skipped:      0                                                                                │
  │ Screenshots:  0                                                                                │
  │ Video:        false                                                                            │
  │ Duration:     5 seconds                                                                        │
  │ Spec Ran:     legibility-sweep.cy.ts                                                           │
  └────────────────────────────────────────────────────────────────────────────────────────────────┘
────────────────────────────────────────────────────────────────────────────────────────────────────
                                                                                                    
  Running:  override-contract.cy.ts                                                         (3 of 3)

  design system — override contract (computed styles)
    ✓ OV-01: Disabled field label stays legible (WCAG AA) against the slate palette (517ms)
    ✓ OV-01b: Field underline uses the BoA slate rule, not the Material default (161ms)
    ✓ OV-01c: Disabled field *value* stays legible, not just its label (130ms)
    1) OV-01d: Validation copy uses the brand danger red, which clears AA (Material’s does not)
    ✓ OV-02: Error text sits on a 20px line box so field height never jumps on validation (372ms)
    ✓ OV-03: Primary button is brand red with 8px optical icon/label spacing (204ms)
    ✓ OV-04: Keyboard focus ring is visible on white and on slate-50 (218ms)
    ✓ OV-05: Statement rows keep fixed heights so 50 rows paginate predictably in print (196ms)
    ✓ OV-05b: Currency figures use tabular numerals and right-align on the decimal (158ms)
    ✓ OV-05c: Header cells carry the slate-900 brand weight, not the Material grey (156ms)
    ✓ OV-05d: Zebra striping on even rows for statement scanability (121ms)
    ✓ OV-06: Sort arrow is dimmed until hover so it does not read as an active filter (201ms)
    ✓ OV-07: Active option in the account picker is tinted brand red, not Material grey (306ms)
    ✓ OV-08: Selected option is brand red, not accent navy (navy reads as a link here) (196ms)
    ✓ OV-09: Consent toggle is unambiguous at arm’s length on a tablet (104ms)
    ✓ OV-09b: A granted consent reads green, not brand red (109ms)
    ✓ OV-10: Section ink bar is legible on a 4K branch display (118ms)
    ✓ OV-10b: The active section label is the brand accent and stays readable in both palettes (141ms)
    ✓ OV-11: Category chips keep a 28px rhythm inside the filter drawer (188ms)
    ✓ OV-12: Step-up dialog matches the mobile MFA modal: tight padding, squared corners (250ms)
    ✓ OV-12b: A short confirmation body never acquires an inner scrollbar (190ms)
    ✓ OV-13: Selected day is brand red; today is outlined, not a second filled circle (232ms)
    ✓ OV-14: Range label stays on screen on a 1280px branch terminal (126ms)
    ✓ OV-15: Payee panel never covers the Confirmation of Payee copy (267ms)
    ✓ OV-16: Amount entry right-aligns on tabular numerals (105ms)
    ✓ OV-17: Compact density is materially shorter than the default field (123ms)
    ✓ OV-18: Legacy shell embeds tabs without a second divider line (112ms)
  design system — override contract (dark surface)
    ✓ the dark surface is actually dark (else every probe below is vacuous) (392ms)
    ✓ OV-01c [dark]: Disabled field *value* stays legible, not just its label (272ms)
    ✓ OV-01d [dark]: Validation copy uses the brand danger red, which clears AA (Material’s does not) (217ms)
    ✓ OV-05c [dark]: Header cells carry the slate-900 brand weight, not the Material grey (162ms)
    ✓ OV-05d [dark]: Zebra striping on even rows for statement scanability (144ms)
    ✓ OV-07 [dark]: Active option in the account picker is tinted brand red, not Material grey (303ms)
    ✓ OV-10 [dark]: Section ink bar is legible on a 4K branch display (292ms)
    ✓ OV-10b [dark]: The active section label is the brand accent and stays readable in both palettes (167ms)
    ✓ OV-11 [dark]: Category chips keep a 28px rhythm inside the filter drawer (165ms)
    ✓ OV-15 [dark]: Payee panel never covers the Confirmation of Payee copy (284ms)
    ✓ OV-17 [dark]: Compact density is materially shorter than the default field (172ms)
    ✓ OV-18 [dark]: Legacy shell embeds tabs without a second divider line (135ms)
  design system — legibility (WCAG AA, light surface)
    ✓ statement table: even (striped) row clears 4.5:1 (137ms)
    ✓ statement table: odd row clears 4.5:1 (131ms)
    ✓ statement table: header cell clears 4.5:1 (111ms)
    ✓ form field: field label clears 4.5:1 (247ms)
    ✓ form field: entered value clears 4.5:1 (117ms)
    ✓ form field: hint clears 4.5:1 (108ms)
    ✓ form field: disabled value clears 4.5:1 (119ms)
    2) form field: error message clears 4.5:1
    ✓ tabs: inactive tab label clears 4.5:1 (125ms)
    ✓ tabs: active tab label clears 4.5:1 (123ms)
    ✓ select: trigger text clears 4.5:1 (265ms)
    ✓ chips: chip label clears 4.5:1 (264ms)
    ✓ paginator: range label clears 4.5:1 (132ms)
    ✓ currency input: amount clears 4.5:1 (106ms)
    ✓ tabs: the active-section ink bar clears 3:1 (non-text contrast) (128ms)
    ✓ datepicker: the toggle glyph clears 3:1 (non-text contrast) (108ms)
  design system — legibility (WCAG AA, dark surface)
    ✓ statement table: even (striped) row clears 4.5:1 (124ms)
    ✓ statement table: odd row clears 4.5:1 (235ms)
    ✓ statement table: header cell clears 4.5:1 (125ms)
    ✓ form field: field label clears 4.5:1 (116ms)
    ✓ form field: entered value clears 4.5:1 (115ms)
    ✓ form field: hint clears 4.5:1 (123ms)
    ✓ form field: disabled value clears 4.5:1 (151ms)
    ✓ form field: error message clears 4.5:1 (115ms)
    ✓ tabs: inactive tab label clears 4.5:1 (211ms)
    ✓ tabs: active tab label clears 4.5:1 (150ms)
    ✓ select: trigger text clears 4.5:1 (110ms)
    ✓ chips: chip label clears 4.5:1 (105ms)
    ✓ paginator: range label clears 4.5:1 (111ms)
    ✓ currency input: amount clears 4.5:1 (120ms)
    ✓ tabs: the active-section ink bar clears 3:1 (non-text contrast) (113ms)
    ✓ datepicker: the toggle glyph clears 3:1 (non-text contrast) (180ms)
  design system — the contrast oracle itself
    ✓ a fully transparent chain resolves to the canvas, not to opaque black (153ms)
    ✓ composites a semi-transparent foreground instead of treating it as opaque (114ms)
    ✓ composites a semi-transparent background over the layer behind it (108ms)
    ✓ agrees with the published figure on a known opaque pair (112ms)
    ✓ folds an ancestor `opacity` into the layer instead of ignoring it (112ms)
    ✓ refuses to score text over a gradient rather than reporting the canvas (111ms)
  75 passing (24s)
  2 failing
  1) design system — override contract (computed styles)
       OV-01d: Validation copy uses the brand danger red, which clears AA (Material’s does not):
      Timed out retrying after 10000ms
      + expected - actual
      -'rgb(244, 67, 54)'
      +'rgb(176, 0, 32)'
      
      at eval (webpack:///./src/e2e/override-contract.cy.ts:78:25)
  at Array.forEach (<anonymous>)
      at assertProbe (webpack:///./src/e2e/override-contract.cy.ts:77:27)
      at Context.eval (webpack:///./src/e2e/override-contract.cy.ts:84:45)

  2) design system — legibility (WCAG AA, light surface)
       form field: error message clears 4.5:1:
      AssertionError: form field / error message[0]: rgb(244, 67, 54) → rgb(244, 67, 54) on rgb(255, 255, 255): expected 3.6824341707473893 to be at least 4.5
      + expected - actual
      -3.6824341707473893
      +4.5
      
      at Context.eval (webpack:///./src/e2e/override-contract.cy.ts:168:79)

  (Results)
  ┌────────────────────────────────────────────────────────────────────────────────────────────────┐
  │ Tests:        77                                                                               │
  │ Passing:      75                                                                               │
  │ Failing:      2                                                                                │
  │ Pending:      0                                                                                │
  │ Skipped:      0                                                                                │
  │ Screenshots:  0                                                                                │
  │ Video:        false                                                                            │
  │ Duration:     23 seconds                                                                       │
  │ Spec Ran:     override-contract.cy.ts                                                          │
  └────────────────────────────────────────────────────────────────────────────────────────────────┘
====================================================================================================
  (Run Finished)
       Spec                                              Tests  Passing  Failing  Pending  Skipped  
  ┌────────────────────────────────────────────────────────────────────────────────────────────────┐
  │ ✖  design-system.cy.ts                      00:09       23       22        1        -        - │
  ├────────────────────────────────────────────────────────────────────────────────────────────────┤
  │ ✖  legibility-sweep.cy.ts                   00:05       35       34        1        -        - │
  ├────────────────────────────────────────────────────────────────────────────────────────────────┤
  │ ✖  override-contract.cy.ts                  00:23       77       75        2        -        - │
  └────────────────────────────────────────────────────────────────────────────────────────────────┘
    ✖  3 of 3 failed (100%)                     00:38      135      131        4        -        -  

 

 >  NX   Running target "retail-banking-e2e:e2e" failed

   Failed tasks:
   
   - retail-banking-e2e:e2e
   
   Hint: run the command with --verbose for more details.

