=== delete-rule-dark-surface :: 2026-07-29T11:52:01Z ===

> bofa-digital-banking@0.0.0 visual
> docker run --rm -u $(id -u):$(id -g) -e HOME=/tmp -e CYPRESS_CACHE_FOLDER=/root/.cache/Cypress -v "$PWD/..":/w -w /w/bofa-digital-banking --entrypoint bash cypress/included@sha256:058d1834239bf09b381325b8369d05e9e0516a46b65b32e6dc0c991801dc517a -c 'npx nx e2e retail-banking-e2e --skip-nx-cache'


> nx run retail-banking-e2e:e2e

- Generating browser application bundles (phase: setup)...
✔ Browser application bundle generation complete.

Initial Chunk Files                                        | Names                    |  Raw Size
vendor.js                                                  | vendor                   |   4.97 MB | 
styles.css, styles.js                                      | styles                   | 315.36 kB | 
polyfills.js                                               | polyfills                | 239.94 kB | 
main.js                                                    | main                     | 148.25 kB | 
runtime.js                                                 | runtime                  |  12.61 kB | 

                                                           | Initial Total            |   5.67 MB

Lazy Chunk Files                                           | Names                    |  Raw Size
apps_retail-banking_src_app_showcase_showcase_module_ts.js | showcase-showcase-module |  47.78 kB | 

Build at: 2026-07-29T11:52:17.681Z - Hash: ac8b211c01f076f1 - Time: 12926ms

** Angular Live Development Server is listening on localhost:4200, open your browser on http://localhost:4200/ **


✔ Compiled successfully.
libva error: vaGetDriverNameByIndex() failed with unknown libva error, driver_name = (null)
[221:0729/115218.485962:ERROR:gpu_memory_buffer_support_x11.cc(44)] dri3 extension not supported.
====================================================================================================
  (Run Starting)
  ┌────────────────────────────────────────────────────────────────────────────────────────────────┐
  │ Cypress:        10.11.0                                                                        │
  │ Browser:        Electron 106 (headless)                                                        │
  │ Node Version:   v16.16.0 (/usr/local/bin/node)                                                 │
  │ Specs:          3 found (design-system.cy.ts, legibility-sweep.cy.ts, override-contract.cy.ts) │
  │ Searched:       src/**/*.cy.{js,jsx,ts,tsx}                                                    │
  └────────────────────────────────────────────────────────────────────────────────────────────────┘
────────────────────────────────────────────────────────────────────────────────────────────────────
                                                                                                    
  Running:  design-system.cy.ts                                                             (1 of 3)

  design system — visual baseline
[visual] button-default: 0 px (budget 40)
    ✓ button renders to spec (866ms)
[visual] form-field-default: 0 px (budget 40)
    ✓ form-field renders to spec (420ms)
[visual] select-default: 0 px (budget 40)
    ✓ select renders to spec (524ms)
[visual] datepicker-default: 0 px (budget 40)
    ✓ datepicker renders to spec (340ms)
[visual] table-default: 0 px (budget 40)
    ✓ table renders to spec (443ms)
[visual] dialog-default: 0 px (budget 40)
    ✓ dialog renders to spec (379ms)
[visual] tabs-default: 0 px (budget 40)
    ✓ tabs renders to spec (514ms)
[visual] chips-default: 0 px (budget 40)
    ✓ chips renders to spec (393ms)
[visual] slide-toggle-default: 0 px (budget 40)
    ✓ slide-toggle renders to spec (342ms)
[visual] autocomplete-default: 0 px (budget 40)
    ✓ autocomplete renders to spec (373ms)
[visual] paginator-default: 0 px (budget 40)
    ✓ paginator renders to spec (347ms)
[visual] currency-input-default: 0 px (budget 40)
    ✓ currency-input renders to spec (345ms)
[visual] responsive-grid-default: 0 px (budget 40)
    ✓ responsive-grid renders to spec (322ms)
    ✓ form field renders its disabled and error states (217ms)
    ✓ button exposes a disabled state (134ms)
[visual] responsive-grid-md: 0 px (budget 40)
    ✓ responsive grid collapses below the md breakpoint (347ms)
[visual] responsive-grid-sm: 0 px (budget 40)
    ✓ responsive grid hides the detail pane below the sm breakpoint (283ms)
  design system — overlay and interaction states
[visual] dialog-open: 0 px (budget 40)
    ✓ opens the real dialog overlay (446ms)
[visual] select-panel-open: 0 px (budget 40)
    ✓ opens the select panel (405ms)
[visual] autocomplete-panel-open: 0 px (budget 40)
    ✓ opens the autocomplete panel (471ms)
[visual] datepicker-calendar-open: 0 px (budget 40)
    ✓ opens the datepicker calendar (466ms)
[visual] button-focus-ring: 0 px (budget 40)
    ✓ shows the keyboard focus ring on the primary button (545ms)
  retail banking — customer surface
[visual] accounts-dashboard: 0 px (budget 40)
    ✓ renders the accounts dashboard (501ms)
  23 passing (10s)
  (Results)
  ┌────────────────────────────────────────────────────────────────────────────────────────────────┐
  │ Tests:        23                                                                               │
  │ Passing:      23                                                                               │
  │ Failing:      0                                                                                │
  │ Pending:      0                                                                                │
  │ Skipped:      0                                                                                │
  │ Screenshots:  21                                                                               │
  │ Video:        false                                                                            │
  │ Duration:     9 seconds                                                                        │
  │ Spec Ran:     design-system.cy.ts                                                              │
  └────────────────────────────────────────────────────────────────────────────────────────────────┘
  (Screenshots)
  -  /w/bofa-digital-banking/dist/cypress/apps/retail-banking-e2e/screenshots/design-     (1280x720)
     system.cy.ts/vr__button-default.png                                                            
  -  /w/bofa-digital-banking/dist/cypress/apps/retail-banking-e2e/screenshots/design-     (1280x720)
     system.cy.ts/vr__form-field-default.png                                                        
  -  /w/bofa-digital-banking/dist/cypress/apps/retail-banking-e2e/screenshots/design-     (1280x720)
     system.cy.ts/vr__select-default.png                                                            
  -  /w/bofa-digital-banking/dist/cypress/apps/retail-banking-e2e/screenshots/design-     (1280x720)
     system.cy.ts/vr__datepicker-default.png                                                        
  -  /w/bofa-digital-banking/dist/cypress/apps/retail-banking-e2e/screenshots/design-     (1280x720)
     system.cy.ts/vr__table-default.png                                                             
  -  /w/bofa-digital-banking/dist/cypress/apps/retail-banking-e2e/screenshots/design-     (1280x720)
     system.cy.ts/vr__dialog-default.png                                                            
  -  /w/bofa-digital-banking/dist/cypress/apps/retail-banking-e2e/screenshots/design-     (1280x720)
     system.cy.ts/vr__tabs-default.png                                                              
  -  /w/bofa-digital-banking/dist/cypress/apps/retail-banking-e2e/screenshots/design-     (1280x720)
     system.cy.ts/vr__chips-default.png                                                             
  -  /w/bofa-digital-banking/dist/cypress/apps/retail-banking-e2e/screenshots/design-     (1280x720)
     system.cy.ts/vr__slide-toggle-default.png                                                      
  -  /w/bofa-digital-banking/dist/cypress/apps/retail-banking-e2e/screenshots/design-     (1280x720)
     system.cy.ts/vr__autocomplete-default.png                                                      
  -  /w/bofa-digital-banking/dist/cypress/apps/retail-banking-e2e/screenshots/design-     (1280x720)
     system.cy.ts/vr__paginator-default.png                                                         
  -  /w/bofa-digital-banking/dist/cypress/apps/retail-banking-e2e/screenshots/design-     (1280x720)
     system.cy.ts/vr__currency-input-default.png                                                    
  -  /w/bofa-digital-banking/dist/cypress/apps/retail-banking-e2e/screenshots/design-     (1280x720)
     system.cy.ts/vr__responsive-grid-default.png                                                   
  -  /w/bofa-digital-banking/dist/cypress/apps/retail-banking-e2e/screenshots/design-      (768x720)
     system.cy.ts/vr__responsive-grid-md.png                                                        
  -  /w/bofa-digital-banking/dist/cypress/apps/retail-banking-e2e/screenshots/design-      (560x720)
     system.cy.ts/vr__responsive-grid-sm.png                                                        
  -  /w/bofa-digital-banking/dist/cypress/apps/retail-banking-e2e/screenshots/design-     (1280x720)
     system.cy.ts/vr__dialog-open.png                                                               
  -  /w/bofa-digital-banking/dist/cypress/apps/retail-banking-e2e/screenshots/design-     (1280x720)
     system.cy.ts/vr__select-panel-open.png                                                         
  -  /w/bofa-digital-banking/dist/cypress/apps/retail-banking-e2e/screenshots/design-     (1280x720)
     system.cy.ts/vr__autocomplete-panel-open.png                                                   
  -  /w/bofa-digital-banking/dist/cypress/apps/retail-banking-e2e/screenshots/design-     (1280x720)
     system.cy.ts/vr__datepicker-calendar-open.png                                                  
  -  /w/bofa-digital-banking/dist/cypress/apps/retail-banking-e2e/screenshots/design-     (1280x720)
     system.cy.ts/vr__button-focus-ring.png                                                         
  -  /w/bofa-digital-banking/dist/cypress/apps/retail-banking-e2e/screenshots/design-     (1280x720)
     system.cy.ts/vr__accounts-dashboard.png                                                        
────────────────────────────────────────────────────────────────────────────────────────────────────
                                                                                                    
  Running:  legibility-sweep.cy.ts                                                          (2 of 3)

  legibility sweep — every visible text node (light)
    ✓ /accounts (customer dashboard): all text clears WCAG AA (644ms)
    ✓ /__showcase (index): all text clears WCAG AA (183ms)
    ✓ /sign-in: all text clears WCAG AA (122ms)
    ✓ /__showcase/button: all text clears WCAG AA (139ms)
    ✓ /__showcase/form-field: all text clears WCAG AA (124ms)
    ✓ /__showcase/select: all text clears WCAG AA (106ms)
    ✓ /__showcase/datepicker: all text clears WCAG AA (147ms)
    ✓ /__showcase/table: all text clears WCAG AA (190ms)
    ✓ /__showcase/dialog: all text clears WCAG AA (234ms)
    ✓ /__showcase/tabs: all text clears WCAG AA (136ms)
    ✓ /__showcase/chips: all text clears WCAG AA (109ms)
    ✓ /__showcase/slide-toggle: all text clears WCAG AA (134ms)
    ✓ /__showcase/autocomplete: all text clears WCAG AA (141ms)
    ✓ /__showcase/paginator: all text clears WCAG AA (146ms)
    ✓ /__showcase/currency-input: all text clears WCAG AA (125ms)
    ✓ /__showcase/responsive-grid: all text clears WCAG AA (207ms)
  legibility sweep — every visible text node (dark)
    1) /accounts (customer dashboard): all text clears WCAG AA
    2) /__showcase (index): all text clears WCAG AA
    3) /sign-in: all text clears WCAG AA
    4) /__showcase/button: all text clears WCAG AA
    5) /__showcase/form-field: all text clears WCAG AA
    6) /__showcase/select: all text clears WCAG AA
    7) /__showcase/datepicker: all text clears WCAG AA
    8) /__showcase/table: all text clears WCAG AA
    9) /__showcase/dialog: all text clears WCAG AA
    10) /__showcase/tabs: all text clears WCAG AA
    11) /__showcase/chips: all text clears WCAG AA
    12) /__showcase/slide-toggle: all text clears WCAG AA
    13) /__showcase/autocomplete: all text clears WCAG AA
    14) /__showcase/paginator: all text clears WCAG AA
    15) /__showcase/currency-input: all text clears WCAG AA
    16) /__showcase/responsive-grid: all text clears WCAG AA
  legibility sweep — the sweep itself
    ✓ measures a substantial number of nodes on a real route (185ms)
    ✓ catches illegible text planted on a swept route (282ms)
    ✓ catches an icon-only control whose glyph is invisible (172ms)
    ✓ composites a semi-transparent sibling painted over the text (127ms)
    ✓ does not report off-screen screen-reader-only text (183ms)
    ✓ fails text over artwork until the artwork is declared reviewed (200ms)
    ✓ ignores text that is hidden rather than reporting it as a defect (165ms)
    ✓ composites a covering layer that is raised with z-index but written first (135ms)
    ✓ measures text below the fold, because coverage cannot depend on page height (232ms)
    ✓ measures an icon-only control that is labelled with visually hidden text (185ms)
    ✓ does not composite a veil that paints nothing (137ms)
    ✓ requires the review declaration on the artwork itself, citing a ratio (251ms)
    ✓ measures a CSS-painted indicator, which no SVG sweep can see (133ms)
    ✓ does not report the dimmed page behind an open modal (222ms)
  30 passing (8s)
  16 failing
  1) legibility sweep — every visible text node (dark)
       /accounts (customer dashboard): all text clears WCAG AA:
     AssertionError: 2 illegible text node(s) on /accounts (customer dashboard) (dark):
  h1 "Accounts" — 1.37:1, needs 3:1 (rgb(18, 22, 29) → rgb(18, 22, 29) on rgb(48, 48, 48))
  span.mat-slide-toggle-content "Paperless statements" — 1.37:1, needs 4.5:1 (rgb(18, 22, 29) → rgb(18, 22, 29) on rgb(48, 48, 48))
: expected [ Array(2) ] to have a length of 0 but got 2
      at Context.eval (webpack:///./src/e2e/legibility-sweep.cy.ts:80:20)

  2) legibility sweep — every visible text node (dark)
       /__showcase (index): all text clears WCAG AA:
     AssertionError: 1 illegible text node(s) on /__showcase (index) (dark):
  h1.index__title "Design system" — 1.37:1, needs 3:1 (rgb(18, 22, 29) → rgb(18, 22, 29) on rgb(48, 48, 48))
: expected [ Array(1) ] to have a length of 0 but got 1
      at Context.eval (webpack:///./src/e2e/legibility-sweep.cy.ts:80:20)

  3) legibility sweep — every visible text node (dark)
       /sign-in: all text clears WCAG AA:
     AssertionError: 1 illegible text node(s) on /sign-in (dark):
  h1.sign-in__title "Sign in to continue" — 1.37:1, needs 3:1 (rgb(18, 22, 29) → rgb(18, 22, 29) on rgb(48, 48, 48))
: expected [ Array(1) ] to have a length of 0 but got 1
      at Context.eval (webpack:///./src/e2e/legibility-sweep.cy.ts:80:20)

  4) legibility sweep — every visible text node (dark)
       /__showcase/button: all text clears WCAG AA:
     AssertionError: 2 illegible text node(s) on /__showcase/button (dark):
  h1.showcase__title "button" — 1.37:1, needs 3:1 (rgb(18, 22, 29) → rgb(18, 22, 29) on rgb(48, 48, 48))
  span.mat-button-wrapper "Cancel" — 1.37:1, needs 4.5:1 (rgb(18, 22, 29) → rgb(18, 22, 29) on rgb(48, 48, 48))
: expected [ Array(2) ] to have a length of 0 but got 2
      at Context.eval (webpack:///./src/e2e/legibility-sweep.cy.ts:80:20)

  5) legibility sweep — every visible text node (dark)
       /__showcase/form-field: all text clears WCAG AA:
     AssertionError: 1 illegible text node(s) on /__showcase/form-field (dark):
  h1.showcase__title "form-field" — 1.37:1, needs 3:1 (rgb(18, 22, 29) → rgb(18, 22, 29) on rgb(48, 48, 48))
: expected [ Array(1) ] to have a length of 0 but got 1
      at Context.eval (webpack:///./src/e2e/legibility-sweep.cy.ts:80:20)

  6) legibility sweep — every visible text node (dark)
       /__showcase/select: all text clears WCAG AA:
     AssertionError: 1 illegible text node(s) on /__showcase/select (dark):
  h1.showcase__title "select" — 1.37:1, needs 3:1 (rgb(18, 22, 29) → rgb(18, 22, 29) on rgb(48, 48, 48))
: expected [ Array(1) ] to have a length of 0 but got 1
      at Context.eval (webpack:///./src/e2e/legibility-sweep.cy.ts:80:20)

  7) legibility sweep — every visible text node (dark)
       /__showcase/datepicker: all text clears WCAG AA:
     AssertionError: 1 illegible text node(s) on /__showcase/datepicker (dark):
  h1.showcase__title "datepicker" — 1.37:1, needs 3:1 (rgb(18, 22, 29) → rgb(18, 22, 29) on rgb(48, 48, 48))
: expected [ Array(1) ] to have a length of 0 but got 1
      at Context.eval (webpack:///./src/e2e/legibility-sweep.cy.ts:80:20)

  8) legibility sweep — every visible text node (dark)
       /__showcase/table: all text clears WCAG AA:
     AssertionError: 1 illegible text node(s) on /__showcase/table (dark):
  h1.showcase__title "table" — 1.37:1, needs 3:1 (rgb(18, 22, 29) → rgb(18, 22, 29) on rgb(48, 48, 48))
: expected [ Array(1) ] to have a length of 0 but got 1
      at Context.eval (webpack:///./src/e2e/legibility-sweep.cy.ts:80:20)

  9) legibility sweep — every visible text node (dark)
       /__showcase/dialog: all text clears WCAG AA:
     AssertionError: 1 illegible text node(s) on /__showcase/dialog (dark):
  h1.showcase__title "dialog" — 1.37:1, needs 3:1 (rgb(18, 22, 29) → rgb(18, 22, 29) on rgb(48, 48, 48))
: expected [ Array(1) ] to have a length of 0 but got 1
      at Context.eval (webpack:///./src/e2e/legibility-sweep.cy.ts:80:20)

  10) legibility sweep — every visible text node (dark)
       /__showcase/tabs: all text clears WCAG AA:
     AssertionError: 1 illegible text node(s) on /__showcase/tabs (dark):
  h1.showcase__title "tabs" — 1.37:1, needs 3:1 (rgb(18, 22, 29) → rgb(18, 22, 29) on rgb(48, 48, 48))
: expected [ Array(1) ] to have a length of 0 but got 1
      at Context.eval (webpack:///./src/e2e/legibility-sweep.cy.ts:80:20)

  11) legibility sweep — every visible text node (dark)
       /__showcase/chips: all text clears WCAG AA:
     AssertionError: 1 illegible text node(s) on /__showcase/chips (dark):
  h1.showcase__title "chips" — 1.37:1, needs 3:1 (rgb(18, 22, 29) → rgb(18, 22, 29) on rgb(48, 48, 48))
: expected [ Array(1) ] to have a length of 0 but got 1
      at Context.eval (webpack:///./src/e2e/legibility-sweep.cy.ts:80:20)

  12) legibility sweep — every visible text node (dark)
       /__showcase/slide-toggle: all text clears WCAG AA:
     AssertionError: 2 illegible text node(s) on /__showcase/slide-toggle (dark):
  h1.showcase__title "slide-toggle" — 1.37:1, needs 3:1 (rgb(18, 22, 29) → rgb(18, 22, 29) on rgb(48, 48, 48))
  span.mat-slide-toggle-content "Paperless statements" — 1.37:1, needs 4.5:1 (rgb(18, 22, 29) → rgb(18, 22, 29) on rgb(48, 48, 48))
: expected [ Array(2) ] to have a length of 0 but got 2
      at Context.eval (webpack:///./src/e2e/legibility-sweep.cy.ts:80:20)

  13) legibility sweep — every visible text node (dark)
       /__showcase/autocomplete: all text clears WCAG AA:
     AssertionError: 1 illegible text node(s) on /__showcase/autocomplete (dark):
  h1.showcase__title "autocomplete" — 1.37:1, needs 3:1 (rgb(18, 22, 29) → rgb(18, 22, 29) on rgb(48, 48, 48))
: expected [ Array(1) ] to have a length of 0 but got 1
      at Context.eval (webpack:///./src/e2e/legibility-sweep.cy.ts:80:20)

  14) legibility sweep — every visible text node (dark)
       /__showcase/paginator: all text clears WCAG AA:
     AssertionError: 1 illegible text node(s) on /__showcase/paginator (dark):
  h1.showcase__title "paginator" — 1.37:1, needs 3:1 (rgb(18, 22, 29) → rgb(18, 22, 29) on rgb(48, 48, 48))
: expected [ Array(1) ] to have a length of 0 but got 1
      at Context.eval (webpack:///./src/e2e/legibility-sweep.cy.ts:80:20)

  15) legibility sweep — every visible text node (dark)
       /__showcase/currency-input: all text clears WCAG AA:
     AssertionError: 1 illegible text node(s) on /__showcase/currency-input (dark):
  h1.showcase__title "currency-input" — 1.37:1, needs 3:1 (rgb(18, 22, 29) → rgb(18, 22, 29) on rgb(48, 48, 48))
: expected [ Array(1) ] to have a length of 0 but got 1
      at Context.eval (webpack:///./src/e2e/legibility-sweep.cy.ts:80:20)

  16) legibility sweep — every visible text node (dark)
       /__showcase/responsive-grid: all text clears WCAG AA:
     AssertionError: 3 illegible text node(s) on /__showcase/responsive-grid (dark):
  h1.showcase__title "responsive-grid" — 1.37:1, needs 3:1 (rgb(18, 22, 29) → rgb(18, 22, 29) on rgb(48, 48, 48))
  div.showcase__panel "Summary panel" — 1.88:1, needs 4.5:1 (rgb(18, 22, 29) → rgb(18, 22, 29) on rgb(63, 69, 80))
  div.showcase__panel.showcase__panel--detail "Detail panel" — 2.20:1, needs 4.5:1 (rgb(18, 22, 29) → rgb(18, 22, 29) on rgb(74, 79, 87))
: expected [ Array(3) ] to have a length of 0 but got 3
      at Context.eval (webpack:///./src/e2e/legibility-sweep.cy.ts:80:20)

  (Results)
  ┌────────────────────────────────────────────────────────────────────────────────────────────────┐
  │ Tests:        46                                                                               │
  │ Passing:      30                                                                               │
  │ Failing:      16                                                                               │
  │ Pending:      0                                                                                │
  │ Skipped:      0                                                                                │
  │ Screenshots:  0                                                                                │
  │ Video:        false                                                                            │
  │ Duration:     8 seconds                                                                        │
  │ Spec Ran:     legibility-sweep.cy.ts                                                           │
  └────────────────────────────────────────────────────────────────────────────────────────────────┘
────────────────────────────────────────────────────────────────────────────────────────────────────
                                                                                                    
  Running:  override-contract.cy.ts                                                         (3 of 3)

  design system — override contract (computed styles)
    ✓ OV-01: Disabled field label stays legible (WCAG AA) against the slate palette (557ms)
    ✓ OV-01b: Field underline uses the BoA slate rule, not the Material default (293ms)
    ✓ OV-01c: Disabled field *value* stays legible, not just its label (128ms)
    ✓ OV-01d: Validation copy uses the brand danger red, which clears AA (Material’s does not) (168ms)
    ✓ OV-02: Error text sits on a 20px line box so field height never jumps on validation (228ms)
    ✓ OV-03: Primary button is brand red with 8px optical icon/label spacing (122ms)
    ✓ OV-04: Keyboard focus ring is visible on white and on slate-50 (178ms)
    ✓ OV-05: Statement rows keep fixed heights so 50 rows paginate predictably in print (127ms)
    ✓ OV-05b: Currency figures use tabular numerals and right-align on the decimal (223ms)
    ✓ OV-05c: Header cells carry the slate-900 brand weight, not the Material grey (158ms)
    ✓ OV-05d: Zebra striping on even rows for statement scanability (113ms)
    ✓ OV-06: Sort arrow is dimmed until hover so it does not read as an active filter (110ms)
    ✓ OV-07: Active option in the account picker is tinted brand red, not Material grey (284ms)
    ✓ OV-08: Selected option is brand red, not accent navy (navy reads as a link here) (320ms)
    ✓ OV-09: Consent toggle is unambiguous at arm’s length on a tablet (117ms)
    ✓ OV-09b: A granted consent reads green, not brand red (101ms)
    ✓ OV-10: Section ink bar is legible on a 4K branch display (141ms)
    ✓ OV-10b: The active section label is the brand accent and stays readable in both palettes (126ms)
    ✓ OV-11: Category chips keep a 28px rhythm inside the filter drawer (130ms)
    ✓ OV-12: Step-up dialog matches the mobile MFA modal: tight padding, squared corners (195ms)
    ✓ OV-12b: A short confirmation body never acquires an inner scrollbar (246ms)
    ✓ OV-13: Selected day is brand red; today is outlined, not a second filled circle (297ms)
    ✓ OV-14: Range label stays on screen on a 1280px branch terminal (119ms)
    ✓ OV-15: Payee panel never covers the Confirmation of Payee copy (251ms)
    ✓ OV-16: Amount entry right-aligns on tabular numerals (115ms)
    ✓ OV-17: Compact density is materially shorter than the default field (117ms)
    ✓ OV-18: Legacy shell embeds tabs without a second divider line (126ms)
  design system — override contract (dark surface)
    ✓ the dark surface is actually dark (else every probe below is vacuous) (348ms)
    ✓ OV-01c [dark]: Disabled field *value* stays legible, not just its label (110ms)
    ✓ OV-01d [dark]: Validation copy uses the brand danger red, which clears AA (Material’s does not) (112ms)
    ✓ OV-05c [dark]: Header cells carry the slate-900 brand weight, not the Material grey (138ms)
    ✓ OV-05d [dark]: Zebra striping on even rows for statement scanability (109ms)
    ✓ OV-07 [dark]: Active option in the account picker is tinted brand red, not Material grey (361ms)
    ✓ OV-10 [dark]: Section ink bar is legible on a 4K branch display (115ms)
    ✓ OV-10b [dark]: The active section label is the brand accent and stays readable in both palettes (109ms)
    ✓ OV-11 [dark]: Category chips keep a 28px rhythm inside the filter drawer (109ms)
    ✓ OV-15 [dark]: Payee panel never covers the Confirmation of Payee copy (271ms)
    ✓ OV-17 [dark]: Compact density is materially shorter than the default field (131ms)
    ✓ OV-18 [dark]: Legacy shell embeds tabs without a second divider line (198ms)
  design system — legibility (WCAG AA, light surface)
    ✓ statement table: even (striped) row clears 4.5:1 (277ms)
    ✓ statement table: odd row clears 4.5:1 (124ms)
    ✓ statement table: header cell clears 4.5:1 (110ms)
    ✓ form field: field label clears 4.5:1 (101ms)
    ✓ form field: entered value clears 4.5:1 (140ms)
    ✓ form field: hint clears 4.5:1 (105ms)
    ✓ form field: disabled value clears 4.5:1 (107ms)
    ✓ form field: error message clears 4.5:1 (108ms)
    ✓ tabs: inactive tab label clears 4.5:1 (119ms)
    ✓ tabs: active tab label clears 4.5:1 (118ms)
    ✓ select: trigger text clears 4.5:1 (109ms)
    ✓ chips: chip label clears 4.5:1 (107ms)
    ✓ paginator: range label clears 4.5:1 (111ms)
    ✓ currency input: amount clears 4.5:1 (109ms)
    ✓ tabs: the active-section ink bar clears 3:1 (non-text contrast) (125ms)
    ✓ datepicker: the toggle glyph clears 3:1 (non-text contrast) (119ms)
  design system — legibility (WCAG AA, dark surface)
    ✓ statement table: even (striped) row clears 4.5:1 (167ms)
    ✓ statement table: odd row clears 4.5:1 (132ms)
    ✓ statement table: header cell clears 4.5:1 (129ms)
    ✓ form field: field label clears 4.5:1 (213ms)
    1) form field: entered value clears 4.5:1
    ✓ form field: hint clears 4.5:1 (123ms)
    ✓ form field: disabled value clears 4.5:1 (164ms)
    ✓ form field: error message clears 4.5:1 (107ms)
    ✓ tabs: inactive tab label clears 4.5:1 (114ms)
    ✓ tabs: active tab label clears 4.5:1 (127ms)
    ✓ select: trigger text clears 4.5:1 (225ms)
    ✓ chips: chip label clears 4.5:1 (152ms)
    ✓ paginator: range label clears 4.5:1 (133ms)
    2) currency input: amount clears 4.5:1
    ✓ tabs: the active-section ink bar clears 3:1 (non-text contrast) (136ms)
    ✓ datepicker: the toggle glyph clears 3:1 (non-text contrast) (123ms)
  design system — the contrast oracle itself
    ✓ a fully transparent chain resolves to the canvas, not to opaque black (129ms)
    ✓ composites a semi-transparent foreground instead of treating it as opaque (252ms)
    ✓ composites a semi-transparent background over the layer behind it (138ms)
    ✓ agrees with the published figure on a known opaque pair (139ms)
    ✓ folds an ancestor `opacity` into the layer instead of ignoring it (122ms)
    ✓ refuses to score text over a gradient rather than reporting the canvas (117ms)
  75 passing (13s)
  2 failing
  1) design system — legibility (WCAG AA, dark surface)
       form field: entered value clears 4.5:1:
      AssertionError: form field / entered value[0]: rgb(18, 22, 29) → rgb(18, 22, 29) on rgb(69, 69, 69): expected 1.8821290990404997 to be at least 4.5
      + expected - actual
      -1.8821290990404997
      +4.5
      
      at Context.eval (webpack:///./src/e2e/override-contract.cy.ts:168:79)

  2) design system — legibility (WCAG AA, dark surface)
       currency input: amount clears 4.5:1:
      AssertionError: currency input / amount[0]: rgb(18, 22, 29) → rgb(18, 22, 29) on rgb(69, 69, 69): expected 1.8821290990404997 to be at least 4.5
      + expected - actual
      -1.8821290990404997
      +4.5
      
      at Context.eval (webpack:///./src/e2e/override-contract.cy.ts:168:79)

  (Results)
  ┌────────────────────────────────────────────────────────────────────────────────────────────────┐
  │ Tests:        77                                                                               │
  │ Passing:      75                                                                               │
  │ Failing:      2                                                                                │
  │ Pending:      0                                                                                │
  │ Skipped:      0                                                                                │
  │ Screenshots:  0                                                                                │
  │ Video:        false                                                                            │
  │ Duration:     12 seconds                                                                       │
  │ Spec Ran:     override-contract.cy.ts                                                          │
  └────────────────────────────────────────────────────────────────────────────────────────────────┘
====================================================================================================
  (Run Finished)
       Spec                                              Tests  Passing  Failing  Pending  Skipped  
  ┌────────────────────────────────────────────────────────────────────────────────────────────────┐
  │ ✔  design-system.cy.ts                      00:09       23       23        -        -        - │
  ├────────────────────────────────────────────────────────────────────────────────────────────────┤
  │ ✖  legibility-sweep.cy.ts                   00:08       46       30       16        -        - │
  ├────────────────────────────────────────────────────────────────────────────────────────────────┤
  │ ✖  override-contract.cy.ts                  00:12       77       75        2        -        - │
  └────────────────────────────────────────────────────────────────────────────────────────────────┘
    ✖  2 of 3 failed (67%)                      00:30      146      128       18        -        -  

 

 >  NX   Running target "retail-banking-e2e:e2e" failed

   Failed tasks:
   
   - retail-banking-e2e:e2e
   
   Hint: run the command with --verbose for more details.

