=== delete-rule-dark-inkbar :: 2026-07-29T13:49:42Z ===

> bofa-digital-banking@0.0.0 visual
> docker run --rm -u $(id -u):$(id -g) -e HOME=/tmp -e CYPRESS_CACHE_FOLDER=/root/.cache/Cypress -v "$PWD/..":/w -w /w/bofa-digital-banking --entrypoint bash cypress/included@sha256:058d1834239bf09b381325b8369d05e9e0516a46b65b32e6dc0c991801dc517a -c 'npx nx e2e retail-banking-e2e --skip-nx-cache'


> nx run retail-banking-e2e:e2e

- Generating browser application bundles (phase: setup)...
✔ Browser application bundle generation complete.

Initial Chunk Files                                        | Names                    |  Raw Size
vendor.js                                                  | vendor                   |   4.97 MB | 
styles.css, styles.js                                      | styles                   | 315.33 kB | 
polyfills.js                                               | polyfills                | 239.94 kB | 
main.js                                                    | main                     | 148.25 kB | 
runtime.js                                                 | runtime                  |  12.61 kB | 

                                                           | Initial Total            |   5.67 MB

Lazy Chunk Files                                           | Names                    |  Raw Size
apps_retail-banking_src_app_showcase_showcase_module_ts.js | showcase-showcase-module |  47.78 kB | 

Build at: 2026-07-29T13:49:56.847Z - Hash: f17cb8246dbb565b - Time: 11796ms

** Angular Live Development Server is listening on localhost:4200, open your browser on http://localhost:4200/ **


✔ Compiled successfully.
libva error: vaGetDriverNameByIndex() failed with unknown libva error, driver_name = (null)
[217:0729/134957.644190:ERROR:gpu_memory_buffer_support_x11.cc(44)] dri3 extension not supported.
====================================================================================================
  (Run Starting)
  ┌────────────────────────────────────────────────────────────────────────────────────────────────┐
  │ Cypress:        10.11.0                                                                        │
  │ Browser:        Electron 106 (headless)                                                        │
  │ Node Version:   v16.16.0 (/usr/local/bin/node)                                                 │
  │ Specs:          3 found (design-system.cy.ts, legibility-sweep.cy.ts, override-contract.cy.ts) │
  │ Searched:       src/**/*.cy.{js,jsx,ts,tsx}                                                    │
  └────────────────────────────────────────────────────────────────────────────────────────────────┘
────────────────────────────────────────────────────────────────────────────────────────────────────
                                                                                                    
  Running:  design-system.cy.ts                                                             (1 of 3)

  design system — visual baseline
[visual] button-default: 0 px (budget 40)
    ✓ button renders to spec (816ms)
[visual] form-field-default: 0 px (budget 40)
    ✓ form-field renders to spec (361ms)
[visual] select-default: 0 px (budget 40)
    ✓ select renders to spec (319ms)
[visual] datepicker-default: 0 px (budget 40)
    ✓ datepicker renders to spec (328ms)
[visual] table-default: 0 px (budget 40)
    ✓ table renders to spec (340ms)
[visual] dialog-default: 0 px (budget 40)
    ✓ dialog renders to spec (482ms)
[visual] tabs-default: 0 px (budget 40)
    ✓ tabs renders to spec (387ms)
[visual] chips-default: 0 px (budget 40)
    ✓ chips renders to spec (379ms)
[visual] slide-toggle-default: 0 px (budget 40)
    ✓ slide-toggle renders to spec (427ms)
[visual] autocomplete-default: 0 px (budget 40)
    ✓ autocomplete renders to spec (397ms)
[visual] paginator-default: 0 px (budget 40)
    ✓ paginator renders to spec (342ms)
[visual] currency-input-default: 0 px (budget 40)
    ✓ currency-input renders to spec (387ms)
[visual] responsive-grid-default: 0 px (budget 40)
    ✓ responsive-grid renders to spec (581ms)
    ✓ form field renders its disabled and error states (148ms)
    ✓ button exposes a disabled state (124ms)
[visual] responsive-grid-md: 0 px (budget 40)
    ✓ responsive grid collapses below the md breakpoint (390ms)
[visual] responsive-grid-sm: 0 px (budget 40)
    ✓ responsive grid hides the detail pane below the sm breakpoint (339ms)
  design system — overlay and interaction states
[visual] dialog-open: 0 px (budget 40)
    ✓ opens the real dialog overlay (489ms)
[visual] select-panel-open: 0 px (budget 40)
    ✓ opens the select panel (497ms)
[visual] autocomplete-panel-open: 0 px (budget 40)
    ✓ opens the autocomplete panel (531ms)
[visual] datepicker-calendar-open: 0 px (budget 40)
    ✓ opens the datepicker calendar (453ms)
[visual] button-focus-ring: 0 px (budget 40)
    ✓ shows the keyboard focus ring on the primary button (410ms)
  retail banking — customer surface
[visual] accounts-dashboard: 0 px (budget 40)
    ✓ renders the accounts dashboard (392ms)
  23 passing (9s)
  (Results)
  ┌────────────────────────────────────────────────────────────────────────────────────────────────┐
  │ Tests:        23                                                                               │
  │ Passing:      23                                                                               │
  │ Failing:      0                                                                                │
  │ Pending:      0                                                                                │
  │ Skipped:      0                                                                                │
  │ Screenshots:  21                                                                               │
  │ Video:        false                                                                            │
  │ Duration:     9 seconds                                                                        │
  │ Spec Ran:     design-system.cy.ts                                                              │
  └────────────────────────────────────────────────────────────────────────────────────────────────┘
  (Screenshots)
  -  /w/bofa-digital-banking/dist/cypress/apps/retail-banking-e2e/screenshots/design-     (1280x720)
     system.cy.ts/vr__button-default.png                                                            
  -  /w/bofa-digital-banking/dist/cypress/apps/retail-banking-e2e/screenshots/design-     (1280x720)
     system.cy.ts/vr__form-field-default.png                                                        
  -  /w/bofa-digital-banking/dist/cypress/apps/retail-banking-e2e/screenshots/design-     (1280x720)
     system.cy.ts/vr__select-default.png                                                            
  -  /w/bofa-digital-banking/dist/cypress/apps/retail-banking-e2e/screenshots/design-     (1280x720)
     system.cy.ts/vr__datepicker-default.png                                                        
  -  /w/bofa-digital-banking/dist/cypress/apps/retail-banking-e2e/screenshots/design-     (1280x720)
     system.cy.ts/vr__table-default.png                                                             
  -  /w/bofa-digital-banking/dist/cypress/apps/retail-banking-e2e/screenshots/design-     (1280x720)
     system.cy.ts/vr__dialog-default.png                                                            
  -  /w/bofa-digital-banking/dist/cypress/apps/retail-banking-e2e/screenshots/design-     (1280x720)
     system.cy.ts/vr__tabs-default.png                                                              
  -  /w/bofa-digital-banking/dist/cypress/apps/retail-banking-e2e/screenshots/design-     (1280x720)
     system.cy.ts/vr__chips-default.png                                                             
  -  /w/bofa-digital-banking/dist/cypress/apps/retail-banking-e2e/screenshots/design-     (1280x720)
     system.cy.ts/vr__slide-toggle-default.png                                                      
  -  /w/bofa-digital-banking/dist/cypress/apps/retail-banking-e2e/screenshots/design-     (1280x720)
     system.cy.ts/vr__autocomplete-default.png                                                      
  -  /w/bofa-digital-banking/dist/cypress/apps/retail-banking-e2e/screenshots/design-     (1280x720)
     system.cy.ts/vr__paginator-default.png                                                         
  -  /w/bofa-digital-banking/dist/cypress/apps/retail-banking-e2e/screenshots/design-     (1280x720)
     system.cy.ts/vr__currency-input-default.png                                                    
  -  /w/bofa-digital-banking/dist/cypress/apps/retail-banking-e2e/screenshots/design-     (1280x720)
     system.cy.ts/vr__responsive-grid-default.png                                                   
  -  /w/bofa-digital-banking/dist/cypress/apps/retail-banking-e2e/screenshots/design-      (768x720)
     system.cy.ts/vr__responsive-grid-md.png                                                        
  -  /w/bofa-digital-banking/dist/cypress/apps/retail-banking-e2e/screenshots/design-      (560x720)
     system.cy.ts/vr__responsive-grid-sm.png                                                        
  -  /w/bofa-digital-banking/dist/cypress/apps/retail-banking-e2e/screenshots/design-     (1280x720)
     system.cy.ts/vr__dialog-open.png                                                               
  -  /w/bofa-digital-banking/dist/cypress/apps/retail-banking-e2e/screenshots/design-     (1280x720)
     system.cy.ts/vr__select-panel-open.png                                                         
  -  /w/bofa-digital-banking/dist/cypress/apps/retail-banking-e2e/screenshots/design-     (1280x720)
     system.cy.ts/vr__autocomplete-panel-open.png                                                   
  -  /w/bofa-digital-banking/dist/cypress/apps/retail-banking-e2e/screenshots/design-     (1280x720)
     system.cy.ts/vr__datepicker-calendar-open.png                                                  
  -  /w/bofa-digital-banking/dist/cypress/apps/retail-banking-e2e/screenshots/design-     (1280x720)
     system.cy.ts/vr__button-focus-ring.png                                                         
  -  /w/bofa-digital-banking/dist/cypress/apps/retail-banking-e2e/screenshots/design-     (1280x720)
     system.cy.ts/vr__accounts-dashboard.png                                                        
────────────────────────────────────────────────────────────────────────────────────────────────────
                                                                                                    
  Running:  legibility-sweep.cy.ts                                                          (2 of 3)

  legibility sweep — every visible text node (light)
    ✓ /accounts (customer dashboard): all text clears WCAG AA (614ms)
    ✓ /__showcase (index): all text clears WCAG AA (167ms)
    ✓ /sign-in: all text clears WCAG AA (115ms)
    ✓ /__showcase/button: all text clears WCAG AA (131ms)
    ✓ /__showcase/form-field: all text clears WCAG AA (108ms)
    ✓ /__showcase/select: all text clears WCAG AA (120ms)
    ✓ /__showcase/datepicker: all text clears WCAG AA (153ms)
    ✓ /__showcase/table: all text clears WCAG AA (154ms)
    ✓ /__showcase/dialog: all text clears WCAG AA (115ms)
    ✓ /__showcase/tabs: all text clears WCAG AA (210ms)
    ✓ /__showcase/chips: all text clears WCAG AA (131ms)
    ✓ /__showcase/slide-toggle: all text clears WCAG AA (103ms)
    ✓ /__showcase/autocomplete: all text clears WCAG AA (151ms)
    ✓ /__showcase/paginator: all text clears WCAG AA (111ms)
    ✓ /__showcase/currency-input: all text clears WCAG AA (107ms)
    ✓ /__showcase/responsive-grid: all text clears WCAG AA (139ms)
  legibility sweep — every visible text node (dark)
    ✓ /accounts (customer dashboard): all text clears WCAG AA (311ms)
    ✓ /__showcase (index): all text clears WCAG AA (109ms)
    ✓ /sign-in: all text clears WCAG AA (111ms)
    ✓ /__showcase/button: all text clears WCAG AA (112ms)
    ✓ /__showcase/form-field: all text clears WCAG AA (115ms)
    ✓ /__showcase/select: all text clears WCAG AA (114ms)
    ✓ /__showcase/datepicker: all text clears WCAG AA (210ms)
    ✓ /__showcase/table: all text clears WCAG AA (215ms)
    ✓ /__showcase/dialog: all text clears WCAG AA (124ms)
    ✓ /__showcase/tabs: all text clears WCAG AA (147ms)
    ✓ /__showcase/chips: all text clears WCAG AA (103ms)
    ✓ /__showcase/slide-toggle: all text clears WCAG AA (139ms)
    ✓ /__showcase/autocomplete: all text clears WCAG AA (113ms)
    ✓ /__showcase/paginator: all text clears WCAG AA (118ms)
    ✓ /__showcase/currency-input: all text clears WCAG AA (208ms)
    ✓ /__showcase/responsive-grid: all text clears WCAG AA (122ms)
  legibility sweep — the sweep itself
    ✓ measures a substantial number of nodes on a real route (174ms)
    ✓ catches illegible text planted on a swept route (153ms)
    ✓ catches an icon-only control whose glyph is invisible (110ms)
    ✓ composites a semi-transparent sibling painted over the text (101ms)
    ✓ does not report off-screen screen-reader-only text (155ms)
    ✓ fails text over artwork until the artwork is declared reviewed (279ms)
    ✓ ignores text that is hidden rather than reporting it as a defect (148ms)
    ✓ composites a covering layer that is raised with z-index but written first (119ms)
    ✓ measures text below the fold, because coverage cannot depend on page height (135ms)
    ✓ measures an icon-only control that is labelled with visually hidden text (112ms)
    ✓ does not composite a veil that paints nothing (113ms)
    ✓ requires the review declaration on the artwork itself, citing a ratio (159ms)
    ✓ measures a CSS-painted indicator, which no SVG sweep can see (205ms)
    ✓ does not report the dimmed page behind an open modal (218ms)
    ✓ composites a scrim raised inside a transform, and only when it truly paints above (106ms)
    ✓ is not disarmed by a stray overlay backdrop left in the DOM (159ms)
    ✓ measures painted marks of any shape, and not a tail of the surface it matches (107ms)
    ✓ recognises the current sr-only recipe, not one spelling of it (143ms)
  50 passing (8s)
  (Results)
  ┌────────────────────────────────────────────────────────────────────────────────────────────────┐
  │ Tests:        50                                                                               │
  │ Passing:      50                                                                               │
  │ Failing:      0                                                                                │
  │ Pending:      0                                                                                │
  │ Skipped:      0                                                                                │
  │ Screenshots:  0                                                                                │
  │ Video:        false                                                                            │
  │ Duration:     7 seconds                                                                        │
  │ Spec Ran:     legibility-sweep.cy.ts                                                           │
  └────────────────────────────────────────────────────────────────────────────────────────────────┘
────────────────────────────────────────────────────────────────────────────────────────────────────
                                                                                                    
  Running:  override-contract.cy.ts                                                         (3 of 3)

  design system — override contract (computed styles)
    ✓ OV-01: Disabled field label stays legible (WCAG AA) against the slate palette (587ms)
    ✓ OV-01b: Field underline uses the BoA slate rule, not the Material default (295ms)
    ✓ OV-01c: Disabled field *value* stays legible, not just its label (125ms)
    ✓ OV-01d: Validation copy uses the brand danger red, which clears AA (Material’s does not) (115ms)
    ✓ OV-02: Error text sits on a 20px line box so field height never jumps on validation (125ms)
    ✓ OV-03: Primary button is brand red with 8px optical icon/label spacing (121ms)
    ✓ OV-04: Keyboard focus ring is visible on white and on slate-50 (176ms)
    ✓ OV-05: Statement rows keep fixed heights so 50 rows paginate predictably in print (122ms)
    ✓ OV-05b: Currency figures use tabular numerals and right-align on the decimal (249ms)
    ✓ OV-05c: Header cells carry the slate-900 brand weight, not the Material grey (136ms)
    ✓ OV-05d: Zebra striping on even rows for statement scanability (107ms)
    ✓ OV-06: Sort arrow is dimmed until hover so it does not read as an active filter (112ms)
    ✓ OV-07: Active option in the account picker is tinted brand red, not Material grey (265ms)
    ✓ OV-08: Selected option is brand red, not accent navy (navy reads as a link here) (192ms)
    ✓ OV-09: Consent toggle is unambiguous at arm’s length on a tablet (143ms)
    ✓ OV-09b: A granted consent reads green, not brand red (222ms)
    ✓ OV-10: Section ink bar is legible on a 4K branch display (136ms)
    ✓ OV-10b: The active section label is the brand accent and stays readable in both palettes (108ms)
    ✓ OV-11: Category chips keep a 28px rhythm inside the filter drawer (114ms)
    ✓ OV-12: Step-up dialog matches the mobile MFA modal: tight padding, squared corners (191ms)
    ✓ OV-12b: A short confirmation body never acquires an inner scrollbar (187ms)
    ✓ OV-13: Selected day is brand red; today is outlined, not a second filled circle (306ms)
    ✓ OV-14: Range label stays on screen on a 1280px branch terminal (131ms)
    ✓ OV-15: Payee panel never covers the Confirmation of Payee copy (255ms)
    ✓ OV-16: Amount entry right-aligns on tabular numerals (107ms)
    ✓ OV-17: Compact density is materially shorter than the default field (118ms)
    ✓ OV-18: Legacy shell embeds tabs without a second divider line (122ms)
  design system — override contract (dark surface)
    ✓ the dark surface is actually dark (else every probe below is vacuous) (379ms)
    ✓ OV-01c [dark]: Disabled field *value* stays legible, not just its label (114ms)
    ✓ OV-01d [dark]: Validation copy uses the brand danger red, which clears AA (Material’s does not) (124ms)
    ✓ OV-05c [dark]: Header cells carry the slate-900 brand weight, not the Material grey (129ms)
    ✓ OV-05d [dark]: Zebra striping on even rows for statement scanability (104ms)
    ✓ OV-07 [dark]: Active option in the account picker is tinted brand red, not Material grey (249ms)
    1) OV-10 [dark]: Section ink bar is legible on a 4K branch display
    ✓ OV-10b [dark]: The active section label is the brand accent and stays readable in both palettes (243ms)
    ✓ OV-11 [dark]: Category chips keep a 28px rhythm inside the filter drawer (132ms)
    ✓ OV-15 [dark]: Payee panel never covers the Confirmation of Payee copy (260ms)
    ✓ OV-17 [dark]: Compact density is materially shorter than the default field (123ms)
    ✓ OV-18 [dark]: Legacy shell embeds tabs without a second divider line (115ms)
  design system — legibility (WCAG AA, light surface)
    ✓ statement table: even (striped) row clears 4.5:1 (123ms)
    ✓ statement table: odd row clears 4.5:1 (131ms)
    ✓ statement table: header cell clears 4.5:1 (221ms)
    ✓ form field: field label clears 4.5:1 (129ms)
    ✓ form field: entered value clears 4.5:1 (111ms)
    ✓ form field: hint clears 4.5:1 (101ms)
    ✓ form field: disabled value clears 4.5:1 (103ms)
    ✓ form field: error message clears 4.5:1 (144ms)
    ✓ tabs: inactive tab label clears 4.5:1 (116ms)
    ✓ tabs: active tab label clears 4.5:1 (257ms)
    ✓ select: trigger text clears 4.5:1 (168ms)
    ✓ chips: chip label clears 4.5:1 (150ms)
    ✓ paginator: range label clears 4.5:1 (110ms)
    ✓ currency input: amount clears 4.5:1 (111ms)
    ✓ tabs: the active-section ink bar clears 3:1 (non-text contrast) (117ms)
    ✓ datepicker: the toggle glyph clears 3:1 (non-text contrast) (106ms)
  design system — legibility (WCAG AA, dark surface)
    ✓ statement table: even (striped) row clears 4.5:1 (123ms)
    ✓ statement table: odd row clears 4.5:1 (121ms)
    ✓ statement table: header cell clears 4.5:1 (204ms)
    ✓ form field: field label clears 4.5:1 (137ms)
    ✓ form field: entered value clears 4.5:1 (111ms)
    ✓ form field: hint clears 4.5:1 (145ms)
    ✓ form field: disabled value clears 4.5:1 (126ms)
    ✓ form field: error message clears 4.5:1 (126ms)
    ✓ tabs: inactive tab label clears 4.5:1 (110ms)
    ✓ tabs: active tab label clears 4.5:1 (206ms)
    ✓ select: trigger text clears 4.5:1 (142ms)
    ✓ chips: chip label clears 4.5:1 (102ms)
    ✓ paginator: range label clears 4.5:1 (120ms)
    ✓ currency input: amount clears 4.5:1 (147ms)
    2) tabs: the active-section ink bar clears 3:1 (non-text contrast)
    ✓ datepicker: the toggle glyph clears 3:1 (non-text contrast) (123ms)
  design system — the contrast oracle itself
    ✓ a fully transparent chain resolves to the canvas, not to opaque black (227ms)
    ✓ composites a semi-transparent foreground instead of treating it as opaque (123ms)
    ✓ composites a semi-transparent background over the layer behind it (122ms)
    ✓ agrees with the published figure on a known opaque pair (108ms)
    ✓ folds an ancestor `opacity` into the layer instead of ignoring it (112ms)
    ✓ refuses to score text over a gradient rather than reporting the canvas (114ms)
  75 passing (22s)
  2 failing
  1) design system — override contract (dark surface)
       OV-10 [dark]: Section ink bar is legible on a 4K branch display:
      Timed out retrying after 10000ms
      + expected - actual
      -'rgb(200, 16, 46)'
      +'rgb(232, 101, 111)'
      
      at eval (webpack:///./src/e2e/override-contract.cy.ts:78:25)
  at Array.forEach (<anonymous>)
      at assertProbe (webpack:///./src/e2e/override-contract.cy.ts:77:27)
      at Context.eval (webpack:///./src/e2e/override-contract.cy.ts:111:52)

  2) design system — legibility (WCAG AA, dark surface)
       tabs: the active-section ink bar clears 3:1 (non-text contrast):
      AssertionError: ink bar: rgb(200, 16, 46) on rgb(48, 48, 48): expected 2.2433269500775888 to be at least 3
      + expected - actual
      -2.2433269500775888
      +3
      
      at Context.eval (webpack:///./src/e2e/override-contract.cy.ts:188:55)

  (Results)
  ┌────────────────────────────────────────────────────────────────────────────────────────────────┐
  │ Tests:        77                                                                               │
  │ Passing:      75                                                                               │
  │ Failing:      2                                                                                │
  │ Pending:      0                                                                                │
  │ Skipped:      0                                                                                │
  │ Screenshots:  0                                                                                │
  │ Video:        false                                                                            │
  │ Duration:     22 seconds                                                                       │
  │ Spec Ran:     override-contract.cy.ts                                                          │
  └────────────────────────────────────────────────────────────────────────────────────────────────┘
====================================================================================================
  (Run Finished)
       Spec                                              Tests  Passing  Failing  Pending  Skipped  
  ┌────────────────────────────────────────────────────────────────────────────────────────────────┐
  │ ✔  design-system.cy.ts                      00:09       23       23        -        -        - │
  ├────────────────────────────────────────────────────────────────────────────────────────────────┤
  │ ✔  legibility-sweep.cy.ts                   00:07       50       50        -        -        - │
  ├────────────────────────────────────────────────────────────────────────────────────────────────┤
  │ ✖  override-contract.cy.ts                  00:22       77       75        2        -        - │
  └────────────────────────────────────────────────────────────────────────────────────────────────┘
    ✖  1 of 3 failed (33%)                      00:39      150      148        2        -        -  

 

 >  NX   Running target "retail-banking-e2e:e2e" failed

   Failed tasks:
   
   - retail-banking-e2e:e2e
   
   Hint: run the command with --verbose for more details.

