=== regress-oracle-alpha-blind :: 2026-07-29T07:31:52Z ===

> bofa-digital-banking@0.0.0 visual
> docker run --rm -u $(id -u):$(id -g) -e HOME=/tmp -e CYPRESS_CACHE_FOLDER=/root/.cache/Cypress -v "$PWD/..":/w -w /w/bofa-digital-banking --entrypoint bash cypress/included@sha256:058d1834239bf09b381325b8369d05e9e0516a46b65b32e6dc0c991801dc517a -c 'npx nx e2e retail-banking-e2e --skip-nx-cache'


> nx run retail-banking-e2e:e2e

- Generating browser application bundles (phase: setup)...
✔ Browser application bundle generation complete.

Initial Chunk Files                                        | Names                    |  Raw Size
vendor.js                                                  | vendor                   |   4.97 MB | 
styles.css, styles.js                                      | styles                   | 314.22 kB | 
polyfills.js                                               | polyfills                | 239.94 kB | 
main.js                                                    | main                     | 147.15 kB | 
runtime.js                                                 | runtime                  |  12.61 kB | 

                                                           | Initial Total            |   5.67 MB

Lazy Chunk Files                                           | Names                    |  Raw Size
apps_retail-banking_src_app_showcase_showcase_module_ts.js | showcase-showcase-module |  48.34 kB | 

Build at: 2026-07-29T07:32:05.719Z - Hash: a5604b1952d5e809 - Time: 11309ms

** Angular Live Development Server is listening on localhost:4200, open your browser on http://localhost:4200/ **


✔ Compiled successfully.
libva error: vaGetDriverNameByIndex() failed with unknown libva error, driver_name = (null)
[219:0729/073206.519183:ERROR:gpu_memory_buffer_support_x11.cc(44)] dri3 extension not supported.
====================================================================================================
  (Run Starting)
  ┌────────────────────────────────────────────────────────────────────────────────────────────────┐
  │ Cypress:        10.11.0                                                                        │
  │ Browser:        Electron 106 (headless)                                                        │
  │ Node Version:   v16.16.0 (/usr/local/bin/node)                                                 │
  │ Specs:          2 found (design-system.cy.ts, override-contract.cy.ts)                         │
  │ Searched:       src/**/*.cy.{js,jsx,ts,tsx}                                                    │
  └────────────────────────────────────────────────────────────────────────────────────────────────┘
────────────────────────────────────────────────────────────────────────────────────────────────────
                                                                                                    
  Running:  design-system.cy.ts                                                             (1 of 2)

  design system — visual baseline
[visual] button-default: 0 px (budget 40)
    ✓ button renders to spec (814ms)
[visual] form-field-default: 0 px (budget 40)
    ✓ form-field renders to spec (398ms)
[visual] select-default: 0 px (budget 40)
    ✓ select renders to spec (329ms)
[visual] datepicker-default: 0 px (budget 40)
    ✓ datepicker renders to spec (425ms)
[visual] table-default: 0 px (budget 40)
    ✓ table renders to spec (330ms)
[visual] dialog-default: 0 px (budget 40)
    ✓ dialog renders to spec (326ms)
[visual] tabs-default: 0 px (budget 40)
    ✓ tabs renders to spec (419ms)
[visual] chips-default: 0 px (budget 40)
    ✓ chips renders to spec (400ms)
[visual] slide-toggle-default: 0 px (budget 40)
    ✓ slide-toggle renders to spec (357ms)
[visual] autocomplete-default: 0 px (budget 40)
    ✓ autocomplete renders to spec (363ms)
[visual] paginator-default: 0 px (budget 40)
    ✓ paginator renders to spec (483ms)
[visual] currency-input-default: 0 px (budget 40)
    ✓ currency-input renders to spec (359ms)
[visual] responsive-grid-default: 0 px (budget 40)
    ✓ responsive-grid renders to spec (357ms)
    ✓ form field renders its disabled and error states (121ms)
    ✓ button exposes a disabled state (100ms)
[visual] responsive-grid-md: 0 px (budget 40)
    ✓ responsive grid collapses below the md breakpoint (311ms)
[visual] responsive-grid-sm: 0 px (budget 40)
    ✓ responsive grid hides the detail pane below the sm breakpoint (276ms)
  design system — overlay and interaction states
[visual] dialog-open: 0 px (budget 40)
    ✓ opens the real dialog overlay (527ms)
[visual] select-panel-open: 0 px (budget 40)
    ✓ opens the select panel (411ms)
[visual] autocomplete-panel-open: 0 px (budget 40)
    ✓ opens the autocomplete panel (490ms)
[visual] datepicker-calendar-open: 0 px (budget 40)
    ✓ opens the datepicker calendar (449ms)
[visual] button-focus-ring: 0 px (budget 40)
    ✓ shows the keyboard focus ring on the primary button (370ms)
  retail banking — customer surface
[visual] accounts-dashboard: 0 px (budget 40)
    ✓ renders the accounts dashboard (469ms)
  23 passing (9s)
  (Results)
  ┌────────────────────────────────────────────────────────────────────────────────────────────────┐
  │ Tests:        23                                                                               │
  │ Passing:      23                                                                               │
  │ Failing:      0                                                                                │
  │ Pending:      0                                                                                │
  │ Skipped:      0                                                                                │
  │ Screenshots:  21                                                                               │
  │ Video:        false                                                                            │
  │ Duration:     8 seconds                                                                        │
  │ Spec Ran:     design-system.cy.ts                                                              │
  └────────────────────────────────────────────────────────────────────────────────────────────────┘
  (Screenshots)
  -  /w/bofa-digital-banking/dist/cypress/apps/retail-banking-e2e/screenshots/design-     (1280x720)
     system.cy.ts/vr__button-default.png                                                            
  -  /w/bofa-digital-banking/dist/cypress/apps/retail-banking-e2e/screenshots/design-     (1280x720)
     system.cy.ts/vr__form-field-default.png                                                        
  -  /w/bofa-digital-banking/dist/cypress/apps/retail-banking-e2e/screenshots/design-     (1280x720)
     system.cy.ts/vr__select-default.png                                                            
  -  /w/bofa-digital-banking/dist/cypress/apps/retail-banking-e2e/screenshots/design-     (1280x720)
     system.cy.ts/vr__datepicker-default.png                                                        
  -  /w/bofa-digital-banking/dist/cypress/apps/retail-banking-e2e/screenshots/design-     (1280x720)
     system.cy.ts/vr__table-default.png                                                             
  -  /w/bofa-digital-banking/dist/cypress/apps/retail-banking-e2e/screenshots/design-     (1280x720)
     system.cy.ts/vr__dialog-default.png                                                            
  -  /w/bofa-digital-banking/dist/cypress/apps/retail-banking-e2e/screenshots/design-     (1280x720)
     system.cy.ts/vr__tabs-default.png                                                              
  -  /w/bofa-digital-banking/dist/cypress/apps/retail-banking-e2e/screenshots/design-     (1280x720)
     system.cy.ts/vr__chips-default.png                                                             
  -  /w/bofa-digital-banking/dist/cypress/apps/retail-banking-e2e/screenshots/design-     (1280x720)
     system.cy.ts/vr__slide-toggle-default.png                                                      
  -  /w/bofa-digital-banking/dist/cypress/apps/retail-banking-e2e/screenshots/design-     (1280x720)
     system.cy.ts/vr__autocomplete-default.png                                                      
  -  /w/bofa-digital-banking/dist/cypress/apps/retail-banking-e2e/screenshots/design-     (1280x720)
     system.cy.ts/vr__paginator-default.png                                                         
  -  /w/bofa-digital-banking/dist/cypress/apps/retail-banking-e2e/screenshots/design-     (1280x720)
     system.cy.ts/vr__currency-input-default.png                                                    
  -  /w/bofa-digital-banking/dist/cypress/apps/retail-banking-e2e/screenshots/design-     (1280x720)
     system.cy.ts/vr__responsive-grid-default.png                                                   
  -  /w/bofa-digital-banking/dist/cypress/apps/retail-banking-e2e/screenshots/design-      (768x720)
     system.cy.ts/vr__responsive-grid-md.png                                                        
  -  /w/bofa-digital-banking/dist/cypress/apps/retail-banking-e2e/screenshots/design-      (560x720)
     system.cy.ts/vr__responsive-grid-sm.png                                                        
  -  /w/bofa-digital-banking/dist/cypress/apps/retail-banking-e2e/screenshots/design-     (1280x720)
     system.cy.ts/vr__dialog-open.png                                                               
  -  /w/bofa-digital-banking/dist/cypress/apps/retail-banking-e2e/screenshots/design-     (1280x720)
     system.cy.ts/vr__select-panel-open.png                                                         
  -  /w/bofa-digital-banking/dist/cypress/apps/retail-banking-e2e/screenshots/design-     (1280x720)
     system.cy.ts/vr__autocomplete-panel-open.png                                                   
  -  /w/bofa-digital-banking/dist/cypress/apps/retail-banking-e2e/screenshots/design-     (1280x720)
     system.cy.ts/vr__datepicker-calendar-open.png                                                  
  -  /w/bofa-digital-banking/dist/cypress/apps/retail-banking-e2e/screenshots/design-     (1280x720)
     system.cy.ts/vr__button-focus-ring.png                                                         
  -  /w/bofa-digital-banking/dist/cypress/apps/retail-banking-e2e/screenshots/design-     (1280x720)
     system.cy.ts/vr__accounts-dashboard.png                                                        
────────────────────────────────────────────────────────────────────────────────────────────────────
                                                                                                    
  Running:  override-contract.cy.ts                                                         (2 of 2)

  design system — override contract (computed styles)
    ✓ OV-01: Disabled field label stays legible (WCAG AA) against the slate palette (587ms)
    ✓ OV-01b: Field underline uses the BoA slate rule, not the Material default (276ms)
    ✓ OV-01c: Disabled field *value* stays legible, not just its label (146ms)
    ✓ OV-01d: Validation copy uses the brand danger red, which clears AA (Material’s does not) (129ms)
    ✓ OV-02: Error text sits on a 20px line box so field height never jumps on validation (131ms)
    ✓ OV-03: Primary button is brand red with 8px optical icon/label spacing (137ms)
    ✓ OV-04: Keyboard focus ring is visible on white and on slate-50 (167ms)
    ✓ OV-05: Statement rows keep fixed heights so 50 rows paginate predictably in print (191ms)
    ✓ OV-05b: Currency figures use tabular numerals and right-align on the decimal (309ms)
    ✓ OV-05c: Header cells carry the slate-900 brand weight, not the Material grey (133ms)
    ✓ OV-05d: Zebra striping on even rows for statement scanability (115ms)
    ✓ OV-06: Sort arrow is dimmed until hover so it does not read as an active filter (106ms)
    ✓ OV-07: Active option in the account picker is tinted brand red, not Material grey (289ms)
    ✓ OV-08: Selected option is brand red, not accent navy (navy reads as a link here) (211ms)
    ✓ OV-09: Consent toggle is unambiguous at arm’s length on a tablet (108ms)
    ✓ OV-09b: A granted consent reads green, not brand red (102ms)
    ✓ OV-10: Section ink bar is legible on a 4K branch display (140ms)
    ✓ OV-10b: The active section label is the brand accent and stays readable in both palettes (119ms)
    ✓ OV-11: Category chips keep a 28px rhythm inside the filter drawer (122ms)
    ✓ OV-12: Step-up dialog matches the mobile MFA modal: tight padding, squared corners (302ms)
    ✓ OV-12b: A short confirmation body never acquires an inner scrollbar (190ms)
    ✓ OV-13: Selected day is brand red; today is outlined, not a second filled circle (298ms)
    ✓ OV-14: Range label stays on screen on a 1280px branch terminal (171ms)
    ✓ OV-15: Payee panel never covers the Confirmation of Payee copy (261ms)
    ✓ OV-16: Amount entry right-aligns on tabular numerals (119ms)
    ✓ OV-17: Compact density is materially shorter than the default field (112ms)
    ✓ OV-18: Legacy shell embeds tabs without a second divider line (208ms)
  design system — override contract (dark surface)
    ✓ the dark surface is actually dark (else every probe below is vacuous) (291ms)
    ✓ OV-01c [dark]: Disabled field *value* stays legible, not just its label (115ms)
    ✓ OV-01d [dark]: Validation copy uses the brand danger red, which clears AA (Material’s does not) (107ms)
    ✓ OV-05c [dark]: Header cells carry the slate-900 brand weight, not the Material grey (124ms)
    ✓ OV-05d [dark]: Zebra striping on even rows for statement scanability (106ms)
    ✓ OV-07 [dark]: Active option in the account picker is tinted brand red, not Material grey (365ms)
    ✓ OV-10 [dark]: Section ink bar is legible on a 4K branch display (115ms)
    ✓ OV-10b [dark]: The active section label is the brand accent and stays readable in both palettes (111ms)
    ✓ OV-11 [dark]: Category chips keep a 28px rhythm inside the filter drawer (230ms)
    ✓ OV-15 [dark]: Payee panel never covers the Confirmation of Payee copy (268ms)
    ✓ OV-17 [dark]: Compact density is materially shorter than the default field (121ms)
    ✓ OV-18 [dark]: Legacy shell embeds tabs without a second divider line (116ms)
  design system — legibility (WCAG AA, light surface)
    1) statement table: even (striped) row clears 4.5:1
    2) statement table: odd row clears 4.5:1
    3) statement table: header cell clears 4.5:1
    4) form field: field label clears 4.5:1
    5) form field: entered value clears 4.5:1
    6) form field: hint clears 4.5:1
    7) form field: disabled value clears 4.5:1
    8) form field: error message clears 4.5:1
    9) tabs: inactive tab label clears 4.5:1
    10) tabs: active tab label clears 4.5:1
    11) select: trigger text clears 4.5:1
    ✓ chips: chip label clears 4.5:1 (120ms)
    12) paginator: range label clears 4.5:1
    13) currency input: amount clears 4.5:1
    ✓ tabs: the active-section ink bar clears 3:1 (non-text contrast) (242ms)
    14) datepicker: the toggle icon clears 3:1 (non-text contrast)
  design system — legibility (WCAG AA, dark surface)
    ✓ statement table: even (striped) row clears 4.5:1 (150ms)
    ✓ statement table: odd row clears 4.5:1 (135ms)
    ✓ statement table: header cell clears 4.5:1 (144ms)
    ✓ form field: field label clears 4.5:1 (143ms)
    ✓ form field: entered value clears 4.5:1 (142ms)
    ✓ form field: hint clears 4.5:1 (127ms)
    ✓ form field: disabled value clears 4.5:1 (166ms)
    ✓ form field: error message clears 4.5:1 (119ms)
    ✓ tabs: inactive tab label clears 4.5:1 (148ms)
    ✓ tabs: active tab label clears 4.5:1 (129ms)
    ✓ select: trigger text clears 4.5:1 (196ms)
    ✓ chips: chip label clears 4.5:1 (350ms)
    ✓ paginator: range label clears 4.5:1 (169ms)
    ✓ currency input: amount clears 4.5:1 (140ms)
    ✓ tabs: the active-section ink bar clears 3:1 (non-text contrast) (129ms)
    ✓ datepicker: the toggle icon clears 3:1 (non-text contrast) (134ms)
  design system — the contrast oracle itself
    15) a fully transparent chain resolves to the canvas, not to opaque black
    16) composites a semi-transparent foreground instead of treating it as opaque
    ✓ composites a semi-transparent background over the layer behind it (123ms)
    ✓ agrees with the published figure on a known opaque pair (124ms)
  59 passing (13s)
  16 failing
  1) design system — legibility (WCAG AA, light surface)
       statement table: even (striped) row clears 4.5:1:
      AssertionError: statement table / even (striped) row: rgba(0, 0, 0, 0.87) → rgb(0, 0, 0) on rgb(0, 0, 0): expected 1 to be at least 4.5
      + expected - actual
      -1
      +4.5
      
      at Context.eval (webpack:///./src/e2e/override-contract.cy.ts:268:71)

  2) design system — legibility (WCAG AA, light surface)
       statement table: odd row clears 4.5:1:
      AssertionError: statement table / odd row: rgba(0, 0, 0, 0.87) → rgb(0, 0, 0) on rgb(0, 0, 0): expected 1 to be at least 4.5
      + expected - actual
      -1
      +4.5
      
      at Context.eval (webpack:///./src/e2e/override-contract.cy.ts:268:71)

  3) design system — legibility (WCAG AA, light surface)
       statement table: header cell clears 4.5:1:
      AssertionError: statement table / header cell: rgb(18, 22, 29) → rgb(18, 22, 29) on rgb(0, 0, 0): expected 1.1582250796635216 to be at least 4.5
      + expected - actual
      -1.1582250796635216
      +4.5
      
      at Context.eval (webpack:///./src/e2e/override-contract.cy.ts:268:71)

  4) design system — legibility (WCAG AA, light surface)
       form field: field label clears 4.5:1:
      AssertionError: form field / field label: rgba(0, 0, 0, 0.6) → rgb(0, 0, 0) on rgb(0, 0, 0): expected 1 to be at least 4.5
      + expected - actual
      -1
      +4.5
      
      at Context.eval (webpack:///./src/e2e/override-contract.cy.ts:268:71)

  5) design system — legibility (WCAG AA, light surface)
       form field: entered value clears 4.5:1:
      AssertionError: form field / entered value: rgb(18, 22, 29) → rgb(18, 22, 29) on rgb(0, 0, 0): expected 1.1582250796635216 to be at least 4.5
      + expected - actual
      -1.1582250796635216
      +4.5
      
      at Context.eval (webpack:///./src/e2e/override-contract.cy.ts:268:71)

  6) design system — legibility (WCAG AA, light surface)
       form field: hint clears 4.5:1:
      AssertionError: form field / hint: rgba(0, 0, 0, 0.6) → rgb(0, 0, 0) on rgb(0, 0, 0): expected 1 to be at least 4.5
      + expected - actual
      -1
      +4.5
      
      at Context.eval (webpack:///./src/e2e/override-contract.cy.ts:268:71)

  7) design system — legibility (WCAG AA, light surface)
       form field: disabled value clears 4.5:1:
      AssertionError: form field / disabled value: rgb(93, 102, 115) → rgb(93, 102, 115) on rgb(0, 0, 0): expected 3.6135406151933367 to be at least 4.5
      + expected - actual
      -3.6135406151933367
      +4.5
      
      at Context.eval (webpack:///./src/e2e/override-contract.cy.ts:268:71)

  8) design system — legibility (WCAG AA, light surface)
       form field: error message clears 4.5:1:
      AssertionError: form field / error message: rgb(176, 0, 32) → rgb(176, 0, 32) on rgb(0, 0, 0): expected 2.8668781711677895 to be at least 4.5
      + expected - actual
      -2.8668781711677895
      +4.5
      
      at Context.eval (webpack:///./src/e2e/override-contract.cy.ts:268:71)

  9) design system — legibility (WCAG AA, light surface)
       tabs: inactive tab label clears 4.5:1:
      AssertionError: tabs / inactive tab label: rgba(0, 0, 0, 0.87) → rgb(0, 0, 0) on rgb(0, 0, 0): expected 1 to be at least 4.5
      + expected - actual
      -1
      +4.5
      
      at Context.eval (webpack:///./src/e2e/override-contract.cy.ts:268:71)

  10) design system — legibility (WCAG AA, light surface)
       tabs: active tab label clears 4.5:1:
      AssertionError: tabs / active tab label: rgb(200, 16, 46) → rgb(200, 16, 46) on rgb(0, 0, 0): expected 3.5694398151439466 to be at least 4.5
      + expected - actual
      -3.5694398151439466
      +4.5
      
      at Context.eval (webpack:///./src/e2e/override-contract.cy.ts:268:71)

  11) design system — legibility (WCAG AA, light surface)
       select: trigger text clears 4.5:1:
      AssertionError: select / trigger text: rgba(0, 0, 0, 0.87) → rgb(0, 0, 0) on rgb(0, 0, 0): expected 1 to be at least 4.5
      + expected - actual
      -1
      +4.5
      
      at Context.eval (webpack:///./src/e2e/override-contract.cy.ts:268:71)

  12) design system — legibility (WCAG AA, light surface)
       paginator: range label clears 4.5:1:
      AssertionError: paginator / range label: rgba(0, 0, 0, 0.54) → rgb(0, 0, 0) on rgb(0, 0, 0): expected 1 to be at least 4.5
      + expected - actual
      -1
      +4.5
      
      at Context.eval (webpack:///./src/e2e/override-contract.cy.ts:268:71)

  13) design system — legibility (WCAG AA, light surface)
       currency input: amount clears 4.5:1:
      AssertionError: currency input / amount: rgb(18, 22, 29) → rgb(18, 22, 29) on rgb(0, 0, 0): expected 1.1582250796635216 to be at least 4.5
      + expected - actual
      -1.1582250796635216
      +4.5
      
      at Context.eval (webpack:///./src/e2e/override-contract.cy.ts:268:71)

  14) design system — legibility (WCAG AA, light surface)
       datepicker: the toggle icon clears 3:1 (non-text contrast):
      AssertionError: datepicker toggle icon: rgba(0, 0, 0, 0.54) → rgb(0, 0, 0) on rgb(0, 0, 0): expected 1 to be at least 3
      + expected - actual
      -1
      +3
      
      at Context.eval (webpack:///./src/e2e/override-contract.cy.ts:299:70)

  15) design system — the contrast oracle itself
       a fully transparent chain resolves to the canvas, not to opaque black:
     AssertionError: expected 21 to be close to 1 +/- 0.01
      at eval (webpack:///./src/e2e/override-contract.cy.ts:337:26)
      at Context.eval (webpack:///./src/e2e/override-contract.cy.ts:329:6)

  16) design system — the contrast oracle itself
       composites a semi-transparent foreground instead of treating it as opaque:
     AssertionError: expected 10.049743700462349 to be close to 3.87 +/- 0.02
      at eval (webpack:///./src/e2e/override-contract.cy.ts:345:26)
      at Context.eval (webpack:///./src/e2e/override-contract.cy.ts:329:6)

  (Results)
  ┌────────────────────────────────────────────────────────────────────────────────────────────────┐
  │ Tests:        75                                                                               │
  │ Passing:      59                                                                               │
  │ Failing:      16                                                                               │
  │ Pending:      0                                                                                │
  │ Skipped:      0                                                                                │
  │ Screenshots:  0                                                                                │
  │ Video:        false                                                                            │
  │ Duration:     13 seconds                                                                       │
  │ Spec Ran:     override-contract.cy.ts                                                          │
  └────────────────────────────────────────────────────────────────────────────────────────────────┘
====================================================================================================
  (Run Finished)
       Spec                                              Tests  Passing  Failing  Pending  Skipped  
  ┌────────────────────────────────────────────────────────────────────────────────────────────────┐
  │ ✔  design-system.cy.ts                      00:08       23       23        -        -        - │
  ├────────────────────────────────────────────────────────────────────────────────────────────────┤
  │ ✖  override-contract.cy.ts                  00:13       75       59       16        -        - │
  └────────────────────────────────────────────────────────────────────────────────────────────────┘
    ✖  1 of 2 failed (50%)                      00:22       98       82       16        -        -  

 

 >  NX   Running target "retail-banking-e2e:e2e" failed

   Failed tasks:
   
   - retail-banking-e2e:e2e
   
   Hint: run the command with --verbose for more details.

