=== delete-rule-dark-zebra :: 2026-07-29T11:46:49Z ===

> bofa-digital-banking@0.0.0 visual
> docker run --rm -u $(id -u):$(id -g) -e HOME=/tmp -e CYPRESS_CACHE_FOLDER=/root/.cache/Cypress -v "$PWD/..":/w -w /w/bofa-digital-banking --entrypoint bash cypress/included@sha256:058d1834239bf09b381325b8369d05e9e0516a46b65b32e6dc0c991801dc517a -c 'npx nx e2e retail-banking-e2e --skip-nx-cache'


> nx run retail-banking-e2e:e2e

- Generating browser application bundles (phase: setup)...
✔ Browser application bundle generation complete.

Initial Chunk Files                                        | Names                    |  Raw Size
vendor.js                                                  | vendor                   |   4.97 MB | 
styles.css, styles.js                                      | styles                   | 315.34 kB | 
polyfills.js                                               | polyfills                | 239.94 kB | 
main.js                                                    | main                     | 148.25 kB | 
runtime.js                                                 | runtime                  |  12.61 kB | 

                                                           | Initial Total            |   5.67 MB

Lazy Chunk Files                                           | Names                    |  Raw Size
apps_retail-banking_src_app_showcase_showcase_module_ts.js | showcase-showcase-module |  47.78 kB | 

Build at: 2026-07-29T11:47:04.819Z - Hash: 2a21652060c2eccc - Time: 11907ms

** Angular Live Development Server is listening on localhost:4200, open your browser on http://localhost:4200/ **


✔ Compiled successfully.
libva error: vaGetDriverNameByIndex() failed with unknown libva error, driver_name = (null)
[218:0729/114705.706839:ERROR:gpu_memory_buffer_support_x11.cc(44)] dri3 extension not supported.
====================================================================================================
  (Run Starting)
  ┌────────────────────────────────────────────────────────────────────────────────────────────────┐
  │ Cypress:        10.11.0                                                                        │
  │ Browser:        Electron 106 (headless)                                                        │
  │ Node Version:   v16.16.0 (/usr/local/bin/node)                                                 │
  │ Specs:          3 found (design-system.cy.ts, legibility-sweep.cy.ts, override-contract.cy.ts) │
  │ Searched:       src/**/*.cy.{js,jsx,ts,tsx}                                                    │
  └────────────────────────────────────────────────────────────────────────────────────────────────┘
────────────────────────────────────────────────────────────────────────────────────────────────────
                                                                                                    
  Running:  design-system.cy.ts                                                             (1 of 3)

  design system — visual baseline
[visual] button-default: 0 px (budget 40)
    ✓ button renders to spec (876ms)
[visual] form-field-default: 0 px (budget 40)
    ✓ form-field renders to spec (605ms)
[visual] select-default: 0 px (budget 40)
    ✓ select renders to spec (342ms)
[visual] datepicker-default: 0 px (budget 40)
    ✓ datepicker renders to spec (335ms)
[visual] table-default: 0 px (budget 40)
    ✓ table renders to spec (388ms)
[visual] dialog-default: 0 px (budget 40)
    ✓ dialog renders to spec (363ms)
[visual] tabs-default: 0 px (budget 40)
    ✓ tabs renders to spec (391ms)
[visual] chips-default: 0 px (budget 40)
    ✓ chips renders to spec (400ms)
[visual] slide-toggle-default: 0 px (budget 40)
    ✓ slide-toggle renders to spec (369ms)
[visual] autocomplete-default: 0 px (budget 40)
    ✓ autocomplete renders to spec (374ms)
[visual] paginator-default: 0 px (budget 40)
    ✓ paginator renders to spec (369ms)
[visual] currency-input-default: 0 px (budget 40)
    ✓ currency-input renders to spec (400ms)
[visual] responsive-grid-default: 0 px (budget 40)
    ✓ responsive-grid renders to spec (374ms)
    ✓ form field renders its disabled and error states (223ms)
    ✓ button exposes a disabled state (155ms)
[visual] responsive-grid-md: 0 px (budget 40)
    ✓ responsive grid collapses below the md breakpoint (331ms)
[visual] responsive-grid-sm: 0 px (budget 40)
    ✓ responsive grid hides the detail pane below the sm breakpoint (297ms)
  design system — overlay and interaction states
[visual] dialog-open: 0 px (budget 40)
    ✓ opens the real dialog overlay (451ms)
[visual] select-panel-open: 0 px (budget 40)
    ✓ opens the select panel (444ms)
[visual] autocomplete-panel-open: 0 px (budget 40)
    ✓ opens the autocomplete panel (486ms)
[visual] datepicker-calendar-open: 0 px (budget 40)
    ✓ opens the datepicker calendar (449ms)
[visual] button-focus-ring: 0 px (budget 40)
    ✓ shows the keyboard focus ring on the primary button (446ms)
  retail banking — customer surface
[visual] accounts-dashboard: 0 px (budget 40)
    ✓ renders the accounts dashboard (500ms)
  23 passing (9s)
  (Results)
  ┌────────────────────────────────────────────────────────────────────────────────────────────────┐
  │ Tests:        23                                                                               │
  │ Passing:      23                                                                               │
  │ Failing:      0                                                                                │
  │ Pending:      0                                                                                │
  │ Skipped:      0                                                                                │
  │ Screenshots:  21                                                                               │
  │ Video:        false                                                                            │
  │ Duration:     9 seconds                                                                        │
  │ Spec Ran:     design-system.cy.ts                                                              │
  └────────────────────────────────────────────────────────────────────────────────────────────────┘
  (Screenshots)
  -  /w/bofa-digital-banking/dist/cypress/apps/retail-banking-e2e/screenshots/design-     (1280x720)
     system.cy.ts/vr__button-default.png                                                            
  -  /w/bofa-digital-banking/dist/cypress/apps/retail-banking-e2e/screenshots/design-     (1280x720)
     system.cy.ts/vr__form-field-default.png                                                        
  -  /w/bofa-digital-banking/dist/cypress/apps/retail-banking-e2e/screenshots/design-     (1280x720)
     system.cy.ts/vr__select-default.png                                                            
  -  /w/bofa-digital-banking/dist/cypress/apps/retail-banking-e2e/screenshots/design-     (1280x720)
     system.cy.ts/vr__datepicker-default.png                                                        
  -  /w/bofa-digital-banking/dist/cypress/apps/retail-banking-e2e/screenshots/design-     (1280x720)
     system.cy.ts/vr__table-default.png                                                             
  -  /w/bofa-digital-banking/dist/cypress/apps/retail-banking-e2e/screenshots/design-     (1280x720)
     system.cy.ts/vr__dialog-default.png                                                            
  -  /w/bofa-digital-banking/dist/cypress/apps/retail-banking-e2e/screenshots/design-     (1280x720)
     system.cy.ts/vr__tabs-default.png                                                              
  -  /w/bofa-digital-banking/dist/cypress/apps/retail-banking-e2e/screenshots/design-     (1280x720)
     system.cy.ts/vr__chips-default.png                                                             
  -  /w/bofa-digital-banking/dist/cypress/apps/retail-banking-e2e/screenshots/design-     (1280x720)
     system.cy.ts/vr__slide-toggle-default.png                                                      
  -  /w/bofa-digital-banking/dist/cypress/apps/retail-banking-e2e/screenshots/design-     (1280x720)
     system.cy.ts/vr__autocomplete-default.png                                                      
  -  /w/bofa-digital-banking/dist/cypress/apps/retail-banking-e2e/screenshots/design-     (1280x720)
     system.cy.ts/vr__paginator-default.png                                                         
  -  /w/bofa-digital-banking/dist/cypress/apps/retail-banking-e2e/screenshots/design-     (1280x720)
     system.cy.ts/vr__currency-input-default.png                                                    
  -  /w/bofa-digital-banking/dist/cypress/apps/retail-banking-e2e/screenshots/design-     (1280x720)
     system.cy.ts/vr__responsive-grid-default.png                                                   
  -  /w/bofa-digital-banking/dist/cypress/apps/retail-banking-e2e/screenshots/design-      (768x720)
     system.cy.ts/vr__responsive-grid-md.png                                                        
  -  /w/bofa-digital-banking/dist/cypress/apps/retail-banking-e2e/screenshots/design-      (560x720)
     system.cy.ts/vr__responsive-grid-sm.png                                                        
  -  /w/bofa-digital-banking/dist/cypress/apps/retail-banking-e2e/screenshots/design-     (1280x720)
     system.cy.ts/vr__dialog-open.png                                                               
  -  /w/bofa-digital-banking/dist/cypress/apps/retail-banking-e2e/screenshots/design-     (1280x720)
     system.cy.ts/vr__select-panel-open.png                                                         
  -  /w/bofa-digital-banking/dist/cypress/apps/retail-banking-e2e/screenshots/design-     (1280x720)
     system.cy.ts/vr__autocomplete-panel-open.png                                                   
  -  /w/bofa-digital-banking/dist/cypress/apps/retail-banking-e2e/screenshots/design-     (1280x720)
     system.cy.ts/vr__datepicker-calendar-open.png                                                  
  -  /w/bofa-digital-banking/dist/cypress/apps/retail-banking-e2e/screenshots/design-     (1280x720)
     system.cy.ts/vr__button-focus-ring.png                                                         
  -  /w/bofa-digital-banking/dist/cypress/apps/retail-banking-e2e/screenshots/design-     (1280x720)
     system.cy.ts/vr__accounts-dashboard.png                                                        
────────────────────────────────────────────────────────────────────────────────────────────────────
                                                                                                    
  Running:  legibility-sweep.cy.ts                                                          (2 of 3)

  legibility sweep — every visible text node (light)
    ✓ /accounts (customer dashboard): all text clears WCAG AA (650ms)
    ✓ /__showcase (index): all text clears WCAG AA (175ms)
    ✓ /sign-in: all text clears WCAG AA (230ms)
    ✓ /__showcase/button: all text clears WCAG AA (151ms)
    ✓ /__showcase/form-field: all text clears WCAG AA (132ms)
    ✓ /__showcase/select: all text clears WCAG AA (125ms)
    ✓ /__showcase/datepicker: all text clears WCAG AA (152ms)
    ✓ /__showcase/table: all text clears WCAG AA (127ms)
    ✓ /__showcase/dialog: all text clears WCAG AA (110ms)
    ✓ /__showcase/tabs: all text clears WCAG AA (254ms)
    ✓ /__showcase/chips: all text clears WCAG AA (113ms)
    ✓ /__showcase/slide-toggle: all text clears WCAG AA (105ms)
    ✓ /__showcase/autocomplete: all text clears WCAG AA (158ms)
    ✓ /__showcase/paginator: all text clears WCAG AA (113ms)
    ✓ /__showcase/currency-input: all text clears WCAG AA (159ms)
    ✓ /__showcase/responsive-grid: all text clears WCAG AA (120ms)
  legibility sweep — every visible text node (dark)
    1) /accounts (customer dashboard): all text clears WCAG AA
    ✓ /__showcase (index): all text clears WCAG AA (119ms)
    ✓ /sign-in: all text clears WCAG AA (151ms)
    ✓ /__showcase/button: all text clears WCAG AA (119ms)
    ✓ /__showcase/form-field: all text clears WCAG AA (117ms)
    ✓ /__showcase/select: all text clears WCAG AA (153ms)
    ✓ /__showcase/datepicker: all text clears WCAG AA (310ms)
    2) /__showcase/table: all text clears WCAG AA
    ✓ /__showcase/dialog: all text clears WCAG AA (122ms)
    ✓ /__showcase/tabs: all text clears WCAG AA (150ms)
    ✓ /__showcase/chips: all text clears WCAG AA (110ms)
    ✓ /__showcase/slide-toggle: all text clears WCAG AA (109ms)
    ✓ /__showcase/autocomplete: all text clears WCAG AA (119ms)
    ✓ /__showcase/paginator: all text clears WCAG AA (122ms)
    ✓ /__showcase/currency-input: all text clears WCAG AA (109ms)
    ✓ /__showcase/responsive-grid: all text clears WCAG AA (108ms)
  legibility sweep — the sweep itself
    ✓ measures a substantial number of nodes on a real route (146ms)
    ✓ catches illegible text planted on a swept route (165ms)
    ✓ catches an icon-only control whose glyph is invisible (124ms)
    ✓ composites a semi-transparent sibling painted over the text (162ms)
    ✓ does not report off-screen screen-reader-only text (217ms)
    ✓ fails text over artwork until the artwork is declared reviewed (157ms)
    ✓ ignores text that is hidden rather than reporting it as a defect (149ms)
    ✓ composites a covering layer that is raised with z-index but written first (129ms)
    ✓ measures text below the fold, because coverage cannot depend on page height (142ms)
    ✓ measures an icon-only control that is labelled with visually hidden text (135ms)
    ✓ does not composite a veil that paints nothing (237ms)
    ✓ requires the review declaration on the artwork itself, citing a ratio (214ms)
    ✓ measures a CSS-painted indicator, which no SVG sweep can see (114ms)
    ✓ does not report the dimmed page behind an open modal (203ms)
  44 passing (8s)
  2 failing
  1) legibility sweep — every visible text node (dark)
       /accounts (customer dashboard): all text clears WCAG AA:
     AssertionError: 10 illegible text node(s) on /accounts (customer dashboard) (dark):
  td.mat-cell.mat-column-date "2024-01-11" — 1.07:1, needs 4.5:1 (rgb(255, 255, 255) → rgb(255, 255, 255) on rgb(246, 247, 249))
  td.mat-cell.mat-column-description "Payroll ACME Corp" — 1.07:1, needs 4.5:1 (rgb(255, 255, 255) → rgb(255, 255, 255) on rgb(246, 247, 249))
  td.mat-cell.mat-column-reference "DEP 1190" — 1.07:1, needs 4.5:1 (rgb(255, 255, 255) → rgb(255, 255, 255) on rgb(246, 247, 249))
  td.mat-cell.bofa-cell--numeric.mat-column-amount "$3,210.00" — 1.07:1, needs 4.5:1 (rgb(255, 255, 255) → rgb(255, 255, 255) on rgb(246, 247, 249))
  td.mat-cell.bofa-cell--numeric.mat-column-balance "$4,963.62" — 1.07:1, needs 4.5:1 (rgb(255, 255, 255) → rgb(255, 255, 255) on rgb(246, 247, 249))
  td.mat-cell.mat-column-date "2024-01-08" — 1.07:1, needs 4.5:1 (rgb(255, 255, 255) → rgb(255, 255, 255) on rgb(246, 247, 249))
  td.mat-cell.mat-column-description "Verizon Wireless" — 1.07:1, needs 4.5:1 (rgb(255, 255, 255) → rgb(255, 255, 255) on rgb(246, 247, 249))
  td.mat-cell.mat-column-reference "ACH 7731" — 1.07:1, needs 4.5:1 (rgb(255, 255, 255) → rgb(255, 255, 255) on rgb(246, 247, 249))
  td.mat-cell.bofa-cell--numeric.mat-column-amount "-$88.40" — 1.07:1, needs 4.5:1 (rgb(255, 255, 255) → rgb(255, 255, 255) on rgb(246, 247, 249))
  td.mat-cell.bofa-cell--numeric.mat-column-balance "$2,253.62" — 1.07:1, needs 4.5:1 (rgb(255, 255, 255) → rgb(255, 255, 255) on rgb(246, 247, 249))
: expected [ Array(10) ] to have a length of 0 but got 10
      at Context.eval (webpack:///./src/e2e/legibility-sweep.cy.ts:80:20)

  2) legibility sweep — every visible text node (dark)
       /__showcase/table: all text clears WCAG AA:
     AssertionError: 10 illegible text node(s) on /__showcase/table (dark):
  td.mat-cell.mat-column-date "2024-01-11" — 1.07:1, needs 4.5:1 (rgb(255, 255, 255) → rgb(255, 255, 255) on rgb(246, 247, 249))
  td.mat-cell.mat-column-description "Payroll ACME Corp" — 1.07:1, needs 4.5:1 (rgb(255, 255, 255) → rgb(255, 255, 255) on rgb(246, 247, 249))
  td.mat-cell.mat-column-reference "DEP 1190" — 1.07:1, needs 4.5:1 (rgb(255, 255, 255) → rgb(255, 255, 255) on rgb(246, 247, 249))
  td.mat-cell.bofa-cell--numeric.mat-column-amount "$3,210.00" — 1.07:1, needs 4.5:1 (rgb(255, 255, 255) → rgb(255, 255, 255) on rgb(246, 247, 249))
  td.mat-cell.bofa-cell--numeric.mat-column-balance "$4,963.62" — 1.07:1, needs 4.5:1 (rgb(255, 255, 255) → rgb(255, 255, 255) on rgb(246, 247, 249))
  td.mat-cell.mat-column-date "2024-01-08" — 1.07:1, needs 4.5:1 (rgb(255, 255, 255) → rgb(255, 255, 255) on rgb(246, 247, 249))
  td.mat-cell.mat-column-description "Verizon Wireless" — 1.07:1, needs 4.5:1 (rgb(255, 255, 255) → rgb(255, 255, 255) on rgb(246, 247, 249))
  td.mat-cell.mat-column-reference "ACH 7731" — 1.07:1, needs 4.5:1 (rgb(255, 255, 255) → rgb(255, 255, 255) on rgb(246, 247, 249))
  td.mat-cell.bofa-cell--numeric.mat-column-amount "-$88.40" — 1.07:1, needs 4.5:1 (rgb(255, 255, 255) → rgb(255, 255, 255) on rgb(246, 247, 249))
  td.mat-cell.bofa-cell--numeric.mat-column-balance "$2,253.62" — 1.07:1, needs 4.5:1 (rgb(255, 255, 255) → rgb(255, 255, 255) on rgb(246, 247, 249))
: expected [ Array(10) ] to have a length of 0 but got 10
      at Context.eval (webpack:///./src/e2e/legibility-sweep.cy.ts:80:20)

  (Results)
  ┌────────────────────────────────────────────────────────────────────────────────────────────────┐
  │ Tests:        46                                                                               │
  │ Passing:      44                                                                               │
  │ Failing:      2                                                                                │
  │ Pending:      0                                                                                │
  │ Skipped:      0                                                                                │
  │ Screenshots:  0                                                                                │
  │ Video:        false                                                                            │
  │ Duration:     7 seconds                                                                        │
  │ Spec Ran:     legibility-sweep.cy.ts                                                           │
  └────────────────────────────────────────────────────────────────────────────────────────────────┘
────────────────────────────────────────────────────────────────────────────────────────────────────
                                                                                                    
  Running:  override-contract.cy.ts                                                         (3 of 3)

  design system — override contract (computed styles)
    ✓ OV-01: Disabled field label stays legible (WCAG AA) against the slate palette (593ms)
    ✓ OV-01b: Field underline uses the BoA slate rule, not the Material default (182ms)
    ✓ OV-01c: Disabled field *value* stays legible, not just its label (132ms)
    ✓ OV-01d: Validation copy uses the brand danger red, which clears AA (Material’s does not) (253ms)
    ✓ OV-02: Error text sits on a 20px line box so field height never jumps on validation (145ms)
    ✓ OV-03: Primary button is brand red with 8px optical icon/label spacing (127ms)
    ✓ OV-04: Keyboard focus ring is visible on white and on slate-50 (184ms)
    ✓ OV-05: Statement rows keep fixed heights so 50 rows paginate predictably in print (258ms)
    ✓ OV-05b: Currency figures use tabular numerals and right-align on the decimal (235ms)
    ✓ OV-05c: Header cells carry the slate-900 brand weight, not the Material grey (157ms)
    ✓ OV-05d: Zebra striping on even rows for statement scanability (239ms)
    ✓ OV-06: Sort arrow is dimmed until hover so it does not read as an active filter (195ms)
    ✓ OV-07: Active option in the account picker is tinted brand red, not Material grey (322ms)
    ✓ OV-08: Selected option is brand red, not accent navy (navy reads as a link here) (253ms)
    ✓ OV-09: Consent toggle is unambiguous at arm’s length on a tablet (126ms)
    ✓ OV-09b: A granted consent reads green, not brand red (131ms)
    ✓ OV-10: Section ink bar is legible on a 4K branch display (159ms)
    ✓ OV-10b: The active section label is the brand accent and stays readable in both palettes (281ms)
    ✓ OV-11: Category chips keep a 28px rhythm inside the filter drawer (132ms)
    ✓ OV-12: Step-up dialog matches the mobile MFA modal: tight padding, squared corners (203ms)
    ✓ OV-12b: A short confirmation body never acquires an inner scrollbar (197ms)
    ✓ OV-13: Selected day is brand red; today is outlined, not a second filled circle (331ms)
    ✓ OV-14: Range label stays on screen on a 1280px branch terminal (156ms)
    ✓ OV-15: Payee panel never covers the Confirmation of Payee copy (277ms)
    ✓ OV-16: Amount entry right-aligns on tabular numerals (291ms)
    ✓ OV-17: Compact density is materially shorter than the default field (119ms)
    ✓ OV-18: Legacy shell embeds tabs without a second divider line (121ms)
  design system — override contract (dark surface)
    ✓ the dark surface is actually dark (else every probe below is vacuous) (268ms)
    ✓ OV-01c [dark]: Disabled field *value* stays legible, not just its label (115ms)
    ✓ OV-01d [dark]: Validation copy uses the brand danger red, which clears AA (Material’s does not) (115ms)
    ✓ OV-05c [dark]: Header cells carry the slate-900 brand weight, not the Material grey (285ms)
    1) OV-05d [dark]: Zebra striping on even rows for statement scanability
    ✓ OV-07 [dark]: Active option in the account picker is tinted brand red, not Material grey (395ms)
    ✓ OV-10 [dark]: Section ink bar is legible on a 4K branch display (348ms)
    ✓ OV-10b [dark]: The active section label is the brand accent and stays readable in both palettes (210ms)
    ✓ OV-11 [dark]: Category chips keep a 28px rhythm inside the filter drawer (178ms)
    ✓ OV-15 [dark]: Payee panel never covers the Confirmation of Payee copy (326ms)
    ✓ OV-17 [dark]: Compact density is materially shorter than the default field (135ms)
    ✓ OV-18 [dark]: Legacy shell embeds tabs without a second divider line (121ms)
  design system — legibility (WCAG AA, light surface)
    ✓ statement table: even (striped) row clears 4.5:1 (131ms)
    ✓ statement table: odd row clears 4.5:1 (140ms)
    ✓ statement table: header cell clears 4.5:1 (366ms)
    ✓ form field: field label clears 4.5:1 (155ms)
    ✓ form field: entered value clears 4.5:1 (158ms)
    ✓ form field: hint clears 4.5:1 (114ms)
    ✓ form field: disabled value clears 4.5:1 (118ms)
    ✓ form field: error message clears 4.5:1 (109ms)
    ✓ tabs: inactive tab label clears 4.5:1 (123ms)
    ✓ tabs: active tab label clears 4.5:1 (235ms)
    ✓ select: trigger text clears 4.5:1 (141ms)
    ✓ chips: chip label clears 4.5:1 (138ms)
    ✓ paginator: range label clears 4.5:1 (141ms)
    ✓ currency input: amount clears 4.5:1 (127ms)
    ✓ tabs: the active-section ink bar clears 3:1 (non-text contrast) (125ms)
    ✓ datepicker: the toggle glyph clears 3:1 (non-text contrast) (104ms)
  design system — legibility (WCAG AA, dark surface)
    2) statement table: even (striped) row clears 4.5:1
    ✓ statement table: odd row clears 4.5:1 (184ms)
    ✓ statement table: header cell clears 4.5:1 (131ms)
    ✓ form field: field label clears 4.5:1 (143ms)
    ✓ form field: entered value clears 4.5:1 (219ms)
    ✓ form field: hint clears 4.5:1 (146ms)
    ✓ form field: disabled value clears 4.5:1 (119ms)
    ✓ form field: error message clears 4.5:1 (216ms)
    ✓ tabs: inactive tab label clears 4.5:1 (166ms)
    ✓ tabs: active tab label clears 4.5:1 (114ms)
    ✓ select: trigger text clears 4.5:1 (107ms)
    ✓ chips: chip label clears 4.5:1 (121ms)
    ✓ paginator: range label clears 4.5:1 (122ms)
    ✓ currency input: amount clears 4.5:1 (117ms)
    ✓ tabs: the active-section ink bar clears 3:1 (non-text contrast) (266ms)
    ✓ datepicker: the toggle glyph clears 3:1 (non-text contrast) (123ms)
  design system — the contrast oracle itself
    ✓ a fully transparent chain resolves to the canvas, not to opaque black (130ms)
    ✓ composites a semi-transparent foreground instead of treating it as opaque (163ms)
    ✓ composites a semi-transparent background over the layer behind it (108ms)
    ✓ agrees with the published figure on a known opaque pair (125ms)
    ✓ folds an ancestor `opacity` into the layer instead of ignoring it (109ms)
    ✓ refuses to score text over a gradient rather than reporting the canvas (252ms)
  75 passing (25s)
  2 failing
  1) design system — override contract (dark surface)
       OV-05d [dark]: Zebra striping on even rows for statement scanability:
      Timed out retrying after 10000ms
      + expected - actual
      -'rgb(246, 247, 249)'
      +'rgb(74, 79, 87)'
      
      at eval (webpack:///./src/e2e/override-contract.cy.ts:78:25)
  at Array.forEach (<anonymous>)
      at assertProbe (webpack:///./src/e2e/override-contract.cy.ts:77:27)
      at Context.eval (webpack:///./src/e2e/override-contract.cy.ts:111:52)

  2) design system — legibility (WCAG AA, dark surface)
       statement table: even (striped) row clears 4.5:1:
      AssertionError: statement table / even (striped) row[0]: rgb(255, 255, 255) → rgb(255, 255, 255) on rgb(246, 247, 249): expected 1.0719326855029048 to be at least 4.5
      + expected - actual
      -1.0719326855029048
      +4.5
      
      at Context.eval (webpack:///./src/e2e/override-contract.cy.ts:168:79)

  (Results)
  ┌────────────────────────────────────────────────────────────────────────────────────────────────┐
  │ Tests:        77                                                                               │
  │ Passing:      75                                                                               │
  │ Failing:      2                                                                                │
  │ Pending:      0                                                                                │
  │ Skipped:      0                                                                                │
  │ Screenshots:  0                                                                                │
  │ Video:        false                                                                            │
  │ Duration:     24 seconds                                                                       │
  │ Spec Ran:     override-contract.cy.ts                                                          │
  └────────────────────────────────────────────────────────────────────────────────────────────────┘
====================================================================================================
  (Run Finished)
       Spec                                              Tests  Passing  Failing  Pending  Skipped  
  ┌────────────────────────────────────────────────────────────────────────────────────────────────┐
  │ ✔  design-system.cy.ts                      00:09       23       23        -        -        - │
  ├────────────────────────────────────────────────────────────────────────────────────────────────┤
  │ ✖  legibility-sweep.cy.ts                   00:07       46       44        2        -        - │
  ├────────────────────────────────────────────────────────────────────────────────────────────────┤
  │ ✖  override-contract.cy.ts                  00:24       77       75        2        -        - │
  └────────────────────────────────────────────────────────────────────────────────────────────────┘
    ✖  2 of 3 failed (67%)                      00:41      146      142        4        -        -  

 

 >  NX   Running target "retail-banking-e2e:e2e" failed

   Failed tasks:
   
   - retail-banking-e2e:e2e
   
   Hint: run the command with --verbose for more details.

