=== delete-rule-ov01c :: 2026-07-29T07:28:35Z ===

> bofa-digital-banking@0.0.0 visual
> docker run --rm -u $(id -u):$(id -g) -e HOME=/tmp -e CYPRESS_CACHE_FOLDER=/root/.cache/Cypress -v "$PWD/..":/w -w /w/bofa-digital-banking --entrypoint bash cypress/included@sha256:058d1834239bf09b381325b8369d05e9e0516a46b65b32e6dc0c991801dc517a -c 'npx nx e2e retail-banking-e2e --skip-nx-cache'


> nx run retail-banking-e2e:e2e

- Generating browser application bundles (phase: setup)...
✔ Browser application bundle generation complete.

Initial Chunk Files                                        | Names                    |  Raw Size
vendor.js                                                  | vendor                   |   4.97 MB | 
styles.css, styles.js                                      | styles                   | 314.14 kB | 
polyfills.js                                               | polyfills                | 239.94 kB | 
main.js                                                    | main                     | 147.15 kB | 
runtime.js                                                 | runtime                  |  12.61 kB | 

                                                           | Initial Total            |   5.67 MB

Lazy Chunk Files                                           | Names                    |  Raw Size
apps_retail-banking_src_app_showcase_showcase_module_ts.js | showcase-showcase-module |  48.34 kB | 

Build at: 2026-07-29T07:28:50.122Z - Hash: c732f5677c8bf4a8 - Time: 11947ms

** Angular Live Development Server is listening on localhost:4200, open your browser on http://localhost:4200/ **


✔ Compiled successfully.
libva error: vaGetDriverNameByIndex() failed with unknown libva error, driver_name = (null)
[220:0729/072851.091229:ERROR:gpu_memory_buffer_support_x11.cc(44)] dri3 extension not supported.
====================================================================================================
  (Run Starting)
  ┌────────────────────────────────────────────────────────────────────────────────────────────────┐
  │ Cypress:        10.11.0                                                                        │
  │ Browser:        Electron 106 (headless)                                                        │
  │ Node Version:   v16.16.0 (/usr/local/bin/node)                                                 │
  │ Specs:          2 found (design-system.cy.ts, override-contract.cy.ts)                         │
  │ Searched:       src/**/*.cy.{js,jsx,ts,tsx}                                                    │
  └────────────────────────────────────────────────────────────────────────────────────────────────┘
────────────────────────────────────────────────────────────────────────────────────────────────────
                                                                                                    
  Running:  design-system.cy.ts                                                             (1 of 2)

  design system — visual baseline
[visual] button-default: 0 px (budget 40)
    ✓ button renders to spec (815ms)
[visual] form-field-default: 290 px (budget 40)
    1) form-field renders to spec
[visual] select-default: 0 px (budget 40)
    ✓ select renders to spec (331ms)
[visual] datepicker-default: 134 px (budget 40)
    2) datepicker renders to spec
[visual] table-default: 0 px (budget 40)
    ✓ table renders to spec (385ms)
[visual] dialog-default: 0 px (budget 40)
    ✓ dialog renders to spec (358ms)
[visual] tabs-default: 0 px (budget 40)
    ✓ tabs renders to spec (601ms)
[visual] chips-default: 0 px (budget 40)
    ✓ chips renders to spec (356ms)
[visual] slide-toggle-default: 0 px (budget 40)
    ✓ slide-toggle renders to spec (371ms)
[visual] autocomplete-default: 205 px (budget 40)
    3) autocomplete renders to spec
[visual] paginator-default: 0 px (budget 40)
    ✓ paginator renders to spec (373ms)
[visual] currency-input-default: 86 px (budget 40)
    4) currency-input renders to spec
[visual] responsive-grid-default: 0 px (budget 40)
    ✓ responsive-grid renders to spec (382ms)
    ✓ form field renders its disabled and error states (239ms)
    ✓ button exposes a disabled state (124ms)
[visual] responsive-grid-md: 0 px (budget 40)
    ✓ responsive grid collapses below the md breakpoint (330ms)
[visual] responsive-grid-sm: 0 px (budget 40)
    ✓ responsive grid hides the detail pane below the sm breakpoint (327ms)
  design system — overlay and interaction states
[visual] dialog-open: 0 px (budget 40)
    ✓ opens the real dialog overlay (447ms)
[visual] select-panel-open: 0 px (budget 40)
    ✓ opens the select panel (435ms)
[visual] autocomplete-panel-open: 205 px (budget 40)
    5) opens the autocomplete panel
[visual] datepicker-calendar-open: 134 px (budget 40)
    6) opens the datepicker calendar
[visual] button-focus-ring: 0 px (budget 40)
    ✓ shows the keyboard focus ring on the primary button (447ms)
  retail banking — customer surface
[visual] accounts-dashboard: 0 px (budget 40)
    ✓ renders the accounts dashboard (469ms)
  17 passing (10s)
  6 failing
  1) design system — visual baseline
       form-field renders to spec:
     Error: Visual regression on form-field-default: 290 pixels differ (0.031%). Diff written to /w/bofa-digital-banking/apps/retail-banking-e2e/visual-diffs/form-field-default.diff.png. Explain the change in the PR or fix it. Do not re-baseline to make this pass.
      at Context.eval (webpack:///./src/support/commands.ts:59:14)

  2) design system — visual baseline
       datepicker renders to spec:
     Error: Visual regression on datepicker-default: 134 pixels differ (0.015%). Diff written to /w/bofa-digital-banking/apps/retail-banking-e2e/visual-diffs/datepicker-default.diff.png. Explain the change in the PR or fix it. Do not re-baseline to make this pass.
      at Context.eval (webpack:///./src/support/commands.ts:59:14)

  3) design system — visual baseline
       autocomplete renders to spec:
     Error: Visual regression on autocomplete-default: 205 pixels differ (0.022%). Diff written to /w/bofa-digital-banking/apps/retail-banking-e2e/visual-diffs/autocomplete-default.diff.png. Explain the change in the PR or fix it. Do not re-baseline to make this pass.
      at Context.eval (webpack:///./src/support/commands.ts:59:14)

  4) design system — visual baseline
       currency-input renders to spec:
     Error: Visual regression on currency-input-default: 86 pixels differ (0.009%). Diff written to /w/bofa-digital-banking/apps/retail-banking-e2e/visual-diffs/currency-input-default.diff.png. Explain the change in the PR or fix it. Do not re-baseline to make this pass.
      at Context.eval (webpack:///./src/support/commands.ts:59:14)

  5) design system — overlay and interaction states
       opens the autocomplete panel:
     Error: Visual regression on autocomplete-panel-open: 205 pixels differ (0.022%). Diff written to /w/bofa-digital-banking/apps/retail-banking-e2e/visual-diffs/autocomplete-panel-open.diff.png. Explain the change in the PR or fix it. Do not re-baseline to make this pass.
      at Context.eval (webpack:///./src/support/commands.ts:59:14)

  6) design system — overlay and interaction states
       opens the datepicker calendar:
     Error: Visual regression on datepicker-calendar-open: 134 pixels differ (0.015%). Diff written to /w/bofa-digital-banking/apps/retail-banking-e2e/visual-diffs/datepicker-calendar-open.diff.png. Explain the change in the PR or fix it. Do not re-baseline to make this pass.
      at Context.eval (webpack:///./src/support/commands.ts:59:14)

  (Results)
  ┌────────────────────────────────────────────────────────────────────────────────────────────────┐
  │ Tests:        23                                                                               │
  │ Passing:      17                                                                               │
  │ Failing:      6                                                                                │
  │ Pending:      0                                                                                │
  │ Skipped:      0                                                                                │
  │ Screenshots:  21                                                                               │
  │ Video:        false                                                                            │
  │ Duration:     9 seconds                                                                        │
  │ Spec Ran:     design-system.cy.ts                                                              │
  └────────────────────────────────────────────────────────────────────────────────────────────────┘
  (Screenshots)
  -  /w/bofa-digital-banking/dist/cypress/apps/retail-banking-e2e/screenshots/design-     (1280x720)
     system.cy.ts/vr__button-default.png                                                            
  -  /w/bofa-digital-banking/dist/cypress/apps/retail-banking-e2e/screenshots/design-     (1280x720)
     system.cy.ts/vr__form-field-default.png                                                        
  -  /w/bofa-digital-banking/dist/cypress/apps/retail-banking-e2e/screenshots/design-     (1280x720)
     system.cy.ts/vr__select-default.png                                                            
  -  /w/bofa-digital-banking/dist/cypress/apps/retail-banking-e2e/screenshots/design-     (1280x720)
     system.cy.ts/vr__datepicker-default.png                                                        
  -  /w/bofa-digital-banking/dist/cypress/apps/retail-banking-e2e/screenshots/design-     (1280x720)
     system.cy.ts/vr__table-default.png                                                             
  -  /w/bofa-digital-banking/dist/cypress/apps/retail-banking-e2e/screenshots/design-     (1280x720)
     system.cy.ts/vr__dialog-default.png                                                            
  -  /w/bofa-digital-banking/dist/cypress/apps/retail-banking-e2e/screenshots/design-     (1280x720)
     system.cy.ts/vr__tabs-default.png                                                              
  -  /w/bofa-digital-banking/dist/cypress/apps/retail-banking-e2e/screenshots/design-     (1280x720)
     system.cy.ts/vr__chips-default.png                                                             
  -  /w/bofa-digital-banking/dist/cypress/apps/retail-banking-e2e/screenshots/design-     (1280x720)
     system.cy.ts/vr__slide-toggle-default.png                                                      
  -  /w/bofa-digital-banking/dist/cypress/apps/retail-banking-e2e/screenshots/design-     (1280x720)
     system.cy.ts/vr__autocomplete-default.png                                                      
  -  /w/bofa-digital-banking/dist/cypress/apps/retail-banking-e2e/screenshots/design-     (1280x720)
     system.cy.ts/vr__paginator-default.png                                                         
  -  /w/bofa-digital-banking/dist/cypress/apps/retail-banking-e2e/screenshots/design-     (1280x720)
     system.cy.ts/vr__currency-input-default.png                                                    
  -  /w/bofa-digital-banking/dist/cypress/apps/retail-banking-e2e/screenshots/design-     (1280x720)
     system.cy.ts/vr__responsive-grid-default.png                                                   
  -  /w/bofa-digital-banking/dist/cypress/apps/retail-banking-e2e/screenshots/design-      (768x720)
     system.cy.ts/vr__responsive-grid-md.png                                                        
  -  /w/bofa-digital-banking/dist/cypress/apps/retail-banking-e2e/screenshots/design-      (560x720)
     system.cy.ts/vr__responsive-grid-sm.png                                                        
  -  /w/bofa-digital-banking/dist/cypress/apps/retail-banking-e2e/screenshots/design-     (1280x720)
     system.cy.ts/vr__dialog-open.png                                                               
  -  /w/bofa-digital-banking/dist/cypress/apps/retail-banking-e2e/screenshots/design-     (1280x720)
     system.cy.ts/vr__select-panel-open.png                                                         
  -  /w/bofa-digital-banking/dist/cypress/apps/retail-banking-e2e/screenshots/design-     (1280x720)
     system.cy.ts/vr__autocomplete-panel-open.png                                                   
  -  /w/bofa-digital-banking/dist/cypress/apps/retail-banking-e2e/screenshots/design-     (1280x720)
     system.cy.ts/vr__datepicker-calendar-open.png                                                  
  -  /w/bofa-digital-banking/dist/cypress/apps/retail-banking-e2e/screenshots/design-     (1280x720)
     system.cy.ts/vr__button-focus-ring.png                                                         
  -  /w/bofa-digital-banking/dist/cypress/apps/retail-banking-e2e/screenshots/design-     (1280x720)
     system.cy.ts/vr__accounts-dashboard.png                                                        
────────────────────────────────────────────────────────────────────────────────────────────────────
                                                                                                    
  Running:  override-contract.cy.ts                                                         (2 of 2)

  design system — override contract (computed styles)
    ✓ OV-01: Disabled field label stays legible (WCAG AA) against the slate palette (624ms)
    ✓ OV-01b: Field underline uses the BoA slate rule, not the Material default (180ms)
    1) OV-01c: Disabled field *value* stays legible, not just its label
    ✓ OV-01d: Validation copy uses the brand danger red, which clears AA (Material’s does not) (259ms)
    ✓ OV-02: Error text sits on a 20px line box so field height never jumps on validation (191ms)
    ✓ OV-03: Primary button is brand red with 8px optical icon/label spacing (155ms)
    ✓ OV-04: Keyboard focus ring is visible on white and on slate-50 (182ms)
    ✓ OV-05: Statement rows keep fixed heights so 50 rows paginate predictably in print (134ms)
    ✓ OV-05b: Currency figures use tabular numerals and right-align on the decimal (142ms)
    ✓ OV-05c: Header cells carry the slate-900 brand weight, not the Material grey (131ms)
    ✓ OV-05d: Zebra striping on even rows for statement scanability (244ms)
    ✓ OV-06: Sort arrow is dimmed until hover so it does not read as an active filter (181ms)
    ✓ OV-07: Active option in the account picker is tinted brand red, not Material grey (277ms)
    ✓ OV-08: Selected option is brand red, not accent navy (navy reads as a link here) (227ms)
    ✓ OV-09: Consent toggle is unambiguous at arm’s length on a tablet (121ms)
    ✓ OV-09b: A granted consent reads green, not brand red (104ms)
    ✓ OV-10: Section ink bar is legible on a 4K branch display (170ms)
    ✓ OV-10b: The active section label is the brand accent and stays readable in both palettes (113ms)
    ✓ OV-11: Category chips keep a 28px rhythm inside the filter drawer (266ms)
    ✓ OV-12: Step-up dialog matches the mobile MFA modal: tight padding, squared corners (201ms)
    ✓ OV-12b: A short confirmation body never acquires an inner scrollbar (203ms)
    ✓ OV-13: Selected day is brand red; today is outlined, not a second filled circle (231ms)
    ✓ OV-14: Range label stays on screen on a 1280px branch terminal (126ms)
    ✓ OV-15: Payee panel never covers the Confirmation of Payee copy (290ms)
    ✓ OV-16: Amount entry right-aligns on tabular numerals (107ms)
    ✓ OV-17: Compact density is materially shorter than the default field (241ms)
    ✓ OV-18: Legacy shell embeds tabs without a second divider line (121ms)
  design system — override contract (dark surface)
    ✓ the dark surface is actually dark (else every probe below is vacuous) (257ms)
    ✓ OV-01c [dark]: Disabled field *value* stays legible, not just its label (114ms)
    ✓ OV-01d [dark]: Validation copy uses the brand danger red, which clears AA (Material’s does not) (113ms)
    ✓ OV-05c [dark]: Header cells carry the slate-900 brand weight, not the Material grey (128ms)
    ✓ OV-05d [dark]: Zebra striping on even rows for statement scanability (118ms)
    ✓ OV-07 [dark]: Active option in the account picker is tinted brand red, not Material grey (251ms)
    ✓ OV-10 [dark]: Section ink bar is legible on a 4K branch display (123ms)
    ✓ OV-10b [dark]: The active section label is the brand accent and stays readable in both palettes (190ms)
    ✓ OV-11 [dark]: Category chips keep a 28px rhythm inside the filter drawer (217ms)
    ✓ OV-15 [dark]: Payee panel never covers the Confirmation of Payee copy (286ms)
    ✓ OV-17 [dark]: Compact density is materially shorter than the default field (109ms)
    ✓ OV-18 [dark]: Legacy shell embeds tabs without a second divider line (118ms)
  design system — legibility (WCAG AA, light surface)
    ✓ statement table: even (striped) row clears 4.5:1 (116ms)
    ✓ statement table: odd row clears 4.5:1 (121ms)
    ✓ statement table: header cell clears 4.5:1 (157ms)
    ✓ form field: field label clears 4.5:1 (237ms)
    ✓ form field: entered value clears 4.5:1 (153ms)
    ✓ form field: hint clears 4.5:1 (141ms)
    2) form field: disabled value clears 4.5:1
    ✓ form field: error message clears 4.5:1 (134ms)
    ✓ tabs: inactive tab label clears 4.5:1 (159ms)
    ✓ tabs: active tab label clears 4.5:1 (154ms)
    ✓ select: trigger text clears 4.5:1 (326ms)
    ✓ chips: chip label clears 4.5:1 (160ms)
    ✓ paginator: range label clears 4.5:1 (156ms)
    ✓ currency input: amount clears 4.5:1 (248ms)
    ✓ tabs: the active-section ink bar clears 3:1 (non-text contrast) (164ms)
    ✓ datepicker: the toggle icon clears 3:1 (non-text contrast) (125ms)
  design system — legibility (WCAG AA, dark surface)
    ✓ statement table: even (striped) row clears 4.5:1 (117ms)
    ✓ statement table: odd row clears 4.5:1 (147ms)
    ✓ statement table: header cell clears 4.5:1 (198ms)
    ✓ form field: field label clears 4.5:1 (119ms)
    ✓ form field: entered value clears 4.5:1 (106ms)
    ✓ form field: hint clears 4.5:1 (111ms)
    ✓ form field: disabled value clears 4.5:1 (132ms)
    ✓ form field: error message clears 4.5:1 (107ms)
    ✓ tabs: inactive tab label clears 4.5:1 (113ms)
    ✓ tabs: active tab label clears 4.5:1 (119ms)
    ✓ select: trigger text clears 4.5:1 (116ms)
    ✓ chips: chip label clears 4.5:1 (102ms)
    ✓ paginator: range label clears 4.5:1 (117ms)
    ✓ currency input: amount clears 4.5:1 (103ms)
    ✓ tabs: the active-section ink bar clears 3:1 (non-text contrast) (120ms)
    ✓ datepicker: the toggle icon clears 3:1 (non-text contrast) (113ms)
  design system — the contrast oracle itself
    ✓ a fully transparent chain resolves to the canvas, not to opaque black (112ms)
    ✓ composites a semi-transparent foreground instead of treating it as opaque (244ms)
    ✓ composites a semi-transparent background over the layer behind it (138ms)
    ✓ agrees with the published figure on a known opaque pair (196ms)
  73 passing (23s)
  2 failing
  1) design system — override contract (computed styles)
       OV-01c: Disabled field *value* stays legible, not just its label:
      Timed out retrying after 10000ms
      + expected - actual
      -'rgba(0, 0, 0, 0.38)'
      +'rgb(93, 102, 115)'
      
      at eval (webpack:///./src/e2e/override-contract.cy.ts:77:25)
  at Array.forEach (<anonymous>)
      at assertProbe (webpack:///./src/e2e/override-contract.cy.ts:76:27)
      at Context.eval (webpack:///./src/e2e/override-contract.cy.ts:185:45)

  2) design system — legibility (WCAG AA, light surface)
       form field: disabled value clears 4.5:1:
      AssertionError: form field / disabled value: rgba(0, 0, 0, 0.38) → rgb(155, 155, 155) on rgb(250, 250, 250): expected 2.662601988096619 to be at least 4.5
      + expected - actual
      -2.662601988096619
      +4.5
      
      at Context.eval (webpack:///./src/e2e/override-contract.cy.ts:268:71)

  (Results)
  ┌────────────────────────────────────────────────────────────────────────────────────────────────┐
  │ Tests:        75                                                                               │
  │ Passing:      73                                                                               │
  │ Failing:      2                                                                                │
  │ Pending:      0                                                                                │
  │ Skipped:      0                                                                                │
  │ Screenshots:  0                                                                                │
  │ Video:        false                                                                            │
  │ Duration:     23 seconds                                                                       │
  │ Spec Ran:     override-contract.cy.ts                                                          │
  └────────────────────────────────────────────────────────────────────────────────────────────────┘
====================================================================================================
  (Run Finished)
       Spec                                              Tests  Passing  Failing  Pending  Skipped  
  ┌────────────────────────────────────────────────────────────────────────────────────────────────┐
  │ ✖  design-system.cy.ts                      00:09       23       17        6        -        - │
  ├────────────────────────────────────────────────────────────────────────────────────────────────┤
  │ ✖  override-contract.cy.ts                  00:23       75       73        2        -        - │
  └────────────────────────────────────────────────────────────────────────────────────────────────┘
    ✖  2 of 2 failed (100%)                     00:33       98       90        8        -        -  

 

 >  NX   Running target "retail-banking-e2e:e2e" failed

   Failed tasks:
   
   - retail-banking-e2e:e2e
   
   Hint: run the command with --verbose for more details.

