=== regress-root-surface :: 2026-07-29T20:19:18Z ===

> bofa-digital-banking@0.0.0 visual
> docker run --rm -u $(id -u):$(id -g) -e HOME=/tmp -e CYPRESS_CACHE_FOLDER=/root/.cache/Cypress -v "$PWD/..":/w -w /w/bofa-digital-banking --entrypoint bash cypress/included@sha256:058d1834239bf09b381325b8369d05e9e0516a46b65b32e6dc0c991801dc517a -c 'npx nx e2e retail-banking-e2e --skip-nx-cache'


> nx run retail-banking-e2e:e2e

- Generating browser application bundles (phase: setup)...
✔ Browser application bundle generation complete.

Initial Chunk Files                                        | Names                    |  Raw Size
vendor.js                                                  | vendor                   |   4.97 MB | 
styles.css, styles.js                                      | styles                   | 315.42 kB | 
polyfills.js                                               | polyfills                | 239.94 kB | 
main.js                                                    | main                     | 148.22 kB | 
runtime.js                                                 | runtime                  |  12.61 kB | 

                                                           | Initial Total            |   5.67 MB

Lazy Chunk Files                                           | Names                    |  Raw Size
apps_retail-banking_src_app_showcase_showcase_module_ts.js | showcase-showcase-module |  47.78 kB | 

Build at: 2026-07-29T20:19:32.668Z - Hash: 6f0daf144e3dbffd - Time: 12240ms

** Angular Live Development Server is listening on localhost:4200, open your browser on http://localhost:4200/ **


✔ Compiled successfully.
libva error: vaGetDriverNameByIndex() failed with unknown libva error, driver_name = (null)
[219:0729/201933.492381:ERROR:gpu_memory_buffer_support_x11.cc(44)] dri3 extension not supported.
====================================================================================================
  (Run Starting)
  ┌────────────────────────────────────────────────────────────────────────────────────────────────┐
  │ Cypress:        10.11.0                                                                        │
  │ Browser:        Electron 106 (headless)                                                        │
  │ Node Version:   v16.16.0 (/usr/local/bin/node)                                                 │
  │ Specs:          3 found (design-system.cy.ts, legibility-sweep.cy.ts, override-contract.cy.ts) │
  │ Searched:       src/**/*.cy.{js,jsx,ts,tsx}                                                    │
  └────────────────────────────────────────────────────────────────────────────────────────────────┘
────────────────────────────────────────────────────────────────────────────────────────────────────
                                                                                                    
  Running:  design-system.cy.ts                                                             (1 of 3)

  design system — visual baseline
[visual] button-default: 0 px (budget 40)
    ✓ button renders to spec (852ms)
[visual] form-field-default: 0 px (budget 40)
    ✓ form-field renders to spec (400ms)
[visual] select-default: 0 px (budget 40)
    ✓ select renders to spec (324ms)
[visual] datepicker-default: 0 px (budget 40)
    ✓ datepicker renders to spec (369ms)
[visual] table-default: 0 px (budget 40)
    ✓ table renders to spec (372ms)
[visual] dialog-default: 0 px (budget 40)
    ✓ dialog renders to spec (477ms)
[visual] tabs-default: 0 px (budget 40)
    ✓ tabs renders to spec (418ms)
[visual] chips-default: 0 px (budget 40)
    ✓ chips renders to spec (391ms)
[visual] slide-toggle-default: 0 px (budget 40)
    ✓ slide-toggle renders to spec (387ms)
[visual] autocomplete-default: 0 px (budget 40)
    ✓ autocomplete renders to spec (375ms)
[visual] paginator-default: 0 px (budget 40)
    ✓ paginator renders to spec (386ms)
[visual] currency-input-default: 0 px (budget 40)
    ✓ currency-input renders to spec (401ms)
[visual] responsive-grid-default: 0 px (budget 40)
    ✓ responsive-grid renders to spec (346ms)
    ✓ form field renders its disabled and error states (125ms)
    ✓ button exposes a disabled state (103ms)
[visual] responsive-grid-md: 0 px (budget 40)
    ✓ responsive grid collapses below the md breakpoint (332ms)
[visual] responsive-grid-sm: 0 px (budget 40)
    ✓ responsive grid hides the detail pane below the sm breakpoint (505ms)
  design system — overlay and interaction states
[visual] dialog-open: 0 px (budget 40)
    ✓ opens the real dialog overlay (464ms)
[visual] select-panel-open: 0 px (budget 40)
    ✓ opens the select panel (429ms)
[visual] autocomplete-panel-open: 0 px (budget 40)
    ✓ opens the autocomplete panel (560ms)
[visual] datepicker-calendar-open: 0 px (budget 40)
    ✓ opens the datepicker calendar (451ms)
[visual] button-focus-ring: 0 px (budget 40)
    ✓ shows the keyboard focus ring on the primary button (353ms)
  retail banking — customer surface
[visual] accounts-dashboard: 0 px (budget 40)
    ✓ renders the accounts dashboard (421ms)
  23 passing (9s)
  (Results)
  ┌────────────────────────────────────────────────────────────────────────────────────────────────┐
  │ Tests:        23                                                                               │
  │ Passing:      23                                                                               │
  │ Failing:      0                                                                                │
  │ Pending:      0                                                                                │
  │ Skipped:      0                                                                                │
  │ Screenshots:  21                                                                               │
  │ Video:        false                                                                            │
  │ Duration:     9 seconds                                                                        │
  │ Spec Ran:     design-system.cy.ts                                                              │
  └────────────────────────────────────────────────────────────────────────────────────────────────┘
  (Screenshots)
  -  /w/bofa-digital-banking/dist/cypress/apps/retail-banking-e2e/screenshots/design-     (1280x720)
     system.cy.ts/vr__button-default.png                                                            
  -  /w/bofa-digital-banking/dist/cypress/apps/retail-banking-e2e/screenshots/design-     (1280x720)
     system.cy.ts/vr__form-field-default.png                                                        
  -  /w/bofa-digital-banking/dist/cypress/apps/retail-banking-e2e/screenshots/design-     (1280x720)
     system.cy.ts/vr__select-default.png                                                            
  -  /w/bofa-digital-banking/dist/cypress/apps/retail-banking-e2e/screenshots/design-     (1280x720)
     system.cy.ts/vr__datepicker-default.png                                                        
  -  /w/bofa-digital-banking/dist/cypress/apps/retail-banking-e2e/screenshots/design-     (1280x720)
     system.cy.ts/vr__table-default.png                                                             
  -  /w/bofa-digital-banking/dist/cypress/apps/retail-banking-e2e/screenshots/design-     (1280x720)
     system.cy.ts/vr__dialog-default.png                                                            
  -  /w/bofa-digital-banking/dist/cypress/apps/retail-banking-e2e/screenshots/design-     (1280x720)
     system.cy.ts/vr__tabs-default.png                                                              
  -  /w/bofa-digital-banking/dist/cypress/apps/retail-banking-e2e/screenshots/design-     (1280x720)
     system.cy.ts/vr__chips-default.png                                                             
  -  /w/bofa-digital-banking/dist/cypress/apps/retail-banking-e2e/screenshots/design-     (1280x720)
     system.cy.ts/vr__slide-toggle-default.png                                                      
  -  /w/bofa-digital-banking/dist/cypress/apps/retail-banking-e2e/screenshots/design-     (1280x720)
     system.cy.ts/vr__autocomplete-default.png                                                      
  -  /w/bofa-digital-banking/dist/cypress/apps/retail-banking-e2e/screenshots/design-     (1280x720)
     system.cy.ts/vr__paginator-default.png                                                         
  -  /w/bofa-digital-banking/dist/cypress/apps/retail-banking-e2e/screenshots/design-     (1280x720)
     system.cy.ts/vr__currency-input-default.png                                                    
  -  /w/bofa-digital-banking/dist/cypress/apps/retail-banking-e2e/screenshots/design-     (1280x720)
     system.cy.ts/vr__responsive-grid-default.png                                                   
  -  /w/bofa-digital-banking/dist/cypress/apps/retail-banking-e2e/screenshots/design-      (768x720)
     system.cy.ts/vr__responsive-grid-md.png                                                        
  -  /w/bofa-digital-banking/dist/cypress/apps/retail-banking-e2e/screenshots/design-      (560x720)
     system.cy.ts/vr__responsive-grid-sm.png                                                        
  -  /w/bofa-digital-banking/dist/cypress/apps/retail-banking-e2e/screenshots/design-     (1280x720)
     system.cy.ts/vr__dialog-open.png                                                               
  -  /w/bofa-digital-banking/dist/cypress/apps/retail-banking-e2e/screenshots/design-     (1280x720)
     system.cy.ts/vr__select-panel-open.png                                                         
  -  /w/bofa-digital-banking/dist/cypress/apps/retail-banking-e2e/screenshots/design-     (1280x720)
     system.cy.ts/vr__autocomplete-panel-open.png                                                   
  -  /w/bofa-digital-banking/dist/cypress/apps/retail-banking-e2e/screenshots/design-     (1280x720)
     system.cy.ts/vr__datepicker-calendar-open.png                                                  
  -  /w/bofa-digital-banking/dist/cypress/apps/retail-banking-e2e/screenshots/design-     (1280x720)
     system.cy.ts/vr__button-focus-ring.png                                                         
  -  /w/bofa-digital-banking/dist/cypress/apps/retail-banking-e2e/screenshots/design-     (1280x720)
     system.cy.ts/vr__accounts-dashboard.png                                                        
────────────────────────────────────────────────────────────────────────────────────────────────────
                                                                                                    
  Running:  legibility-sweep.cy.ts                                                          (2 of 3)

  legibility sweep — every visible text node (light)
    ✓ /accounts (customer dashboard): all text clears WCAG AA (712ms)
    ✓ /__showcase (index): all text clears WCAG AA (300ms)
    ✓ /sign-in: all text clears WCAG AA (132ms)
    ✓ /__showcase/button: all text clears WCAG AA (128ms)
    ✓ /__showcase/form-field: all text clears WCAG AA (119ms)
    ✓ /__showcase/select: all text clears WCAG AA (134ms)
    ✓ /__showcase/datepicker: all text clears WCAG AA (232ms)
    ✓ /__showcase/table: all text clears WCAG AA (194ms)
    ✓ /__showcase/dialog: all text clears WCAG AA (127ms)
    ✓ /__showcase/tabs: all text clears WCAG AA (126ms)
    ✓ /__showcase/chips: all text clears WCAG AA (179ms)
    ✓ /__showcase/slide-toggle: all text clears WCAG AA (209ms)
    ✓ /__showcase/autocomplete: all text clears WCAG AA (114ms)
    ✓ /__showcase/paginator: all text clears WCAG AA (125ms)
    ✓ /__showcase/currency-input: all text clears WCAG AA (119ms)
    ✓ /__showcase/responsive-grid: all text clears WCAG AA (128ms)
  legibility sweep — every visible text node (dark)
    1) /accounts (customer dashboard): all text clears WCAG AA
    2) /__showcase (index): all text clears WCAG AA
    3) /sign-in: all text clears WCAG AA
    ✓ /__showcase/button: all text clears WCAG AA (133ms)
    ✓ /__showcase/form-field: all text clears WCAG AA (126ms)
    ✓ /__showcase/select: all text clears WCAG AA (130ms)
    ✓ /__showcase/datepicker: all text clears WCAG AA (137ms)
    ✓ /__showcase/table: all text clears WCAG AA (135ms)
    ✓ /__showcase/dialog: all text clears WCAG AA (224ms)
    ✓ /__showcase/tabs: all text clears WCAG AA (151ms)
    ✓ /__showcase/chips: all text clears WCAG AA (115ms)
    ✓ /__showcase/slide-toggle: all text clears WCAG AA (227ms)
    ✓ /__showcase/autocomplete: all text clears WCAG AA (154ms)
    ✓ /__showcase/paginator: all text clears WCAG AA (123ms)
    ✓ /__showcase/currency-input: all text clears WCAG AA (117ms)
    ✓ /__showcase/responsive-grid: all text clears WCAG AA (184ms)
  legibility sweep — the sweep itself
    ✓ measures a substantial number of nodes on a real route (217ms)
    ✓ catches illegible text planted on a swept route (187ms)
    ✓ catches an icon-only control whose glyph is invisible (124ms)
    ✓ composites a semi-transparent sibling painted over the text (123ms)
    ✓ does not report off-screen screen-reader-only text (172ms)
    ✓ fails text over artwork until the artwork is declared reviewed (209ms)
    ✓ ignores text that is hidden rather than reporting it as a defect (312ms)
    ✓ composites a covering layer that is raised with z-index but written first (145ms)
    ✓ measures text below the fold, because coverage cannot depend on page height (170ms)
    ✓ measures an icon-only control that is labelled with visually hidden text (151ms)
    ✓ does not composite a veil that paints nothing (146ms)
    ✓ requires the review declaration on the artwork itself, citing a ratio (179ms)
    ✓ measures a CSS-painted indicator, which no SVG sweep can see (112ms)
    ✓ does not report the dimmed page behind an open modal (357ms)
    ✓ composites a scrim raised inside a transform, and only when it truly paints above (143ms)
    ✓ is not disarmed by a stray overlay backdrop left in the DOM (168ms)
    ✓ measures painted marks of any shape, and not a tail of the surface it matches (121ms)
    ✓ recognises the current sr-only recipe, not one spelling of it (160ms)
    ✓ evaluates clipping instead of matching it, in both directions (204ms)
    ✓ composites a layer that covers most of the text, not only one that contains it (122ms)
    ✓ is silenced by a real modal and by nothing that merely resembles one (191ms)
    ✓ measures a mark drawn with four sides, at 32px, or in a pseudo-element (122ms)
  51 passing (10s)
  3 failing
  1) legibility sweep — every visible text node (dark)
       /accounts (customer dashboard): all text clears WCAG AA:
     AssertionError: 11 illegible text node(s) on /accounts (customer dashboard) (dark):
  div.mat-select-arrow (css indicator) "css-painted indicator" — 1.00:1, needs 3:1 (border rgb(255, 255, 255) on rgb(255, 255, 255))
  h1 "Accounts" — 1.00:1, needs 3:1 (rgb(255, 255, 255) → rgb(255, 255, 255) on rgb(255, 255, 255))
  span.mat-select-min-line "Advantage Plus Banking ••4410" — 1.00:1, needs 4.5:1 (rgb(255, 255, 255) → rgb(255, 255, 255) on rgb(255, 255, 255))
  mat-label "Account" — 1.00:1, needs 4.5:1 (rgba(255, 255, 255, 0.7) → rgb(255, 255, 255) on rgb(255, 255, 255))
  span "$" — 1.40:1, needs 4.5:1 (rgb(214, 218, 225) → rgb(214, 218, 225) on rgb(255, 255, 255))
  mat-label "Amount" — 1.00:1, needs 4.5:1 (rgba(255, 255, 255, 0.7) → rgb(255, 255, 255) on rgb(255, 255, 255))
  mat-label "Payee" — 1.00:1, needs 4.5:1 (rgba(255, 255, 255, 0.7) → rgb(255, 255, 255) on rgb(255, 255, 255))
  span.mat-slide-toggle-content "Paperless statements" — 1.00:1, needs 4.5:1 (rgb(255, 255, 255) → rgb(255, 255, 255) on rgb(255, 255, 255))
  div.mat-tab-label-content "Transactions" — 1.53:1, needs 4.5:1 (rgb(249, 196, 201) → rgb(249, 196, 201) on rgb(255, 255, 255))
  div.mat-tab-label-content "Scheduled" — 1.00:1, needs 4.5:1 (rgb(255, 255, 255) → rgb(255, 255, 255) on rgb(255, 255, 255))
  div.mat-tab-label-content "Statements" — 1.00:1, needs 4.5:1 (rgb(255, 255, 255) → rgb(255, 255, 255) on rgb(255, 255, 255))
: expected [ Array(11) ] to have a length of 0 but got 11
      at Context.eval (webpack:///./src/e2e/legibility-sweep.cy.ts:80:20)

  2) legibility sweep — every visible text node (dark)
       /__showcase (index): all text clears WCAG AA:
     AssertionError: 16 illegible text node(s) on /__showcase (index) (dark):
  span.index__eyebrow "@bofa/ui-core" — 1.40:1, needs 4.5:1 (rgb(214, 218, 225) → rgb(214, 218, 225) on rgb(255, 255, 255))
  h1.index__title "Design system" — 1.00:1, needs 3:1 (rgb(255, 255, 255) → rgb(255, 255, 255) on rgb(255, 255, 255))
  p.index__body "13 wrapped Material components, 18 custo" — 1.40:1, needs 4.5:1 (rgb(214, 218, 225) → rgb(214, 218, 225) on rgb(255, 255, 255))
  a.index__tile "button" — 1.77:1, needs 4.5:1 (rgb(158, 197, 255) → rgb(158, 197, 255) on rgb(255, 255, 255))
  a.index__tile "form-field" — 1.77:1, needs 4.5:1 (rgb(158, 197, 255) → rgb(158, 197, 255) on rgb(255, 255, 255))
  a.index__tile "select" — 1.77:1, needs 4.5:1 (rgb(158, 197, 255) → rgb(158, 197, 255) on rgb(255, 255, 255))
  a.index__tile "datepicker" — 1.77:1, needs 4.5:1 (rgb(158, 197, 255) → rgb(158, 197, 255) on rgb(255, 255, 255))
  a.index__tile "table" — 1.77:1, needs 4.5:1 (rgb(158, 197, 255) → rgb(158, 197, 255) on rgb(255, 255, 255))
  a.index__tile "dialog" — 1.77:1, needs 4.5:1 (rgb(158, 197, 255) → rgb(158, 197, 255) on rgb(255, 255, 255))
  a.index__tile "tabs" — 1.77:1, needs 4.5:1 (rgb(158, 197, 255) → rgb(158, 197, 255) on rgb(255, 255, 255))
  a.index__tile "chips" — 1.77:1, needs 4.5:1 (rgb(158, 197, 255) → rgb(158, 197, 255) on rgb(255, 255, 255))
  a.index__tile "slide-toggle" — 1.77:1, needs 4.5:1 (rgb(158, 197, 255) → rgb(158, 197, 255) on rgb(255, 255, 255))
  a.index__tile "autocomplete" — 1.77:1, needs 4.5:1 (rgb(158, 197, 255) → rgb(158, 197, 255) on rgb(255, 255, 255))
  a.index__tile "paginator" — 1.77:1, needs 4.5:1 (rgb(158, 197, 255) → rgb(158, 197, 255) on rgb(255, 255, 255))
  a.index__tile "currency-input" — 1.77:1, needs 4.5:1 (rgb(158, 197, 255) → rgb(158, 197, 255) on rgb(255, 255, 255))
  a.index__tile "responsive-grid" — 1.77:1, needs 4.5:1 (rgb(158, 197, 255) → rgb(158, 197, 255) on rgb(255, 255, 255))
: expected [ Array(16) ] to have a length of 0 but got 16
      at Context.eval (webpack:///./src/e2e/legibility-sweep.cy.ts:80:20)

  3) legibility sweep — every visible text node (dark)
       /sign-in: all text clears WCAG AA:
     AssertionError: 4 illegible text node(s) on /sign-in (dark):
  span.sign-in__eyebrow "Bank of America" — 1.40:1, needs 4.5:1 (rgb(214, 218, 225) → rgb(214, 218, 225) on rgb(255, 255, 255))
  h1.sign-in__title "Sign in to continue" — 1.00:1, needs 3:1 (rgb(255, 255, 255) → rgb(255, 255, 255) on rgb(255, 255, 255))
  p.sign-in__body "Your session does not carry the entitlem" — 1.40:1, needs 4.5:1 (rgb(214, 218, 225) → rgb(214, 218, 225) on rgb(255, 255, 255))
  code "/accounts" — 1.40:1, needs 4.5:1 (rgb(214, 218, 225) → rgb(214, 218, 225) on rgb(255, 255, 255))
: expected [ Array(4) ] to have a length of 0 but got 4
      at Context.eval (webpack:///./src/e2e/legibility-sweep.cy.ts:80:20)

  (Results)
  ┌────────────────────────────────────────────────────────────────────────────────────────────────┐
  │ Tests:        54                                                                               │
  │ Passing:      51                                                                               │
  │ Failing:      3                                                                                │
  │ Pending:      0                                                                                │
  │ Skipped:      0                                                                                │
  │ Screenshots:  0                                                                                │
  │ Video:        false                                                                            │
  │ Duration:     9 seconds                                                                        │
  │ Spec Ran:     legibility-sweep.cy.ts                                                           │
  └────────────────────────────────────────────────────────────────────────────────────────────────┘
────────────────────────────────────────────────────────────────────────────────────────────────────
                                                                                                    
  Running:  override-contract.cy.ts                                                         (3 of 3)

  design system — override contract (computed styles)
    ✓ OV-01: Disabled field label stays legible (WCAG AA) against the slate palette (537ms)
    ✓ OV-01b: Field underline uses the BoA slate rule, not the Material default (166ms)
    ✓ OV-01c: Disabled field *value* stays legible, not just its label (130ms)
    ✓ OV-01d: Validation copy uses the brand danger red, which clears AA (Material’s does not) (129ms)
    ✓ OV-02: Error text sits on a 20px line box so field height never jumps on validation (279ms)
    ✓ OV-03: Primary button is brand red with 8px optical icon/label spacing (141ms)
    ✓ OV-04: Keyboard focus ring is visible on white and on slate-50 (222ms)
    ✓ OV-05: Statement rows keep fixed heights so 50 rows paginate predictably in print (153ms)
    ✓ OV-05b: Currency figures use tabular numerals and right-align on the decimal (176ms)
    ✓ OV-05c: Header cells carry the slate-900 brand weight, not the Material grey (163ms)
    ✓ OV-05d: Zebra striping on even rows for statement scanability (120ms)
    ✓ OV-06: Sort arrow is dimmed until hover so it does not read as an active filter (120ms)
    ✓ OV-07: Active option in the account picker is tinted brand red, not Material grey (271ms)
    ✓ OV-08: Selected option is brand red, not accent navy (navy reads as a link here) (226ms)
    ✓ OV-09: Consent toggle is unambiguous at arm’s length on a tablet (107ms)
    ✓ OV-09b: A granted consent reads green, not brand red (145ms)
    ✓ OV-10: Section ink bar is legible on a 4K branch display (131ms)
    ✓ OV-10b: The active section label is the brand accent and stays readable in both palettes (226ms)
    ✓ OV-11: Category chips keep a 28px rhythm inside the filter drawer (138ms)
    ✓ OV-12: Step-up dialog matches the mobile MFA modal: tight padding, squared corners (198ms)
    ✓ OV-12b: A short confirmation body never acquires an inner scrollbar (194ms)
    ✓ OV-13: Selected day is brand red; today is outlined, not a second filled circle (226ms)
    ✓ OV-14: Range label stays on screen on a 1280px branch terminal (121ms)
    ✓ OV-15: Payee panel never covers the Confirmation of Payee copy (267ms)
    ✓ OV-16: Amount entry right-aligns on tabular numerals (125ms)
    ✓ OV-17: Compact density is materially shorter than the default field (117ms)
    ✓ OV-18: Legacy shell embeds tabs without a second divider line (128ms)
  design system — override contract (dark surface)
    ✓ the dark surface is actually dark (else every probe below is vacuous) (387ms)
    ✓ OV-01c [dark]: Disabled field *value* stays legible, not just its label (252ms)
    ✓ OV-01d [dark]: Validation copy uses the brand danger red, which clears AA (Material’s does not) (127ms)
    ✓ OV-05c [dark]: Header cells carry the slate-900 brand weight, not the Material grey (136ms)
    ✓ OV-05d [dark]: Zebra striping on even rows for statement scanability (129ms)
    ✓ OV-07 [dark]: Active option in the account picker is tinted brand red, not Material grey (255ms)
    ✓ OV-10 [dark]: Section ink bar is legible on a 4K branch display (276ms)
    ✓ OV-10b [dark]: The active section label is the brand accent and stays readable in both palettes (130ms)
    ✓ OV-11 [dark]: Category chips keep a 28px rhythm inside the filter drawer (130ms)
    ✓ OV-15 [dark]: Payee panel never covers the Confirmation of Payee copy (264ms)
    ✓ OV-17 [dark]: Compact density is materially shorter than the default field (129ms)
    ✓ OV-18 [dark]: Legacy shell embeds tabs without a second divider line (115ms)
  design system — legibility (WCAG AA, light surface)
    ✓ statement table: even (striped) row clears 4.5:1 (152ms)
    ✓ statement table: odd row clears 4.5:1 (137ms)
    ✓ statement table: header cell clears 4.5:1 (107ms)
    ✓ form field: field label clears 4.5:1 (140ms)
    ✓ form field: entered value clears 4.5:1 (261ms)
    ✓ form field: hint clears 4.5:1 (109ms)
    ✓ form field: disabled value clears 4.5:1 (116ms)
    ✓ form field: error message clears 4.5:1 (131ms)
    ✓ tabs: inactive tab label clears 4.5:1 (123ms)
    ✓ tabs: active tab label clears 4.5:1 (119ms)
    ✓ select: trigger text clears 4.5:1 (107ms)
    ✓ chips: chip label clears 4.5:1 (259ms)
    ✓ paginator: range label clears 4.5:1 (124ms)
    ✓ currency input: amount clears 4.5:1 (109ms)
    ✓ tabs: the active-section ink bar clears 3:1 (non-text contrast) (127ms)
    ✓ datepicker: the toggle glyph clears 3:1 (non-text contrast) (111ms)
  design system — legibility (WCAG AA, dark surface)
    ✓ statement table: even (striped) row clears 4.5:1 (127ms)
    ✓ statement table: odd row clears 4.5:1 (131ms)
    ✓ statement table: header cell clears 4.5:1 (216ms)
    ✓ form field: field label clears 4.5:1 (126ms)
    ✓ form field: entered value clears 4.5:1 (152ms)
    ✓ form field: hint clears 4.5:1 (144ms)
    ✓ form field: disabled value clears 4.5:1 (110ms)
    ✓ form field: error message clears 4.5:1 (106ms)
    ✓ tabs: inactive tab label clears 4.5:1 (121ms)
    ✓ tabs: active tab label clears 4.5:1 (217ms)
    ✓ select: trigger text clears 4.5:1 (154ms)
    ✓ chips: chip label clears 4.5:1 (125ms)
    ✓ paginator: range label clears 4.5:1 (139ms)
    ✓ currency input: amount clears 4.5:1 (126ms)
    ✓ tabs: the active-section ink bar clears 3:1 (non-text contrast) (153ms)
    ✓ datepicker: the toggle glyph clears 3:1 (non-text contrast) (129ms)
  design system — the contrast oracle itself
    ✓ a fully transparent chain resolves to the canvas, not to opaque black (232ms)
    ✓ composites a semi-transparent foreground instead of treating it as opaque (168ms)
    ✓ composites a semi-transparent background over the layer behind it (128ms)
    ✓ agrees with the published figure on a known opaque pair (135ms)
    ✓ folds an ancestor `opacity` into the layer instead of ignoring it (150ms)
    ✓ refuses to score text over a gradient rather than reporting the canvas (142ms)
  77 passing (13s)
  (Results)
  ┌────────────────────────────────────────────────────────────────────────────────────────────────┐
  │ Tests:        77                                                                               │
  │ Passing:      77                                                                               │
  │ Failing:      0                                                                                │
  │ Pending:      0                                                                                │
  │ Skipped:      0                                                                                │
  │ Screenshots:  0                                                                                │
  │ Video:        false                                                                            │
  │ Duration:     13 seconds                                                                       │
  │ Spec Ran:     override-contract.cy.ts                                                          │
  └────────────────────────────────────────────────────────────────────────────────────────────────┘
====================================================================================================
  (Run Finished)
       Spec                                              Tests  Passing  Failing  Pending  Skipped  
  ┌────────────────────────────────────────────────────────────────────────────────────────────────┐
  │ ✔  design-system.cy.ts                      00:09       23       23        -        -        - │
  ├────────────────────────────────────────────────────────────────────────────────────────────────┤
  │ ✖  legibility-sweep.cy.ts                   00:09       54       51        3        -        - │
  ├────────────────────────────────────────────────────────────────────────────────────────────────┤
  │ ✔  override-contract.cy.ts                  00:13       77       77        -        -        - │
  └────────────────────────────────────────────────────────────────────────────────────────────────┘
    ✖  1 of 3 failed (33%)                      00:32      154      151        3        -        -  

 

 >  NX   Running target "retail-banking-e2e:e2e" failed

   Failed tasks:
   
   - retail-banking-e2e:e2e
   
   Hint: run the command with --verbose for more details.

