=== regress-oracle-alpha-blind :: 2026-07-29T08:58:46Z ===

> bofa-digital-banking@0.0.0 visual
> docker run --rm -u $(id -u):$(id -g) -e HOME=/tmp -e CYPRESS_CACHE_FOLDER=/root/.cache/Cypress -v "$PWD/..":/w -w /w/bofa-digital-banking --entrypoint bash cypress/included@sha256:058d1834239bf09b381325b8369d05e9e0516a46b65b32e6dc0c991801dc517a -c 'npx nx e2e retail-banking-e2e --skip-nx-cache'


> nx run retail-banking-e2e:e2e

- Generating browser application bundles (phase: setup)...
✔ Browser application bundle generation complete.

Initial Chunk Files                                        | Names                    |  Raw Size
vendor.js                                                  | vendor                   |   4.97 MB | 
styles.css, styles.js                                      | styles                   | 315.42 kB | 
polyfills.js                                               | polyfills                | 239.94 kB | 
main.js                                                    | main                     | 147.92 kB | 
runtime.js                                                 | runtime                  |  12.61 kB | 

                                                           | Initial Total            |   5.67 MB

Lazy Chunk Files                                           | Names                    |  Raw Size
apps_retail-banking_src_app_showcase_showcase_module_ts.js | showcase-showcase-module |  47.78 kB | 

Build at: 2026-07-29T08:59:00.088Z - Hash: ed2d6f6f9d2e7b2a - Time: 11627ms

** Angular Live Development Server is listening on localhost:4200, open your browser on http://localhost:4200/ **


✔ Compiled successfully.
libva error: vaGetDriverNameByIndex() failed with unknown libva error, driver_name = (null)
[222:0729/085900.892693:ERROR:gpu_memory_buffer_support_x11.cc(44)] dri3 extension not supported.
====================================================================================================
  (Run Starting)
  ┌────────────────────────────────────────────────────────────────────────────────────────────────┐
  │ Cypress:        10.11.0                                                                        │
  │ Browser:        Electron 106 (headless)                                                        │
  │ Node Version:   v16.16.0 (/usr/local/bin/node)                                                 │
  │ Specs:          3 found (design-system.cy.ts, legibility-sweep.cy.ts, override-contract.cy.ts) │
  │ Searched:       src/**/*.cy.{js,jsx,ts,tsx}                                                    │
  └────────────────────────────────────────────────────────────────────────────────────────────────┘
────────────────────────────────────────────────────────────────────────────────────────────────────
                                                                                                    
  Running:  design-system.cy.ts                                                             (1 of 3)

  design system — visual baseline
[visual] button-default: 0 px (budget 40)
    ✓ button renders to spec (845ms)
[visual] form-field-default: 0 px (budget 40)
    ✓ form-field renders to spec (396ms)
[visual] select-default: 0 px (budget 40)
    ✓ select renders to spec (308ms)
[visual] datepicker-default: 0 px (budget 40)
    ✓ datepicker renders to spec (318ms)
[visual] table-default: 0 px (budget 40)
    ✓ table renders to spec (454ms)
[visual] dialog-default: 0 px (budget 40)
    ✓ dialog renders to spec (340ms)
[visual] tabs-default: 0 px (budget 40)
    ✓ tabs renders to spec (398ms)
[visual] chips-default: 0 px (budget 40)
    ✓ chips renders to spec (403ms)
[visual] slide-toggle-default: 0 px (budget 40)
    ✓ slide-toggle renders to spec (383ms)
[visual] autocomplete-default: 0 px (budget 40)
    ✓ autocomplete renders to spec (370ms)
[visual] paginator-default: 0 px (budget 40)
    ✓ paginator renders to spec (354ms)
[visual] currency-input-default: 0 px (budget 40)
    ✓ currency-input renders to spec (433ms)
[visual] responsive-grid-default: 0 px (budget 40)
    ✓ responsive-grid renders to spec (337ms)
    ✓ form field renders its disabled and error states (122ms)
    ✓ button exposes a disabled state (139ms)
[visual] responsive-grid-md: 0 px (budget 40)
    ✓ responsive grid collapses below the md breakpoint (313ms)
[visual] responsive-grid-sm: 0 px (budget 40)
    ✓ responsive grid hides the detail pane below the sm breakpoint (294ms)
  design system — overlay and interaction states
[visual] dialog-open: 0 px (budget 40)
    ✓ opens the real dialog overlay (416ms)
[visual] select-panel-open: 0 px (budget 40)
    ✓ opens the select panel (411ms)
[visual] autocomplete-panel-open: 0 px (budget 40)
    ✓ opens the autocomplete panel (587ms)
[visual] datepicker-calendar-open: 0 px (budget 40)
    ✓ opens the datepicker calendar (457ms)
[visual] button-focus-ring: 0 px (budget 40)
    ✓ shows the keyboard focus ring on the primary button (369ms)
  retail banking — customer surface
[visual] accounts-dashboard: 0 px (budget 40)
    ✓ renders the accounts dashboard (400ms)
  23 passing (9s)
  (Results)
  ┌────────────────────────────────────────────────────────────────────────────────────────────────┐
  │ Tests:        23                                                                               │
  │ Passing:      23                                                                               │
  │ Failing:      0                                                                                │
  │ Pending:      0                                                                                │
  │ Skipped:      0                                                                                │
  │ Screenshots:  21                                                                               │
  │ Video:        false                                                                            │
  │ Duration:     8 seconds                                                                        │
  │ Spec Ran:     design-system.cy.ts                                                              │
  └────────────────────────────────────────────────────────────────────────────────────────────────┘
  (Screenshots)
  -  /w/bofa-digital-banking/dist/cypress/apps/retail-banking-e2e/screenshots/design-     (1280x720)
     system.cy.ts/vr__button-default.png                                                            
  -  /w/bofa-digital-banking/dist/cypress/apps/retail-banking-e2e/screenshots/design-     (1280x720)
     system.cy.ts/vr__form-field-default.png                                                        
  -  /w/bofa-digital-banking/dist/cypress/apps/retail-banking-e2e/screenshots/design-     (1280x720)
     system.cy.ts/vr__select-default.png                                                            
  -  /w/bofa-digital-banking/dist/cypress/apps/retail-banking-e2e/screenshots/design-     (1280x720)
     system.cy.ts/vr__datepicker-default.png                                                        
  -  /w/bofa-digital-banking/dist/cypress/apps/retail-banking-e2e/screenshots/design-     (1280x720)
     system.cy.ts/vr__table-default.png                                                             
  -  /w/bofa-digital-banking/dist/cypress/apps/retail-banking-e2e/screenshots/design-     (1280x720)
     system.cy.ts/vr__dialog-default.png                                                            
  -  /w/bofa-digital-banking/dist/cypress/apps/retail-banking-e2e/screenshots/design-     (1280x720)
     system.cy.ts/vr__tabs-default.png                                                              
  -  /w/bofa-digital-banking/dist/cypress/apps/retail-banking-e2e/screenshots/design-     (1280x720)
     system.cy.ts/vr__chips-default.png                                                             
  -  /w/bofa-digital-banking/dist/cypress/apps/retail-banking-e2e/screenshots/design-     (1280x720)
     system.cy.ts/vr__slide-toggle-default.png                                                      
  -  /w/bofa-digital-banking/dist/cypress/apps/retail-banking-e2e/screenshots/design-     (1280x720)
     system.cy.ts/vr__autocomplete-default.png                                                      
  -  /w/bofa-digital-banking/dist/cypress/apps/retail-banking-e2e/screenshots/design-     (1280x720)
     system.cy.ts/vr__paginator-default.png                                                         
  -  /w/bofa-digital-banking/dist/cypress/apps/retail-banking-e2e/screenshots/design-     (1280x720)
     system.cy.ts/vr__currency-input-default.png                                                    
  -  /w/bofa-digital-banking/dist/cypress/apps/retail-banking-e2e/screenshots/design-     (1280x720)
     system.cy.ts/vr__responsive-grid-default.png                                                   
  -  /w/bofa-digital-banking/dist/cypress/apps/retail-banking-e2e/screenshots/design-      (768x720)
     system.cy.ts/vr__responsive-grid-md.png                                                        
  -  /w/bofa-digital-banking/dist/cypress/apps/retail-banking-e2e/screenshots/design-      (560x720)
     system.cy.ts/vr__responsive-grid-sm.png                                                        
  -  /w/bofa-digital-banking/dist/cypress/apps/retail-banking-e2e/screenshots/design-     (1280x720)
     system.cy.ts/vr__dialog-open.png                                                               
  -  /w/bofa-digital-banking/dist/cypress/apps/retail-banking-e2e/screenshots/design-     (1280x720)
     system.cy.ts/vr__select-panel-open.png                                                         
  -  /w/bofa-digital-banking/dist/cypress/apps/retail-banking-e2e/screenshots/design-     (1280x720)
     system.cy.ts/vr__autocomplete-panel-open.png                                                   
  -  /w/bofa-digital-banking/dist/cypress/apps/retail-banking-e2e/screenshots/design-     (1280x720)
     system.cy.ts/vr__datepicker-calendar-open.png                                                  
  -  /w/bofa-digital-banking/dist/cypress/apps/retail-banking-e2e/screenshots/design-     (1280x720)
     system.cy.ts/vr__button-focus-ring.png                                                         
  -  /w/bofa-digital-banking/dist/cypress/apps/retail-banking-e2e/screenshots/design-     (1280x720)
     system.cy.ts/vr__accounts-dashboard.png                                                        
────────────────────────────────────────────────────────────────────────────────────────────────────
                                                                                                    
  Running:  legibility-sweep.cy.ts                                                          (2 of 3)

  legibility sweep — every visible text node (light)
    1) /accounts (customer dashboard): all text clears WCAG AA
    2) /__showcase (index): all text clears WCAG AA
    3) /sign-in: all text clears WCAG AA
    4) /__showcase/button: all text clears WCAG AA
    5) /__showcase/form-field: all text clears WCAG AA
    6) /__showcase/select: all text clears WCAG AA
    7) /__showcase/datepicker: all text clears WCAG AA
    8) /__showcase/table: all text clears WCAG AA
    9) /__showcase/dialog: all text clears WCAG AA
    10) /__showcase/tabs: all text clears WCAG AA
    11) /__showcase/chips: all text clears WCAG AA
    12) /__showcase/slide-toggle: all text clears WCAG AA
    13) /__showcase/autocomplete: all text clears WCAG AA
    14) /__showcase/paginator: all text clears WCAG AA
    15) /__showcase/currency-input: all text clears WCAG AA
    16) /__showcase/responsive-grid: all text clears WCAG AA
  legibility sweep — every visible text node (dark)
    ✓ /accounts (customer dashboard): all text clears WCAG AA (382ms)
    ✓ /__showcase (index): all text clears WCAG AA (123ms)
    ✓ /sign-in: all text clears WCAG AA (121ms)
    ✓ /__showcase/button: all text clears WCAG AA (122ms)
    ✓ /__showcase/form-field: all text clears WCAG AA (134ms)
    ✓ /__showcase/select: all text clears WCAG AA (131ms)
    ✓ /__showcase/datepicker: all text clears WCAG AA (130ms)
    ✓ /__showcase/table: all text clears WCAG AA (242ms)
    ✓ /__showcase/dialog: all text clears WCAG AA (147ms)
    ✓ /__showcase/tabs: all text clears WCAG AA (140ms)
    ✓ /__showcase/chips: all text clears WCAG AA (129ms)
    ✓ /__showcase/slide-toggle: all text clears WCAG AA (130ms)
    ✓ /__showcase/autocomplete: all text clears WCAG AA (133ms)
    ✓ /__showcase/paginator: all text clears WCAG AA (246ms)
    ✓ /__showcase/currency-input: all text clears WCAG AA (205ms)
    ✓ /__showcase/responsive-grid: all text clears WCAG AA (183ms)
  legibility sweep — the sweep itself
    ✓ measures a substantial number of nodes on a real route (163ms)
    ✓ catches illegible text planted on a swept route (144ms)
    ✓ ignores text that is hidden rather than reporting it as a defect (138ms)
  19 passing (7s)
  16 failing
  1) legibility sweep — every visible text node (light)
       /accounts (customer dashboard): all text clears WCAG AA:
     AssertionError: 43 illegible text node(s) on /accounts (customer dashboard) (light):
  h1 "Accounts" — 1.16:1, needs 3:1 (rgb(18, 22, 29) → rgb(18, 22, 29) on rgb(0, 0, 0))
  span.mat-select-min-line "Advantage Plus Banking ••4410" — 1.00:1, needs 4.5:1 (rgba(0, 0, 0, 0.87) → rgb(0, 0, 0) on rgb(0, 0, 0))
  mat-label "Account" — 1.00:1, needs 4.5:1 (rgba(0, 0, 0, 0.6) → rgb(0, 0, 0) on rgb(0, 0, 0))
  span "$" — 3.61:1, needs 4.5:1 (rgb(93, 102, 115) → rgb(93, 102, 115) on rgb(0, 0, 0))
  mat-label "Amount" — 1.00:1, needs 4.5:1 (rgba(0, 0, 0, 0.6) → rgb(0, 0, 0) on rgb(0, 0, 0))
  mat-label "Payee" — 1.00:1, needs 4.5:1 (rgba(0, 0, 0, 0.6) → rgb(0, 0, 0) on rgb(0, 0, 0))
  span.mat-slide-toggle-content "Paperless statements" — 1.16:1, needs 4.5:1 (rgb(18, 22, 29) → rgb(18, 22, 29) on rgb(0, 0, 0))
  div.mat-tab-label-content "Transactions" — 3.57:1, needs 4.5:1 (rgb(200, 16, 46) → rgb(200, 16, 46) on rgb(0, 0, 0))
  div.mat-tab-label-content "Scheduled" — 1.00:1, needs 4.5:1 (rgba(0, 0, 0, 0.87) → rgb(0, 0, 0) on rgb(0, 0, 0))
  div.mat-tab-label-content "Statements" — 1.00:1, needs 4.5:1 (rgba(0, 0, 0, 0.87) → rgb(0, 0, 0) on rgb(0, 0, 0))
  div.mat-sort-header-content "Date" — 1.16:1, needs 4.5:1 (rgb(18, 22, 29) → rgb(18, 22, 29) on rgb(0, 0, 0))
  div.mat-sort-header-content "Description" — 1.16:1, needs 4.5:1 (rgb(18, 22, 29) → rgb(18, 22, 29) on rgb(0, 0, 0))
  th.mat-header-cell.mat-column-reference "Reference" — 1.16:1, needs 4.5:1 (rgb(18, 22, 29) → rgb(18, 22, 29) on rgb(0, 0, 0))
  div.mat-sort-header-content "Amount" — 1.16:1, needs 4.5:1 (rgb(18, 22, 29) → rgb(18, 22, 29) on rgb(0, 0, 0))
  th.mat-header-cell.bofa-cell--numeric.mat-column-balance "Balance" — 1.16:1, needs 4.5:1 (rgb(18, 22, 29) → rgb(18, 22, 29) on rgb(0, 0, 0))
  td.mat-cell.mat-column-date "2024-01-12" — 1.00:1, needs 4.5:1 (rgba(0, 0, 0, 0.87) → rgb(0, 0, 0) on rgb(0, 0, 0))
  td.mat-cell.mat-column-description "Duke Energy" — 1.00:1, needs 4.5:1 (rgba(0, 0, 0, 0.87) → rgb(0, 0, 0) on rgb(0, 0, 0))
  td.mat-cell.mat-column-reference "ACH 8821" — 1.00:1, needs 4.5:1 (rgba(0, 0, 0, 0.87) → rgb(0, 0, 0) on rgb(0, 0, 0))
  td.mat-cell.bofa-cell--numeric.mat-column-amount "-$142.18" — 1.00:1, needs 4.5:1 (rgba(0, 0, 0, 0.87) → rgb(0, 0, 0) on rgb(0, 0, 0))
  td.mat-cell.bofa-cell--numeric.mat-column-balance "$4,821.44" — 1.00:1, needs 4.5:1 (rgba(0, 0, 0, 0.87) → rgb(0, 0, 0) on rgb(0, 0, 0))
  td.mat-cell.mat-column-date "2024-01-11" — 1.00:1, needs 4.5:1 (rgba(0, 0, 0, 0.87) → rgb(0, 0, 0) on rgb(0, 0, 0))
  td.mat-cell.mat-column-description "Payroll ACME Corp" — 1.00:1, needs 4.5:1 (rgba(0, 0, 0, 0.87) → rgb(0, 0, 0) on rgb(0, 0, 0))
  td.mat-cell.mat-column-reference "DEP 1190" — 1.00:1, needs 4.5:1 (rgba(0, 0, 0, 0.87) → rgb(0, 0, 0) on rgb(0, 0, 0))
  td.mat-cell.bofa-cell--numeric.mat-column-amount "$3,210.00" — 1.00:1, needs 4.5:1 (rgba(0, 0, 0, 0.87) → rgb(0, 0, 0) on rgb(0, 0, 0))
  td.mat-cell.bofa-cell--numeric.mat-column-balance "$4,963.62" — 1.00:1, needs 4.5:1 (rgba(0, 0, 0, 0.87) → rgb(0, 0, 0) on rgb(0, 0, 0))
  td.mat-cell.mat-column-date "2024-01-09" — 1.00:1, needs 4.5:1 (rgba(0, 0, 0, 0.87) → rgb(0, 0, 0) on rgb(0, 0, 0))
  td.mat-cell.mat-column-description "Transfer to Savings" — 1.00:1, needs 4.5:1 (rgba(0, 0, 0, 0.87) → rgb(0, 0, 0) on rgb(0, 0, 0))
  td.mat-cell.mat-column-reference "INT 4410" — 1.00:1, needs 4.5:1 (rgba(0, 0, 0, 0.87) → rgb(0, 0, 0) on rgb(0, 0, 0))
  td.mat-cell.bofa-cell--numeric.mat-column-amount "-$500.00" — 1.00:1, needs 4.5:1 (rgba(0, 0, 0, 0.87) → rgb(0, 0, 0) on rgb(0, 0, 0))
  td.mat-cell.bofa-cell--numeric.mat-column-balance "$1,753.62" — 1.00:1, needs 4.5:1 (rgba(0, 0, 0, 0.87) → rgb(0, 0, 0) on rgb(0, 0, 0))
  td.mat-cell.mat-column-date "2024-01-08" — 1.00:1, needs 4.5:1 (rgba(0, 0, 0, 0.87) → rgb(0, 0, 0) on rgb(0, 0, 0))
  td.mat-cell.mat-column-description "Verizon Wireless" — 1.00:1, needs 4.5:1 (rgba(0, 0, 0, 0.87) → rgb(0, 0, 0) on rgb(0, 0, 0))
  td.mat-cell.mat-column-reference "ACH 7731" — 1.00:1, needs 4.5:1 (rgba(0, 0, 0, 0.87) → rgb(0, 0, 0) on rgb(0, 0, 0))
  td.mat-cell.bofa-cell--numeric.mat-column-amount "-$88.40" — 1.00:1, needs 4.5:1 (rgba(0, 0, 0, 0.87) → rgb(0, 0, 0) on rgb(0, 0, 0))
  td.mat-cell.bofa-cell--numeric.mat-column-balance "$2,253.62" — 1.00:1, needs 4.5:1 (rgba(0, 0, 0, 0.87) → rgb(0, 0, 0) on rgb(0, 0, 0))
  td.mat-cell.mat-column-date "2024-01-05" — 1.00:1, needs 4.5:1 (rgba(0, 0, 0, 0.87) → rgb(0, 0, 0) on rgb(0, 0, 0))
  td.mat-cell.mat-column-description "Card purchase — Harris Teeter" — 1.00:1, needs 4.5:1 (rgba(0, 0, 0, 0.87) → rgb(0, 0, 0) on rgb(0, 0, 0))
  td.mat-cell.mat-column-reference "POS 5522" — 1.00:1, needs 4.5:1 (rgba(0, 0, 0, 0.87) → rgb(0, 0, 0) on rgb(0, 0, 0))
  td.mat-cell.bofa-cell--numeric.mat-column-amount "-$76.31" — 1.00:1, needs 4.5:1 (rgba(0, 0, 0, 0.87) → rgb(0, 0, 0) on rgb(0, 0, 0))
  td.mat-cell.bofa-cell--numeric.mat-column-balance "$2,342.02" — 1.00:1, needs 4.5:1 (rgba(0, 0, 0, 0.87) → rgb(0, 0, 0) on rgb(0, 0, 0))
  div.mat-paginator-page-size-label "Items per page:" — 1.00:1, needs 4.5:1 (rgba(0, 0, 0, 0.54) → rgb(0, 0, 0) on rgb(0, 0, 0))
  span.mat-select-min-line "25" — 1.00:1, needs 4.5:1 (rgba(0, 0, 0, 0.87) → rgb(0, 0, 0) on rgb(0, 0, 0))
  div.mat-paginator-range-label "1 – 25 of 240" — 1.00:1, needs 4.5:1 (rgba(0, 0, 0, 0.54) → rgb(0, 0, 0) on rgb(0, 0, 0))
: expected [ Array(43) ] to have a length of 0 but got 43
      at Context.eval (webpack:///./src/e2e/legibility-sweep.cy.ts:80:20)

  2) legibility sweep — every visible text node (light)
       /__showcase (index): all text clears WCAG AA:
     AssertionError: 16 illegible text node(s) on /__showcase (index) (light):
  span.index__eyebrow "@bofa/ui-core" — 3.61:1, needs 4.5:1 (rgb(93, 102, 115) → rgb(93, 102, 115) on rgb(0, 0, 0))
  h1.index__title "Design system" — 1.16:1, needs 3:1 (rgb(18, 22, 29) → rgb(18, 22, 29) on rgb(0, 0, 0))
  p.index__body "13 wrapped Material components, 18 custo" — 3.61:1, needs 4.5:1 (rgb(93, 102, 115) → rgb(93, 102, 115) on rgb(0, 0, 0))
  a.index__tile "button" — 1.42:1, needs 4.5:1 (rgb(1, 33, 105) → rgb(1, 33, 105) on rgb(0, 0, 0))
  a.index__tile "form-field" — 1.42:1, needs 4.5:1 (rgb(1, 33, 105) → rgb(1, 33, 105) on rgb(0, 0, 0))
  a.index__tile "select" — 1.42:1, needs 4.5:1 (rgb(1, 33, 105) → rgb(1, 33, 105) on rgb(0, 0, 0))
  a.index__tile "datepicker" — 1.42:1, needs 4.5:1 (rgb(1, 33, 105) → rgb(1, 33, 105) on rgb(0, 0, 0))
  a.index__tile "table" — 1.42:1, needs 4.5:1 (rgb(1, 33, 105) → rgb(1, 33, 105) on rgb(0, 0, 0))
  a.index__tile "dialog" — 1.42:1, needs 4.5:1 (rgb(1, 33, 105) → rgb(1, 33, 105) on rgb(0, 0, 0))
  a.index__tile "tabs" — 1.42:1, needs 4.5:1 (rgb(1, 33, 105) → rgb(1, 33, 105) on rgb(0, 0, 0))
  a.index__tile "chips" — 1.42:1, needs 4.5:1 (rgb(1, 33, 105) → rgb(1, 33, 105) on rgb(0, 0, 0))
  a.index__tile "slide-toggle" — 1.42:1, needs 4.5:1 (rgb(1, 33, 105) → rgb(1, 33, 105) on rgb(0, 0, 0))
  a.index__tile "autocomplete" — 1.42:1, needs 4.5:1 (rgb(1, 33, 105) → rgb(1, 33, 105) on rgb(0, 0, 0))
  a.index__tile "paginator" — 1.42:1, needs 4.5:1 (rgb(1, 33, 105) → rgb(1, 33, 105) on rgb(0, 0, 0))
  a.index__tile "currency-input" — 1.42:1, needs 4.5:1 (rgb(1, 33, 105) → rgb(1, 33, 105) on rgb(0, 0, 0))
  a.index__tile "responsive-grid" — 1.42:1, needs 4.5:1 (rgb(1, 33, 105) → rgb(1, 33, 105) on rgb(0, 0, 0))
: expected [ Array(16) ] to have a length of 0 but got 16
      at Context.eval (webpack:///./src/e2e/legibility-sweep.cy.ts:80:20)

  3) legibility sweep — every visible text node (light)
       /sign-in: all text clears WCAG AA:
     AssertionError: 4 illegible text node(s) on /sign-in (light):
  span.sign-in__eyebrow "Bank of America" — 3.61:1, needs 4.5:1 (rgb(93, 102, 115) → rgb(93, 102, 115) on rgb(0, 0, 0))
  h1.sign-in__title "Sign in to continue" — 1.16:1, needs 3:1 (rgb(18, 22, 29) → rgb(18, 22, 29) on rgb(0, 0, 0))
  p.sign-in__body "Your session does not carry the entitlem" — 3.61:1, needs 4.5:1 (rgb(93, 102, 115) → rgb(93, 102, 115) on rgb(0, 0, 0))
  code "/accounts" — 3.61:1, needs 4.5:1 (rgb(93, 102, 115) → rgb(93, 102, 115) on rgb(0, 0, 0))
: expected [ Array(4) ] to have a length of 0 but got 4
      at Context.eval (webpack:///./src/e2e/legibility-sweep.cy.ts:80:20)

  4) legibility sweep — every visible text node (light)
       /__showcase/button: all text clears WCAG AA:
     AssertionError: 5 illegible text node(s) on /__showcase/button (light):
  a.showcase__back "← all components" — 1.42:1, needs 4.5:1 (rgb(1, 33, 105) → rgb(1, 33, 105) on rgb(0, 0, 0))
  span.showcase__eyebrow "@bofa/ui-core" — 3.61:1, needs 4.5:1 (rgb(93, 102, 115) → rgb(93, 102, 115) on rgb(0, 0, 0))
  h1.showcase__title "button" — 1.16:1, needs 3:1 (rgb(18, 22, 29) → rgb(18, 22, 29) on rgb(0, 0, 0))
  span.mat-button-wrapper "Download statement" — 1.42:1, needs 4.5:1 (rgb(1, 33, 105) → rgb(1, 33, 105) on rgb(0, 0, 0))
  span.mat-button-wrapper "Cancel" — 1.16:1, needs 4.5:1 (rgb(18, 22, 29) → rgb(18, 22, 29) on rgb(0, 0, 0))
: expected [ Array(5) ] to have a length of 0 but got 5
      at Context.eval (webpack:///./src/e2e/legibility-sweep.cy.ts:80:20)

  5) legibility sweep — every visible text node (light)
       /__showcase/form-field: all text clears WCAG AA:
     AssertionError: 9 illegible text node(s) on /__showcase/form-field (light):
  a.showcase__back "← all components" — 1.42:1, needs 4.5:1 (rgb(1, 33, 105) → rgb(1, 33, 105) on rgb(0, 0, 0))
  span.showcase__eyebrow "@bofa/ui-core" — 3.61:1, needs 4.5:1 (rgb(93, 102, 115) → rgb(93, 102, 115) on rgb(0, 0, 0))
  h1.showcase__title "form-field" — 1.16:1, needs 3:1 (rgb(18, 22, 29) → rgb(18, 22, 29) on rgb(0, 0, 0))
  mat-label "Account nickname" — 1.00:1, needs 4.5:1 (rgba(0, 0, 0, 0.6) → rgb(0, 0, 0) on rgb(0, 0, 0))
  mat-hint.mat-hint "Shown on your statements" — 1.00:1, needs 4.5:1 (rgba(0, 0, 0, 0.6) → rgb(0, 0, 0) on rgb(0, 0, 0))
  mat-label "Account nickname" — 2.87:1, needs 4.5:1 (rgb(176, 0, 32) → rgb(176, 0, 32) on rgb(0, 0, 0))
  span.mat-placeholder-required.mat-form-field-required-marker "*" — 2.87:1, needs 4.5:1 (rgb(176, 0, 32) → rgb(176, 0, 32) on rgb(0, 0, 0))
  mat-error.mat-error "Enter a nickname" — 2.87:1, needs 4.5:1 (rgb(176, 0, 32) → rgb(176, 0, 32) on rgb(0, 0, 0))
  mat-label "Account nickname" — 1.00:1, needs 4.5:1 (rgba(0, 0, 0, 0.6) → rgb(0, 0, 0) on rgb(0, 0, 0))
: expected [ Array(9) ] to have a length of 0 but got 9
      at Context.eval (webpack:///./src/e2e/legibility-sweep.cy.ts:80:20)

  6) legibility sweep — every visible text node (light)
       /__showcase/select: all text clears WCAG AA:
     AssertionError: 5 illegible text node(s) on /__showcase/select (light):
  a.showcase__back "← all components" — 1.42:1, needs 4.5:1 (rgb(1, 33, 105) → rgb(1, 33, 105) on rgb(0, 0, 0))
  span.showcase__eyebrow "@bofa/ui-core" — 3.61:1, needs 4.5:1 (rgb(93, 102, 115) → rgb(93, 102, 115) on rgb(0, 0, 0))
  h1.showcase__title "select" — 1.16:1, needs 3:1 (rgb(18, 22, 29) → rgb(18, 22, 29) on rgb(0, 0, 0))
  span.mat-select-min-line "Advantage Plus Banking ••4410" — 1.00:1, needs 4.5:1 (rgba(0, 0, 0, 0.87) → rgb(0, 0, 0) on rgb(0, 0, 0))
  mat-label "From account" — 1.00:1, needs 4.5:1 (rgba(0, 0, 0, 0.6) → rgb(0, 0, 0) on rgb(0, 0, 0))
: expected [ Array(5) ] to have a length of 0 but got 5
      at Context.eval (webpack:///./src/e2e/legibility-sweep.cy.ts:80:20)

  7) legibility sweep — every visible text node (light)
       /__showcase/datepicker: all text clears WCAG AA:
     AssertionError: 4 illegible text node(s) on /__showcase/datepicker (light):
  a.showcase__back "← all components" — 1.42:1, needs 4.5:1 (rgb(1, 33, 105) → rgb(1, 33, 105) on rgb(0, 0, 0))
  span.showcase__eyebrow "@bofa/ui-core" — 3.61:1, needs 4.5:1 (rgb(93, 102, 115) → rgb(93, 102, 115) on rgb(0, 0, 0))
  h1.showcase__title "datepicker" — 1.16:1, needs 3:1 (rgb(18, 22, 29) → rgb(18, 22, 29) on rgb(0, 0, 0))
  mat-label "Payment date" — 1.00:1, needs 4.5:1 (rgba(0, 0, 0, 0.6) → rgb(0, 0, 0) on rgb(0, 0, 0))
: expected [ Array(4) ] to have a length of 0 but got 4
      at Context.eval (webpack:///./src/e2e/legibility-sweep.cy.ts:80:20)

  8) legibility sweep — every visible text node (light)
       /__showcase/table: all text clears WCAG AA:
     AssertionError: 33 illegible text node(s) on /__showcase/table (light):
  a.showcase__back "← all components" — 1.42:1, needs 4.5:1 (rgb(1, 33, 105) → rgb(1, 33, 105) on rgb(0, 0, 0))
  span.showcase__eyebrow "@bofa/ui-core" — 3.61:1, needs 4.5:1 (rgb(93, 102, 115) → rgb(93, 102, 115) on rgb(0, 0, 0))
  h1.showcase__title "table" — 1.16:1, needs 3:1 (rgb(18, 22, 29) → rgb(18, 22, 29) on rgb(0, 0, 0))
  div.mat-sort-header-content "Date" — 1.16:1, needs 4.5:1 (rgb(18, 22, 29) → rgb(18, 22, 29) on rgb(0, 0, 0))
  div.mat-sort-header-content "Description" — 1.16:1, needs 4.5:1 (rgb(18, 22, 29) → rgb(18, 22, 29) on rgb(0, 0, 0))
  th.mat-header-cell.mat-column-reference "Reference" — 1.16:1, needs 4.5:1 (rgb(18, 22, 29) → rgb(18, 22, 29) on rgb(0, 0, 0))
  div.mat-sort-header-content "Amount" — 1.16:1, needs 4.5:1 (rgb(18, 22, 29) → rgb(18, 22, 29) on rgb(0, 0, 0))
  th.mat-header-cell.bofa-cell--numeric.mat-column-balance "Balance" — 1.16:1, needs 4.5:1 (rgb(18, 22, 29) → rgb(18, 22, 29) on rgb(0, 0, 0))
  td.mat-cell.mat-column-date "2024-01-12" — 1.00:1, needs 4.5:1 (rgba(0, 0, 0, 0.87) → rgb(0, 0, 0) on rgb(0, 0, 0))
  td.mat-cell.mat-column-description "Duke Energy" — 1.00:1, needs 4.5:1 (rgba(0, 0, 0, 0.87) → rgb(0, 0, 0) on rgb(0, 0, 0))
  td.mat-cell.mat-column-reference "ACH 8821" — 1.00:1, needs 4.5:1 (rgba(0, 0, 0, 0.87) → rgb(0, 0, 0) on rgb(0, 0, 0))
  td.mat-cell.bofa-cell--numeric.mat-column-amount "-$142.18" — 1.00:1, needs 4.5:1 (rgba(0, 0, 0, 0.87) → rgb(0, 0, 0) on rgb(0, 0, 0))
  td.mat-cell.bofa-cell--numeric.mat-column-balance "$4,821.44" — 1.00:1, needs 4.5:1 (rgba(0, 0, 0, 0.87) → rgb(0, 0, 0) on rgb(0, 0, 0))
  td.mat-cell.mat-column-date "2024-01-11" — 1.00:1, needs 4.5:1 (rgba(0, 0, 0, 0.87) → rgb(0, 0, 0) on rgb(0, 0, 0))
  td.mat-cell.mat-column-description "Payroll ACME Corp" — 1.00:1, needs 4.5:1 (rgba(0, 0, 0, 0.87) → rgb(0, 0, 0) on rgb(0, 0, 0))
  td.mat-cell.mat-column-reference "DEP 1190" — 1.00:1, needs 4.5:1 (rgba(0, 0, 0, 0.87) → rgb(0, 0, 0) on rgb(0, 0, 0))
  td.mat-cell.bofa-cell--numeric.mat-column-amount "$3,210.00" — 1.00:1, needs 4.5:1 (rgba(0, 0, 0, 0.87) → rgb(0, 0, 0) on rgb(0, 0, 0))
  td.mat-cell.bofa-cell--numeric.mat-column-balance "$4,963.62" — 1.00:1, needs 4.5:1 (rgba(0, 0, 0, 0.87) → rgb(0, 0, 0) on rgb(0, 0, 0))
  td.mat-cell.mat-column-date "2024-01-09" — 1.00:1, needs 4.5:1 (rgba(0, 0, 0, 0.87) → rgb(0, 0, 0) on rgb(0, 0, 0))
  td.mat-cell.mat-column-description "Transfer to Savings" — 1.00:1, needs 4.5:1 (rgba(0, 0, 0, 0.87) → rgb(0, 0, 0) on rgb(0, 0, 0))
  td.mat-cell.mat-column-reference "INT 4410" — 1.00:1, needs 4.5:1 (rgba(0, 0, 0, 0.87) → rgb(0, 0, 0) on rgb(0, 0, 0))
  td.mat-cell.bofa-cell--numeric.mat-column-amount "-$500.00" — 1.00:1, needs 4.5:1 (rgba(0, 0, 0, 0.87) → rgb(0, 0, 0) on rgb(0, 0, 0))
  td.mat-cell.bofa-cell--numeric.mat-column-balance "$1,753.62" — 1.00:1, needs 4.5:1 (rgba(0, 0, 0, 0.87) → rgb(0, 0, 0) on rgb(0, 0, 0))
  td.mat-cell.mat-column-date "2024-01-08" — 1.00:1, needs 4.5:1 (rgba(0, 0, 0, 0.87) → rgb(0, 0, 0) on rgb(0, 0, 0))
  td.mat-cell.mat-column-description "Verizon Wireless" — 1.00:1, needs 4.5:1 (rgba(0, 0, 0, 0.87) → rgb(0, 0, 0) on rgb(0, 0, 0))
  td.mat-cell.mat-column-reference "ACH 7731" — 1.00:1, needs 4.5:1 (rgba(0, 0, 0, 0.87) → rgb(0, 0, 0) on rgb(0, 0, 0))
  td.mat-cell.bofa-cell--numeric.mat-column-amount "-$88.40" — 1.00:1, needs 4.5:1 (rgba(0, 0, 0, 0.87) → rgb(0, 0, 0) on rgb(0, 0, 0))
  td.mat-cell.bofa-cell--numeric.mat-column-balance "$2,253.62" — 1.00:1, needs 4.5:1 (rgba(0, 0, 0, 0.87) → rgb(0, 0, 0) on rgb(0, 0, 0))
  td.mat-cell.mat-column-date "2024-01-05" — 1.00:1, needs 4.5:1 (rgba(0, 0, 0, 0.87) → rgb(0, 0, 0) on rgb(0, 0, 0))
  td.mat-cell.mat-column-description "Card purchase — Harris Teeter" — 1.00:1, needs 4.5:1 (rgba(0, 0, 0, 0.87) → rgb(0, 0, 0) on rgb(0, 0, 0))
  td.mat-cell.mat-column-reference "POS 5522" — 1.00:1, needs 4.5:1 (rgba(0, 0, 0, 0.87) → rgb(0, 0, 0) on rgb(0, 0, 0))
  td.mat-cell.bofa-cell--numeric.mat-column-amount "-$76.31" — 1.00:1, needs 4.5:1 (rgba(0, 0, 0, 0.87) → rgb(0, 0, 0) on rgb(0, 0, 0))
  td.mat-cell.bofa-cell--numeric.mat-column-balance "$2,342.02" — 1.00:1, needs 4.5:1 (rgba(0, 0, 0, 0.87) → rgb(0, 0, 0) on rgb(0, 0, 0))
: expected [ Array(33) ] to have a length of 0 but got 33
      at Context.eval (webpack:///./src/e2e/legibility-sweep.cy.ts:80:20)

  9) legibility sweep — every visible text node (light)
       /__showcase/dialog: all text clears WCAG AA:
     AssertionError: 3 illegible text node(s) on /__showcase/dialog (light):
  a.showcase__back "← all components" — 1.42:1, needs 4.5:1 (rgb(1, 33, 105) → rgb(1, 33, 105) on rgb(0, 0, 0))
  span.showcase__eyebrow "@bofa/ui-core" — 3.61:1, needs 4.5:1 (rgb(93, 102, 115) → rgb(93, 102, 115) on rgb(0, 0, 0))
  h1.showcase__title "dialog" — 1.16:1, needs 3:1 (rgb(18, 22, 29) → rgb(18, 22, 29) on rgb(0, 0, 0))
: expected [ Array(3) ] to have a length of 0 but got 3
      at Context.eval (webpack:///./src/e2e/legibility-sweep.cy.ts:80:20)

  10) legibility sweep — every visible text node (light)
       /__showcase/tabs: all text clears WCAG AA:
     AssertionError: 8 illegible text node(s) on /__showcase/tabs (light):
  a.showcase__back "← all components" — 1.42:1, needs 4.5:1 (rgb(1, 33, 105) → rgb(1, 33, 105) on rgb(0, 0, 0))
  span.showcase__eyebrow "@bofa/ui-core" — 3.61:1, needs 4.5:1 (rgb(93, 102, 115) → rgb(93, 102, 115) on rgb(0, 0, 0))
  h1.showcase__title "tabs" — 1.16:1, needs 3:1 (rgb(18, 22, 29) → rgb(18, 22, 29) on rgb(0, 0, 0))
  div.mat-tab-label-content "Transactions" — 3.57:1, needs 4.5:1 (rgb(200, 16, 46) → rgb(200, 16, 46) on rgb(0, 0, 0))
  div.mat-tab-label-content "Scheduled" — 1.00:1, needs 4.5:1 (rgba(0, 0, 0, 0.87) → rgb(0, 0, 0) on rgb(0, 0, 0))
  div.mat-tab-label-content "Statements" — 1.00:1, needs 4.5:1 (rgba(0, 0, 0, 0.87) → rgb(0, 0, 0) on rgb(0, 0, 0))
  div.mat-tab-label-content "Overview" — 3.57:1, needs 4.5:1 (rgb(200, 16, 46) → rgb(200, 16, 46) on rgb(0, 0, 0))
  div.mat-tab-label-content "Detail" — 1.00:1, needs 4.5:1 (rgba(0, 0, 0, 0.87) → rgb(0, 0, 0) on rgb(0, 0, 0))
: expected [ Array(8) ] to have a length of 0 but got 8
      at Context.eval (webpack:///./src/e2e/legibility-sweep.cy.ts:80:20)

  11) legibility sweep — every visible text node (light)
       /__showcase/chips: all text clears WCAG AA:
     AssertionError: 3 illegible text node(s) on /__showcase/chips (light):
  a.showcase__back "← all components" — 1.42:1, needs 4.5:1 (rgb(1, 33, 105) → rgb(1, 33, 105) on rgb(0, 0, 0))
  span.showcase__eyebrow "@bofa/ui-core" — 3.61:1, needs 4.5:1 (rgb(93, 102, 115) → rgb(93, 102, 115) on rgb(0, 0, 0))
  h1.showcase__title "chips" — 1.16:1, needs 3:1 (rgb(18, 22, 29) → rgb(18, 22, 29) on rgb(0, 0, 0))
: expected [ Array(3) ] to have a length of 0 but got 3
      at Context.eval (webpack:///./src/e2e/legibility-sweep.cy.ts:80:20)

  12) legibility sweep — every visible text node (light)
       /__showcase/slide-toggle: all text clears WCAG AA:
     AssertionError: 4 illegible text node(s) on /__showcase/slide-toggle (light):
  a.showcase__back "← all components" — 1.42:1, needs 4.5:1 (rgb(1, 33, 105) → rgb(1, 33, 105) on rgb(0, 0, 0))
  span.showcase__eyebrow "@bofa/ui-core" — 3.61:1, needs 4.5:1 (rgb(93, 102, 115) → rgb(93, 102, 115) on rgb(0, 0, 0))
  h1.showcase__title "slide-toggle" — 1.16:1, needs 3:1 (rgb(18, 22, 29) → rgb(18, 22, 29) on rgb(0, 0, 0))
  span.mat-slide-toggle-content "Paperless statements" — 1.16:1, needs 4.5:1 (rgb(18, 22, 29) → rgb(18, 22, 29) on rgb(0, 0, 0))
: expected [ Array(4) ] to have a length of 0 but got 4
      at Context.eval (webpack:///./src/e2e/legibility-sweep.cy.ts:80:20)

  13) legibility sweep — every visible text node (light)
       /__showcase/autocomplete: all text clears WCAG AA:
     AssertionError: 4 illegible text node(s) on /__showcase/autocomplete (light):
  a.showcase__back "← all components" — 1.42:1, needs 4.5:1 (rgb(1, 33, 105) → rgb(1, 33, 105) on rgb(0, 0, 0))
  span.showcase__eyebrow "@bofa/ui-core" — 3.61:1, needs 4.5:1 (rgb(93, 102, 115) → rgb(93, 102, 115) on rgb(0, 0, 0))
  h1.showcase__title "autocomplete" — 1.16:1, needs 3:1 (rgb(18, 22, 29) → rgb(18, 22, 29) on rgb(0, 0, 0))
  mat-label "Payee" — 1.00:1, needs 4.5:1 (rgba(0, 0, 0, 0.6) → rgb(0, 0, 0) on rgb(0, 0, 0))
: expected [ Array(4) ] to have a length of 0 but got 4
      at Context.eval (webpack:///./src/e2e/legibility-sweep.cy.ts:80:20)

  14) legibility sweep — every visible text node (light)
       /__showcase/paginator: all text clears WCAG AA:
     AssertionError: 8 illegible text node(s) on /__showcase/paginator (light):
  a.showcase__back "← all components" — 1.42:1, needs 4.5:1 (rgb(1, 33, 105) → rgb(1, 33, 105) on rgb(0, 0, 0))
  span.showcase__eyebrow "@bofa/ui-core" — 3.61:1, needs 4.5:1 (rgb(93, 102, 115) → rgb(93, 102, 115) on rgb(0, 0, 0))
  h1.showcase__title "paginator" — 1.16:1, needs 3:1 (rgb(18, 22, 29) → rgb(18, 22, 29) on rgb(0, 0, 0))
  div.mat-paginator-page-size-label "Items per page:" — 1.00:1, needs 4.5:1 (rgba(0, 0, 0, 0.54) → rgb(0, 0, 0) on rgb(0, 0, 0))
  span.mat-select-min-line "25" — 1.00:1, needs 4.5:1 (rgba(0, 0, 0, 0.87) → rgb(0, 0, 0) on rgb(0, 0, 0))
  div.mat-paginator-range-label "1 – 25 of 240" — 1.00:1, needs 4.5:1 (rgba(0, 0, 0, 0.54) → rgb(0, 0, 0) on rgb(0, 0, 0))
  div.mat-paginator-page-size-label "Items per page:" — 1.00:1, needs 4.5:1 (rgba(0, 0, 0, 0.54) → rgb(0, 0, 0) on rgb(0, 0, 0))
  div.mat-paginator-range-label "1 – 25 of 240" — 1.00:1, needs 4.5:1 (rgba(0, 0, 0, 0.54) → rgb(0, 0, 0) on rgb(0, 0, 0))
: expected [ Array(8) ] to have a length of 0 but got 8
      at Context.eval (webpack:///./src/e2e/legibility-sweep.cy.ts:80:20)

  15) legibility sweep — every visible text node (light)
       /__showcase/currency-input: all text clears WCAG AA:
     AssertionError: 5 illegible text node(s) on /__showcase/currency-input (light):
  a.showcase__back "← all components" — 1.42:1, needs 4.5:1 (rgb(1, 33, 105) → rgb(1, 33, 105) on rgb(0, 0, 0))
  span.showcase__eyebrow "@bofa/ui-core" — 3.61:1, needs 4.5:1 (rgb(93, 102, 115) → rgb(93, 102, 115) on rgb(0, 0, 0))
  h1.showcase__title "currency-input" — 1.16:1, needs 3:1 (rgb(18, 22, 29) → rgb(18, 22, 29) on rgb(0, 0, 0))
  span "$" — 3.61:1, needs 4.5:1 (rgb(93, 102, 115) → rgb(93, 102, 115) on rgb(0, 0, 0))
  mat-label "Amount" — 1.00:1, needs 4.5:1 (rgba(0, 0, 0, 0.6) → rgb(0, 0, 0) on rgb(0, 0, 0))
: expected [ Array(5) ] to have a length of 0 but got 5
      at Context.eval (webpack:///./src/e2e/legibility-sweep.cy.ts:80:20)

  16) legibility sweep — every visible text node (light)
       /__showcase/responsive-grid: all text clears WCAG AA:
     AssertionError: 3 illegible text node(s) on /__showcase/responsive-grid (light):
  a.showcase__back "← all components" — 1.42:1, needs 4.5:1 (rgb(1, 33, 105) → rgb(1, 33, 105) on rgb(0, 0, 0))
  span.showcase__eyebrow "@bofa/ui-core" — 3.61:1, needs 4.5:1 (rgb(93, 102, 115) → rgb(93, 102, 115) on rgb(0, 0, 0))
  h1.showcase__title "responsive-grid" — 1.16:1, needs 3:1 (rgb(18, 22, 29) → rgb(18, 22, 29) on rgb(0, 0, 0))
: expected [ Array(3) ] to have a length of 0 but got 3
      at Context.eval (webpack:///./src/e2e/legibility-sweep.cy.ts:80:20)

  (Results)
  ┌────────────────────────────────────────────────────────────────────────────────────────────────┐
  │ Tests:        35                                                                               │
  │ Passing:      19                                                                               │
  │ Failing:      16                                                                               │
  │ Pending:      0                                                                                │
  │ Skipped:      0                                                                                │
  │ Screenshots:  0                                                                                │
  │ Video:        false                                                                            │
  │ Duration:     6 seconds                                                                        │
  │ Spec Ran:     legibility-sweep.cy.ts                                                           │
  └────────────────────────────────────────────────────────────────────────────────────────────────┘
────────────────────────────────────────────────────────────────────────────────────────────────────
                                                                                                    
  Running:  override-contract.cy.ts                                                         (3 of 3)

  design system — override contract (computed styles)
    ✓ OV-01: Disabled field label stays legible (WCAG AA) against the slate palette (539ms)
    ✓ OV-01b: Field underline uses the BoA slate rule, not the Material default (184ms)
    ✓ OV-01c: Disabled field *value* stays legible, not just its label (213ms)
    ✓ OV-01d: Validation copy uses the brand danger red, which clears AA (Material’s does not) (168ms)
    ✓ OV-02: Error text sits on a 20px line box so field height never jumps on validation (118ms)
    ✓ OV-03: Primary button is brand red with 8px optical icon/label spacing (129ms)
    ✓ OV-04: Keyboard focus ring is visible on white and on slate-50 (214ms)
    ✓ OV-05: Statement rows keep fixed heights so 50 rows paginate predictably in print (211ms)
    ✓ OV-05b: Currency figures use tabular numerals and right-align on the decimal (182ms)
    ✓ OV-05c: Header cells carry the slate-900 brand weight, not the Material grey (223ms)
    ✓ OV-05d: Zebra striping on even rows for statement scanability (156ms)
    ✓ OV-06: Sort arrow is dimmed until hover so it does not read as an active filter (110ms)
    ✓ OV-07: Active option in the account picker is tinted brand red, not Material grey (273ms)
    ✓ OV-08: Selected option is brand red, not accent navy (navy reads as a link here) (219ms)
    ✓ OV-09: Consent toggle is unambiguous at arm’s length on a tablet (116ms)
    ✓ OV-09b: A granted consent reads green, not brand red (104ms)
    ✓ OV-10: Section ink bar is legible on a 4K branch display (255ms)
    ✓ OV-10b: The active section label is the brand accent and stays readable in both palettes (108ms)
    ✓ OV-11: Category chips keep a 28px rhythm inside the filter drawer (114ms)
    ✓ OV-12: Step-up dialog matches the mobile MFA modal: tight padding, squared corners (185ms)
    ✓ OV-12b: A short confirmation body never acquires an inner scrollbar (185ms)
    ✓ OV-13: Selected day is brand red; today is outlined, not a second filled circle (207ms)
    ✓ OV-14: Range label stays on screen on a 1280px branch terminal (130ms)
    ✓ OV-15: Payee panel never covers the Confirmation of Payee copy (384ms)
    ✓ OV-16: Amount entry right-aligns on tabular numerals (114ms)
    ✓ OV-17: Compact density is materially shorter than the default field (117ms)
    ✓ OV-18: Legacy shell embeds tabs without a second divider line (147ms)
  design system — override contract (dark surface)
    ✓ the dark surface is actually dark (else every probe below is vacuous) (288ms)
    ✓ OV-01c [dark]: Disabled field *value* stays legible, not just its label (227ms)
    ✓ OV-01d [dark]: Validation copy uses the brand danger red, which clears AA (Material’s does not) (266ms)
    ✓ OV-05c [dark]: Header cells carry the slate-900 brand weight, not the Material grey (119ms)
    ✓ OV-05d [dark]: Zebra striping on even rows for statement scanability (104ms)
    ✓ OV-07 [dark]: Active option in the account picker is tinted brand red, not Material grey (248ms)
    ✓ OV-10 [dark]: Section ink bar is legible on a 4K branch display (113ms)
    ✓ OV-10b [dark]: The active section label is the brand accent and stays readable in both palettes (108ms)
    ✓ OV-11 [dark]: Category chips keep a 28px rhythm inside the filter drawer (110ms)
    ✓ OV-15 [dark]: Payee panel never covers the Confirmation of Payee copy (259ms)
    ✓ OV-17 [dark]: Compact density is materially shorter than the default field (106ms)
    ✓ OV-18 [dark]: Legacy shell embeds tabs without a second divider line (108ms)
  design system — legibility (WCAG AA, light surface)
    1) statement table: even (striped) row clears 4.5:1
    2) statement table: odd row clears 4.5:1
    3) statement table: header cell clears 4.5:1
    4) form field: field label clears 4.5:1
    5) form field: entered value clears 4.5:1
    6) form field: hint clears 4.5:1
    7) form field: disabled value clears 4.5:1
    8) form field: error message clears 4.5:1
    9) tabs: inactive tab label clears 4.5:1
    10) tabs: active tab label clears 4.5:1
    11) select: trigger text clears 4.5:1
    ✓ chips: chip label clears 4.5:1 (158ms)
    12) paginator: range label clears 4.5:1
    13) currency input: amount clears 4.5:1
    ✓ tabs: the active-section ink bar clears 3:1 (non-text contrast) (129ms)
    14) datepicker: the toggle glyph clears 3:1 (non-text contrast)
  design system — legibility (WCAG AA, dark surface)
    ✓ statement table: even (striped) row clears 4.5:1 (148ms)
    ✓ statement table: odd row clears 4.5:1 (320ms)
    ✓ statement table: header cell clears 4.5:1 (166ms)
    ✓ form field: field label clears 4.5:1 (127ms)
    ✓ form field: entered value clears 4.5:1 (136ms)
    ✓ form field: hint clears 4.5:1 (215ms)
    ✓ form field: disabled value clears 4.5:1 (139ms)
    ✓ form field: error message clears 4.5:1 (144ms)
    ✓ tabs: inactive tab label clears 4.5:1 (294ms)
    ✓ tabs: active tab label clears 4.5:1 (134ms)
    ✓ select: trigger text clears 4.5:1 (132ms)
    ✓ chips: chip label clears 4.5:1 (121ms)
    ✓ paginator: range label clears 4.5:1 (134ms)
    ✓ currency input: amount clears 4.5:1 (119ms)
    ✓ tabs: the active-section ink bar clears 3:1 (non-text contrast) (160ms)
    ✓ datepicker: the toggle glyph clears 3:1 (non-text contrast) (171ms)
  design system — the contrast oracle itself
    15) a fully transparent chain resolves to the canvas, not to opaque black
    16) composites a semi-transparent foreground instead of treating it as opaque
    ✓ composites a semi-transparent background over the layer behind it (128ms)
    ✓ agrees with the published figure on a known opaque pair (124ms)
    17) folds an ancestor `opacity` into the layer instead of ignoring it
    ✓ refuses to score text over a gradient rather than reporting the canvas (164ms)
  60 passing (14s)
  17 failing
  1) design system — legibility (WCAG AA, light surface)
       statement table: even (striped) row clears 4.5:1:
      AssertionError: statement table / even (striped) row[0]: rgba(0, 0, 0, 0.87) → rgb(0, 0, 0) on rgb(0, 0, 0): expected 1 to be at least 4.5
      + expected - actual
      -1
      +4.5
      
      at Context.eval (webpack:///./src/e2e/override-contract.cy.ts:168:79)

  2) design system — legibility (WCAG AA, light surface)
       statement table: odd row clears 4.5:1:
      AssertionError: statement table / odd row[0]: rgba(0, 0, 0, 0.87) → rgb(0, 0, 0) on rgb(0, 0, 0): expected 1 to be at least 4.5
      + expected - actual
      -1
      +4.5
      
      at Context.eval (webpack:///./src/e2e/override-contract.cy.ts:168:79)

  3) design system — legibility (WCAG AA, light surface)
       statement table: header cell clears 4.5:1:
      AssertionError: statement table / header cell[0]: rgb(18, 22, 29) → rgb(18, 22, 29) on rgb(0, 0, 0): expected 1.1582250796635216 to be at least 4.5
      + expected - actual
      -1.1582250796635216
      +4.5
      
      at Context.eval (webpack:///./src/e2e/override-contract.cy.ts:168:79)

  4) design system — legibility (WCAG AA, light surface)
       form field: field label clears 4.5:1:
      AssertionError: form field / field label[0]: rgba(0, 0, 0, 0.6) → rgb(0, 0, 0) on rgb(0, 0, 0): expected 1 to be at least 4.5
      + expected - actual
      -1
      +4.5
      
      at Context.eval (webpack:///./src/e2e/override-contract.cy.ts:168:79)

  5) design system — legibility (WCAG AA, light surface)
       form field: entered value clears 4.5:1:
      AssertionError: form field / entered value[0]: rgb(18, 22, 29) → rgb(18, 22, 29) on rgb(0, 0, 0): expected 1.1582250796635216 to be at least 4.5
      + expected - actual
      -1.1582250796635216
      +4.5
      
      at Context.eval (webpack:///./src/e2e/override-contract.cy.ts:168:79)

  6) design system — legibility (WCAG AA, light surface)
       form field: hint clears 4.5:1:
      AssertionError: form field / hint[0]: rgba(0, 0, 0, 0.6) → rgb(0, 0, 0) on rgb(0, 0, 0): expected 1 to be at least 4.5
      + expected - actual
      -1
      +4.5
      
      at Context.eval (webpack:///./src/e2e/override-contract.cy.ts:168:79)

  7) design system — legibility (WCAG AA, light surface)
       form field: disabled value clears 4.5:1:
      AssertionError: form field / disabled value[0]: rgb(93, 102, 115) → rgb(93, 102, 115) on rgb(0, 0, 0): expected 3.6135406151933367 to be at least 4.5
      + expected - actual
      -3.6135406151933367
      +4.5
      
      at Context.eval (webpack:///./src/e2e/override-contract.cy.ts:168:79)

  8) design system — legibility (WCAG AA, light surface)
       form field: error message clears 4.5:1:
      AssertionError: form field / error message[0]: rgb(176, 0, 32) → rgb(176, 0, 32) on rgb(0, 0, 0): expected 2.8668781711677895 to be at least 4.5
      + expected - actual
      -2.8668781711677895
      +4.5
      
      at Context.eval (webpack:///./src/e2e/override-contract.cy.ts:168:79)

  9) design system — legibility (WCAG AA, light surface)
       tabs: inactive tab label clears 4.5:1:
      AssertionError: tabs / inactive tab label[0]: rgba(0, 0, 0, 0.87) → rgb(0, 0, 0) on rgb(0, 0, 0): expected 1 to be at least 4.5
      + expected - actual
      -1
      +4.5
      
      at Context.eval (webpack:///./src/e2e/override-contract.cy.ts:168:79)

  10) design system — legibility (WCAG AA, light surface)
       tabs: active tab label clears 4.5:1:
      AssertionError: tabs / active tab label[0]: rgb(200, 16, 46) → rgb(200, 16, 46) on rgb(0, 0, 0): expected 3.5694398151439466 to be at least 4.5
      + expected - actual
      -3.5694398151439466
      +4.5
      
      at Context.eval (webpack:///./src/e2e/override-contract.cy.ts:168:79)

  11) design system — legibility (WCAG AA, light surface)
       select: trigger text clears 4.5:1:
      AssertionError: select / trigger text[0]: rgba(0, 0, 0, 0.87) → rgb(0, 0, 0) on rgb(0, 0, 0): expected 1 to be at least 4.5
      + expected - actual
      -1
      +4.5
      
      at Context.eval (webpack:///./src/e2e/override-contract.cy.ts:168:79)

  12) design system — legibility (WCAG AA, light surface)
       paginator: range label clears 4.5:1:
      AssertionError: paginator / range label[0]: rgba(0, 0, 0, 0.54) → rgb(0, 0, 0) on rgb(0, 0, 0): expected 1 to be at least 4.5
      + expected - actual
      -1
      +4.5
      
      at Context.eval (webpack:///./src/e2e/override-contract.cy.ts:168:79)

  13) design system — legibility (WCAG AA, light surface)
       currency input: amount clears 4.5:1:
      AssertionError: currency input / amount[0]: rgb(18, 22, 29) → rgb(18, 22, 29) on rgb(0, 0, 0): expected 1.1582250796635216 to be at least 4.5
      + expected - actual
      -1.1582250796635216
      +4.5
      
      at Context.eval (webpack:///./src/e2e/override-contract.cy.ts:168:79)

  14) design system — legibility (WCAG AA, light surface)
       datepicker: the toggle glyph clears 3:1 (non-text contrast):
      AssertionError: datepicker toggle glyph[0]: fill rgba(0, 0, 0, 0.54) → rgb(0, 0, 0) on rgb(0, 0, 0): expected 1 to be at least 3
      + expected - actual
      -1
      +3
      
      at Context.eval (webpack:///./src/e2e/override-contract.cy.ts:201:79)

  15) design system — the contrast oracle itself
       a fully transparent chain resolves to the canvas, not to opaque black:
     AssertionError: expected 21 to be close to 1 +/- 0.01
      at eval (webpack:///./src/e2e/override-contract.cy.ts:252:26)
      at Context.eval (webpack:///./src/e2e/override-contract.cy.ts:244:6)

  16) design system — the contrast oracle itself
       composites a semi-transparent foreground instead of treating it as opaque:
     AssertionError: expected 10.049743700462349 to be close to 3.87 +/- 0.02
      at eval (webpack:///./src/e2e/override-contract.cy.ts:260:26)
      at Context.eval (webpack:///./src/e2e/override-contract.cy.ts:244:6)

  17) design system — the contrast oracle itself
       folds an ancestor `opacity` into the layer instead of ignoring it:
     AssertionError: expected 21 to be close to 1.33 +/- 0.02
      at eval (webpack:///./src/e2e/override-contract.cy.ts:294:28)
      at Context.eval (webpack:///./src/e2e/override-contract.cy.ts:244:6)

  (Results)
  ┌────────────────────────────────────────────────────────────────────────────────────────────────┐
  │ Tests:        77                                                                               │
  │ Passing:      60                                                                               │
  │ Failing:      17                                                                               │
  │ Pending:      0                                                                                │
  │ Skipped:      0                                                                                │
  │ Screenshots:  0                                                                                │
  │ Video:        false                                                                            │
  │ Duration:     13 seconds                                                                       │
  │ Spec Ran:     override-contract.cy.ts                                                          │
  └────────────────────────────────────────────────────────────────────────────────────────────────┘
====================================================================================================
  (Run Finished)
       Spec                                              Tests  Passing  Failing  Pending  Skipped  
  ┌────────────────────────────────────────────────────────────────────────────────────────────────┐
  │ ✔  design-system.cy.ts                      00:08       23       23        -        -        - │
  ├────────────────────────────────────────────────────────────────────────────────────────────────┤
  │ ✖  legibility-sweep.cy.ts                   00:06       35       19       16        -        - │
  ├────────────────────────────────────────────────────────────────────────────────────────────────┤
  │ ✖  override-contract.cy.ts                  00:13       77       60       17        -        - │
  └────────────────────────────────────────────────────────────────────────────────────────────────┘
    ✖  2 of 3 failed (67%)                      00:29      135      102       33        -        -  

 

 >  NX   Running target "retail-banking-e2e:e2e" failed

   Failed tasks:
   
   - retail-banking-e2e:e2e
   
   Hint: run the command with --verbose for more details.

