=== regress-oracle-zorder-blind :: 2026-07-29T20:25:39Z ===

> bofa-digital-banking@0.0.0 visual
> docker run --rm -u $(id -u):$(id -g) -e HOME=/tmp -e CYPRESS_CACHE_FOLDER=/root/.cache/Cypress -v "$PWD/..":/w -w /w/bofa-digital-banking --entrypoint bash cypress/included@sha256:058d1834239bf09b381325b8369d05e9e0516a46b65b32e6dc0c991801dc517a -c 'npx nx e2e retail-banking-e2e --skip-nx-cache'


> nx run retail-banking-e2e:e2e

- Generating browser application bundles (phase: setup)...
✔ Browser application bundle generation complete.

Initial Chunk Files                                        | Names                    |  Raw Size
vendor.js                                                  | vendor                   |   4.97 MB | 
styles.css, styles.js                                      | styles                   | 315.42 kB | 
polyfills.js                                               | polyfills                | 239.94 kB | 
main.js                                                    | main                     | 148.25 kB | 
runtime.js                                                 | runtime                  |  12.61 kB | 

                                                           | Initial Total            |   5.67 MB

Lazy Chunk Files                                           | Names                    |  Raw Size
apps_retail-banking_src_app_showcase_showcase_module_ts.js | showcase-showcase-module |  47.78 kB | 

Build at: 2026-07-29T20:25:53.915Z - Hash: 99077f3ec8ad061a - Time: 12024ms

** Angular Live Development Server is listening on localhost:4200, open your browser on http://localhost:4200/ **


✔ Compiled successfully.
libva error: vaGetDriverNameByIndex() failed with unknown libva error, driver_name = (null)
[218:0729/202554.728011:ERROR:gpu_memory_buffer_support_x11.cc(44)] dri3 extension not supported.
====================================================================================================
  (Run Starting)
  ┌────────────────────────────────────────────────────────────────────────────────────────────────┐
  │ Cypress:        10.11.0                                                                        │
  │ Browser:        Electron 106 (headless)                                                        │
  │ Node Version:   v16.16.0 (/usr/local/bin/node)                                                 │
  │ Specs:          3 found (design-system.cy.ts, legibility-sweep.cy.ts, override-contract.cy.ts) │
  │ Searched:       src/**/*.cy.{js,jsx,ts,tsx}                                                    │
  └────────────────────────────────────────────────────────────────────────────────────────────────┘
────────────────────────────────────────────────────────────────────────────────────────────────────
                                                                                                    
  Running:  design-system.cy.ts                                                             (1 of 3)

  design system — visual baseline
[visual] button-default: 0 px (budget 40)
    ✓ button renders to spec (1019ms)
[visual] form-field-default: 0 px (budget 40)
    ✓ form-field renders to spec (490ms)
[visual] select-default: 0 px (budget 40)
    ✓ select renders to spec (378ms)
[visual] datepicker-default: 0 px (budget 40)
    ✓ datepicker renders to spec (340ms)
[visual] table-default: 0 px (budget 40)
    ✓ table renders to spec (367ms)
[visual] dialog-default: 0 px (budget 40)
    ✓ dialog renders to spec (363ms)
[visual] tabs-default: 0 px (budget 40)
    ✓ tabs renders to spec (373ms)
[visual] chips-default: 0 px (budget 40)
    ✓ chips renders to spec (384ms)
[visual] slide-toggle-default: 0 px (budget 40)
    ✓ slide-toggle renders to spec (471ms)
[visual] autocomplete-default: 0 px (budget 40)
    ✓ autocomplete renders to spec (371ms)
[visual] paginator-default: 0 px (budget 40)
    ✓ paginator renders to spec (357ms)
[visual] currency-input-default: 0 px (budget 40)
    ✓ currency-input renders to spec (399ms)
[visual] responsive-grid-default: 0 px (budget 40)
    ✓ responsive-grid renders to spec (362ms)
    ✓ form field renders its disabled and error states (134ms)
    ✓ button exposes a disabled state (115ms)
[visual] responsive-grid-md: 0 px (budget 40)
    ✓ responsive grid collapses below the md breakpoint (451ms)
[visual] responsive-grid-sm: 0 px (budget 40)
    ✓ responsive grid hides the detail pane below the sm breakpoint (328ms)
  design system — overlay and interaction states
[visual] dialog-open: 0 px (budget 40)
    ✓ opens the real dialog overlay (461ms)
[visual] select-panel-open: 0 px (budget 40)
    ✓ opens the select panel (436ms)
[visual] autocomplete-panel-open: 0 px (budget 40)
    ✓ opens the autocomplete panel (529ms)
[visual] datepicker-calendar-open: 0 px (budget 40)
    ✓ opens the datepicker calendar (502ms)
[visual] button-focus-ring: 0 px (budget 40)
    ✓ shows the keyboard focus ring on the primary button (402ms)
  retail banking — customer surface
[visual] accounts-dashboard: 0 px (budget 40)
    ✓ renders the accounts dashboard (553ms)
  23 passing (10s)
  (Results)
  ┌────────────────────────────────────────────────────────────────────────────────────────────────┐
  │ Tests:        23                                                                               │
  │ Passing:      23                                                                               │
  │ Failing:      0                                                                                │
  │ Pending:      0                                                                                │
  │ Skipped:      0                                                                                │
  │ Screenshots:  21                                                                               │
  │ Video:        false                                                                            │
  │ Duration:     9 seconds                                                                        │
  │ Spec Ran:     design-system.cy.ts                                                              │
  └────────────────────────────────────────────────────────────────────────────────────────────────┘
  (Screenshots)
  -  /w/bofa-digital-banking/dist/cypress/apps/retail-banking-e2e/screenshots/design-     (1280x720)
     system.cy.ts/vr__button-default.png                                                            
  -  /w/bofa-digital-banking/dist/cypress/apps/retail-banking-e2e/screenshots/design-     (1280x720)
     system.cy.ts/vr__form-field-default.png                                                        
  -  /w/bofa-digital-banking/dist/cypress/apps/retail-banking-e2e/screenshots/design-     (1280x720)
     system.cy.ts/vr__select-default.png                                                            
  -  /w/bofa-digital-banking/dist/cypress/apps/retail-banking-e2e/screenshots/design-     (1280x720)
     system.cy.ts/vr__datepicker-default.png                                                        
  -  /w/bofa-digital-banking/dist/cypress/apps/retail-banking-e2e/screenshots/design-     (1280x720)
     system.cy.ts/vr__table-default.png                                                             
  -  /w/bofa-digital-banking/dist/cypress/apps/retail-banking-e2e/screenshots/design-     (1280x720)
     system.cy.ts/vr__dialog-default.png                                                            
  -  /w/bofa-digital-banking/dist/cypress/apps/retail-banking-e2e/screenshots/design-     (1280x720)
     system.cy.ts/vr__tabs-default.png                                                              
  -  /w/bofa-digital-banking/dist/cypress/apps/retail-banking-e2e/screenshots/design-     (1280x720)
     system.cy.ts/vr__chips-default.png                                                             
  -  /w/bofa-digital-banking/dist/cypress/apps/retail-banking-e2e/screenshots/design-     (1280x720)
     system.cy.ts/vr__slide-toggle-default.png                                                      
  -  /w/bofa-digital-banking/dist/cypress/apps/retail-banking-e2e/screenshots/design-     (1280x720)
     system.cy.ts/vr__autocomplete-default.png                                                      
  -  /w/bofa-digital-banking/dist/cypress/apps/retail-banking-e2e/screenshots/design-     (1280x720)
     system.cy.ts/vr__paginator-default.png                                                         
  -  /w/bofa-digital-banking/dist/cypress/apps/retail-banking-e2e/screenshots/design-     (1280x720)
     system.cy.ts/vr__currency-input-default.png                                                    
  -  /w/bofa-digital-banking/dist/cypress/apps/retail-banking-e2e/screenshots/design-     (1280x720)
     system.cy.ts/vr__responsive-grid-default.png                                                   
  -  /w/bofa-digital-banking/dist/cypress/apps/retail-banking-e2e/screenshots/design-      (768x720)
     system.cy.ts/vr__responsive-grid-md.png                                                        
  -  /w/bofa-digital-banking/dist/cypress/apps/retail-banking-e2e/screenshots/design-      (560x720)
     system.cy.ts/vr__responsive-grid-sm.png                                                        
  -  /w/bofa-digital-banking/dist/cypress/apps/retail-banking-e2e/screenshots/design-     (1280x720)
     system.cy.ts/vr__dialog-open.png                                                               
  -  /w/bofa-digital-banking/dist/cypress/apps/retail-banking-e2e/screenshots/design-     (1280x720)
     system.cy.ts/vr__select-panel-open.png                                                         
  -  /w/bofa-digital-banking/dist/cypress/apps/retail-banking-e2e/screenshots/design-     (1280x720)
     system.cy.ts/vr__autocomplete-panel-open.png                                                   
  -  /w/bofa-digital-banking/dist/cypress/apps/retail-banking-e2e/screenshots/design-     (1280x720)
     system.cy.ts/vr__datepicker-calendar-open.png                                                  
  -  /w/bofa-digital-banking/dist/cypress/apps/retail-banking-e2e/screenshots/design-     (1280x720)
     system.cy.ts/vr__button-focus-ring.png                                                         
  -  /w/bofa-digital-banking/dist/cypress/apps/retail-banking-e2e/screenshots/design-     (1280x720)
     system.cy.ts/vr__accounts-dashboard.png                                                        
────────────────────────────────────────────────────────────────────────────────────────────────────
                                                                                                    
  Running:  legibility-sweep.cy.ts                                                          (2 of 3)

  legibility sweep — every visible text node (light)
    ✓ /accounts (customer dashboard): all text clears WCAG AA (687ms)
    ✓ /__showcase (index): all text clears WCAG AA (185ms)
    ✓ /sign-in: all text clears WCAG AA (135ms)
    ✓ /__showcase/button: all text clears WCAG AA (116ms)
    ✓ /__showcase/form-field: all text clears WCAG AA (128ms)
    ✓ /__showcase/select: all text clears WCAG AA (165ms)
    ✓ /__showcase/datepicker: all text clears WCAG AA (236ms)
    ✓ /__showcase/table: all text clears WCAG AA (161ms)
    ✓ /__showcase/dialog: all text clears WCAG AA (118ms)
    ✓ /__showcase/tabs: all text clears WCAG AA (117ms)
    ✓ /__showcase/chips: all text clears WCAG AA (110ms)
    ✓ /__showcase/slide-toggle: all text clears WCAG AA (137ms)
    ✓ /__showcase/autocomplete: all text clears WCAG AA (117ms)
    ✓ /__showcase/paginator: all text clears WCAG AA (281ms)
    ✓ /__showcase/currency-input: all text clears WCAG AA (115ms)
    ✓ /__showcase/responsive-grid: all text clears WCAG AA (119ms)
  legibility sweep — every visible text node (dark)
    ✓ /accounts (customer dashboard): all text clears WCAG AA (163ms)
    ✓ /__showcase (index): all text clears WCAG AA (114ms)
    ✓ /sign-in: all text clears WCAG AA (121ms)
    ✓ /__showcase/button: all text clears WCAG AA (120ms)
    ✓ /__showcase/form-field: all text clears WCAG AA (221ms)
    ✓ /__showcase/select: all text clears WCAG AA (246ms)
    ✓ /__showcase/datepicker: all text clears WCAG AA (128ms)
    ✓ /__showcase/table: all text clears WCAG AA (110ms)
    ✓ /__showcase/dialog: all text clears WCAG AA (98ms)
    ✓ /__showcase/tabs: all text clears WCAG AA (152ms)
    ✓ /__showcase/chips: all text clears WCAG AA (96ms)
    ✓ /__showcase/slide-toggle: all text clears WCAG AA (231ms)
    ✓ /__showcase/autocomplete: all text clears WCAG AA (157ms)
    ✓ /__showcase/paginator: all text clears WCAG AA (121ms)
    ✓ /__showcase/currency-input: all text clears WCAG AA (111ms)
    ✓ /__showcase/responsive-grid: all text clears WCAG AA (102ms)
  legibility sweep — the sweep itself
    ✓ measures a substantial number of nodes on a real route (147ms)
    ✓ catches illegible text planted on a swept route (170ms)
    ✓ catches an icon-only control whose glyph is invisible (120ms)
    ✓ composites a semi-transparent sibling painted over the text (118ms)
    ✓ does not report off-screen screen-reader-only text (154ms)
    ✓ fails text over artwork until the artwork is declared reviewed (167ms)
    ✓ ignores text that is hidden rather than reporting it as a defect (162ms)
    1) composites a covering layer that is raised with z-index but written first
    ✓ measures text below the fold, because coverage cannot depend on page height (322ms)
    ✓ measures an icon-only control that is labelled with visually hidden text (131ms)
    ✓ does not composite a veil that paints nothing (125ms)
    ✓ requires the review declaration on the artwork itself, citing a ratio (171ms)
    ✓ measures a CSS-painted indicator, which no SVG sweep can see (119ms)
    ✓ does not report the dimmed page behind an open modal (206ms)
    2) composites a scrim raised inside a transform, and only when it truly paints above
    ✓ is not disarmed by a stray overlay backdrop left in the DOM (307ms)
    ✓ measures painted marks of any shape, and not a tail of the surface it matches (142ms)
    ✓ recognises the current sr-only recipe, not one spelling of it (160ms)
    ✓ evaluates clipping instead of matching it, in both directions (205ms)
    ✓ composites a layer that covers most of the text, not only one that contains it (118ms)
    ✓ is silenced by a real modal and by nothing that merely resembles one (193ms)
    ✓ measures a mark drawn with four sides, at 32px, or in a pseudo-element (135ms)
  52 passing (9s)
  2 failing
  1) legibility sweep — the sweep itself
       composites a covering layer that is raised with z-index but written first:
      rgb(255, 255, 255) → rgb(255, 255, 255) on rgb(48, 48, 48)
      + expected - actual
      -13.19811185826915
      +1.5
      
      at Context.eval (webpack:///./src/e2e/legibility-sweep.cy.ts:285:52)

  2) legibility sweep — the sweep itself
       composites a scrim raised inside a transform, and only when it truly paints above:
      rgb(255, 255, 255) → rgb(48, 48, 48) on rgb(48, 48, 48)
      + expected - actual
      -1
      +10
      
      at Context.eval (webpack:///./src/e2e/legibility-sweep.cy.ts:457:48)

  (Results)
  ┌────────────────────────────────────────────────────────────────────────────────────────────────┐
  │ Tests:        54                                                                               │
  │ Passing:      52                                                                               │
  │ Failing:      2                                                                                │
  │ Pending:      0                                                                                │
  │ Skipped:      0                                                                                │
  │ Screenshots:  0                                                                                │
  │ Video:        false                                                                            │
  │ Duration:     9 seconds                                                                        │
  │ Spec Ran:     legibility-sweep.cy.ts                                                           │
  └────────────────────────────────────────────────────────────────────────────────────────────────┘
────────────────────────────────────────────────────────────────────────────────────────────────────
                                                                                                    
  Running:  override-contract.cy.ts                                                         (3 of 3)

  design system — override contract (computed styles)
    ✓ OV-01: Disabled field label stays legible (WCAG AA) against the slate palette (588ms)
    ✓ OV-01b: Field underline uses the BoA slate rule, not the Material default (175ms)
    ✓ OV-01c: Disabled field *value* stays legible, not just its label (157ms)
    ✓ OV-01d: Validation copy uses the brand danger red, which clears AA (Material’s does not) (128ms)
    ✓ OV-02: Error text sits on a 20px line box so field height never jumps on validation (132ms)
    ✓ OV-03: Primary button is brand red with 8px optical icon/label spacing (159ms)
    ✓ OV-04: Keyboard focus ring is visible on white and on slate-50 (367ms)
    ✓ OV-05: Statement rows keep fixed heights so 50 rows paginate predictably in print (182ms)
    ✓ OV-05b: Currency figures use tabular numerals and right-align on the decimal (159ms)
    ✓ OV-05c: Header cells carry the slate-900 brand weight, not the Material grey (142ms)
    ✓ OV-05d: Zebra striping on even rows for statement scanability (120ms)
    ✓ OV-06: Sort arrow is dimmed until hover so it does not read as an active filter (118ms)
    ✓ OV-07: Active option in the account picker is tinted brand red, not Material grey (264ms)
    ✓ OV-08: Selected option is brand red, not accent navy (navy reads as a link here) (228ms)
    ✓ OV-09: Consent toggle is unambiguous at arm’s length on a tablet (116ms)
    ✓ OV-09b: A granted consent reads green, not brand red (112ms)
    ✓ OV-10: Section ink bar is legible on a 4K branch display (134ms)
    ✓ OV-10b: The active section label is the brand accent and stays readable in both palettes (134ms)
    ✓ OV-11: Category chips keep a 28px rhythm inside the filter drawer (140ms)
    ✓ OV-12: Step-up dialog matches the mobile MFA modal: tight padding, squared corners (289ms)
    ✓ OV-12b: A short confirmation body never acquires an inner scrollbar (204ms)
    ✓ OV-13: Selected day is brand red; today is outlined, not a second filled circle (247ms)
    ✓ OV-14: Range label stays on screen on a 1280px branch terminal (142ms)
    ✓ OV-15: Payee panel never covers the Confirmation of Payee copy (264ms)
    ✓ OV-16: Amount entry right-aligns on tabular numerals (119ms)
    ✓ OV-17: Compact density is materially shorter than the default field (116ms)
    ✓ OV-18: Legacy shell embeds tabs without a second divider line (119ms)
  design system — override contract (dark surface)
    ✓ the dark surface is actually dark (else every probe below is vacuous) (387ms)
    ✓ OV-01c [dark]: Disabled field *value* stays legible, not just its label (118ms)
    ✓ OV-01d [dark]: Validation copy uses the brand danger red, which clears AA (Material’s does not) (115ms)
    ✓ OV-05c [dark]: Header cells carry the slate-900 brand weight, not the Material grey (123ms)
    ✓ OV-05d [dark]: Zebra striping on even rows for statement scanability (217ms)
    ✓ OV-07 [dark]: Active option in the account picker is tinted brand red, not Material grey (260ms)
    ✓ OV-10 [dark]: Section ink bar is legible on a 4K branch display (120ms)
    ✓ OV-10b [dark]: The active section label is the brand accent and stays readable in both palettes (120ms)
    ✓ OV-11 [dark]: Category chips keep a 28px rhythm inside the filter drawer (116ms)
    ✓ OV-15 [dark]: Payee panel never covers the Confirmation of Payee copy (267ms)
    ✓ OV-17 [dark]: Compact density is materially shorter than the default field (128ms)
    ✓ OV-18 [dark]: Legacy shell embeds tabs without a second divider line (105ms)
  design system — legibility (WCAG AA, light surface)
    ✓ statement table: even (striped) row clears 4.5:1 (132ms)
    ✓ statement table: odd row clears 4.5:1 (134ms)
    ✓ statement table: header cell clears 4.5:1 (209ms)
    ✓ form field: field label clears 4.5:1 (152ms)
    ✓ form field: entered value clears 4.5:1 (114ms)
    ✓ form field: hint clears 4.5:1 (229ms)
    ✓ form field: disabled value clears 4.5:1 (160ms)
    ✓ form field: error message clears 4.5:1 (118ms)
    ✓ tabs: inactive tab label clears 4.5:1 (124ms)
    ✓ tabs: active tab label clears 4.5:1 (112ms)
    ✓ select: trigger text clears 4.5:1 (142ms)
    ✓ chips: chip label clears 4.5:1 (99ms)
    ✓ paginator: range label clears 4.5:1 (109ms)
    ✓ currency input: amount clears 4.5:1 (114ms)
    ✓ tabs: the active-section ink bar clears 3:1 (non-text contrast) (129ms)
    ✓ datepicker: the toggle glyph clears 3:1 (non-text contrast) (220ms)
  design system — legibility (WCAG AA, dark surface)
    ✓ statement table: even (striped) row clears 4.5:1 (163ms)
    ✓ statement table: odd row clears 4.5:1 (178ms)
    ✓ statement table: header cell clears 4.5:1 (123ms)
    ✓ form field: field label clears 4.5:1 (109ms)
    ✓ form field: entered value clears 4.5:1 (116ms)
    ✓ form field: hint clears 4.5:1 (119ms)
    ✓ form field: disabled value clears 4.5:1 (206ms)
    ✓ form field: error message clears 4.5:1 (135ms)
    ✓ tabs: inactive tab label clears 4.5:1 (166ms)
    ✓ tabs: active tab label clears 4.5:1 (120ms)
    ✓ select: trigger text clears 4.5:1 (106ms)
    ✓ chips: chip label clears 4.5:1 (136ms)
    ✓ paginator: range label clears 4.5:1 (111ms)
    ✓ currency input: amount clears 4.5:1 (222ms)
    ✓ tabs: the active-section ink bar clears 3:1 (non-text contrast) (109ms)
    ✓ datepicker: the toggle glyph clears 3:1 (non-text contrast) (118ms)
  design system — the contrast oracle itself
    ✓ a fully transparent chain resolves to the canvas, not to opaque black (110ms)
    ✓ composites a semi-transparent foreground instead of treating it as opaque (106ms)
    ✓ composites a semi-transparent background over the layer behind it (109ms)
    ✓ agrees with the published figure on a known opaque pair (111ms)
    ✓ folds an ancestor `opacity` into the layer instead of ignoring it (115ms)
    ✓ refuses to score text over a gradient rather than reporting the canvas (102ms)
  77 passing (13s)
  (Results)
  ┌────────────────────────────────────────────────────────────────────────────────────────────────┐
  │ Tests:        77                                                                               │
  │ Passing:      77                                                                               │
  │ Failing:      0                                                                                │
  │ Pending:      0                                                                                │
  │ Skipped:      0                                                                                │
  │ Screenshots:  0                                                                                │
  │ Video:        false                                                                            │
  │ Duration:     12 seconds                                                                       │
  │ Spec Ran:     override-contract.cy.ts                                                          │
  └────────────────────────────────────────────────────────────────────────────────────────────────┘
====================================================================================================
  (Run Finished)
       Spec                                              Tests  Passing  Failing  Pending  Skipped  
  ┌────────────────────────────────────────────────────────────────────────────────────────────────┐
  │ ✔  design-system.cy.ts                      00:09       23       23        -        -        - │
  ├────────────────────────────────────────────────────────────────────────────────────────────────┤
  │ ✖  legibility-sweep.cy.ts                   00:09       54       52        2        -        - │
  ├────────────────────────────────────────────────────────────────────────────────────────────────┤
  │ ✔  override-contract.cy.ts                  00:12       77       77        -        -        - │
  └────────────────────────────────────────────────────────────────────────────────────────────────┘
    ✖  1 of 3 failed (33%)                      00:31      154      152        2        -        -  

 

 >  NX   Running target "retail-banking-e2e:e2e" failed

   Failed tasks:
   
   - retail-banking-e2e:e2e
   
   Hint: run the command with --verbose for more details.

