=== regress-oracle-clip-round :: 2026-07-29T22:15:54Z ===

> bofa-digital-banking@0.0.0 visual
> docker run --rm -u $(id -u):$(id -g) -e HOME=/tmp -e CYPRESS_CACHE_FOLDER=/root/.cache/Cypress -v "$PWD/..":/w -w /w/bofa-digital-banking --entrypoint bash cypress/included@sha256:058d1834239bf09b381325b8369d05e9e0516a46b65b32e6dc0c991801dc517a -c 'npx nx e2e retail-banking-e2e --skip-nx-cache'


> nx run retail-banking-e2e:e2e

- Generating browser application bundles (phase: setup)...
✔ Browser application bundle generation complete.

Initial Chunk Files                                        | Names                    |  Raw Size
vendor.js                                                  | vendor                   |   4.97 MB | 
styles.css, styles.js                                      | styles                   | 315.42 kB | 
polyfills.js                                               | polyfills                | 239.94 kB | 
main.js                                                    | main                     | 148.25 kB | 
runtime.js                                                 | runtime                  |  12.61 kB | 

                                                           | Initial Total            |   5.67 MB

Lazy Chunk Files                                           | Names                    |  Raw Size
apps_retail-banking_src_app_showcase_showcase_module_ts.js | showcase-showcase-module |  47.78 kB | 

Build at: 2026-07-29T22:16:09.658Z - Hash: 99077f3ec8ad061a - Time: 12094ms

** Angular Live Development Server is listening on localhost:4200, open your browser on http://localhost:4200/ **


✔ Compiled successfully.
libva error: vaGetDriverNameByIndex() failed with unknown libva error, driver_name = (null)
[220:0729/221610.681554:ERROR:gpu_memory_buffer_support_x11.cc(44)] dri3 extension not supported.
====================================================================================================
  (Run Starting)
  ┌────────────────────────────────────────────────────────────────────────────────────────────────┐
  │ Cypress:        10.11.0                                                                        │
  │ Browser:        Electron 106 (headless)                                                        │
  │ Node Version:   v16.16.0 (/usr/local/bin/node)                                                 │
  │ Specs:          3 found (design-system.cy.ts, legibility-sweep.cy.ts, override-contract.cy.ts) │
  │ Searched:       src/**/*.cy.{js,jsx,ts,tsx}                                                    │
  └────────────────────────────────────────────────────────────────────────────────────────────────┘
────────────────────────────────────────────────────────────────────────────────────────────────────
                                                                                                    
  Running:  design-system.cy.ts                                                             (1 of 3)

  design system — visual baseline
[visual] button-default: 0 px (budget 40)
    ✓ button renders to spec (868ms)
[visual] form-field-default: 0 px (budget 40)
    ✓ form-field renders to spec (419ms)
[visual] select-default: 0 px (budget 40)
    ✓ select renders to spec (310ms)
[visual] datepicker-default: 0 px (budget 40)
    ✓ datepicker renders to spec (347ms)
[visual] table-default: 0 px (budget 40)
    ✓ table renders to spec (323ms)
[visual] dialog-default: 0 px (budget 40)
    ✓ dialog renders to spec (321ms)
[visual] tabs-default: 0 px (budget 40)
    ✓ tabs renders to spec (488ms)
[visual] chips-default: 0 px (budget 40)
    ✓ chips renders to spec (381ms)
[visual] slide-toggle-default: 0 px (budget 40)
    ✓ slide-toggle renders to spec (331ms)
[visual] autocomplete-default: 0 px (budget 40)
    ✓ autocomplete renders to spec (356ms)
[visual] paginator-default: 0 px (budget 40)
    ✓ paginator renders to spec (361ms)
[visual] currency-input-default: 0 px (budget 40)
    ✓ currency-input renders to spec (356ms)
[visual] responsive-grid-default: 0 px (budget 40)
    ✓ responsive-grid renders to spec (349ms)
    ✓ form field renders its disabled and error states (249ms)
    ✓ button exposes a disabled state (132ms)
[visual] responsive-grid-md: 0 px (budget 40)
    ✓ responsive grid collapses below the md breakpoint (357ms)
[visual] responsive-grid-sm: 0 px (budget 40)
    ✓ responsive grid hides the detail pane below the sm breakpoint (277ms)
  design system — overlay and interaction states
[visual] dialog-open: 0 px (budget 40)
    ✓ opens the real dialog overlay (396ms)
[visual] select-panel-open: 0 px (budget 40)
    ✓ opens the select panel (470ms)
[visual] autocomplete-panel-open: 0 px (budget 40)
    ✓ opens the autocomplete panel (512ms)
[visual] datepicker-calendar-open: 0 px (budget 40)
    ✓ opens the datepicker calendar (491ms)
[visual] button-focus-ring: 0 px (budget 40)
    ✓ shows the keyboard focus ring on the primary button (421ms)
  retail banking — customer surface
[visual] accounts-dashboard: 0 px (budget 40)
    ✓ renders the accounts dashboard (469ms)
  23 passing (9s)
  (Results)
  ┌────────────────────────────────────────────────────────────────────────────────────────────────┐
  │ Tests:        23                                                                               │
  │ Passing:      23                                                                               │
  │ Failing:      0                                                                                │
  │ Pending:      0                                                                                │
  │ Skipped:      0                                                                                │
  │ Screenshots:  21                                                                               │
  │ Video:        false                                                                            │
  │ Duration:     9 seconds                                                                        │
  │ Spec Ran:     design-system.cy.ts                                                              │
  └────────────────────────────────────────────────────────────────────────────────────────────────┘
  (Screenshots)
  -  /w/bofa-digital-banking/dist/cypress/apps/retail-banking-e2e/screenshots/design-     (1280x720)
     system.cy.ts/vr__button-default.png                                                            
  -  /w/bofa-digital-banking/dist/cypress/apps/retail-banking-e2e/screenshots/design-     (1280x720)
     system.cy.ts/vr__form-field-default.png                                                        
  -  /w/bofa-digital-banking/dist/cypress/apps/retail-banking-e2e/screenshots/design-     (1280x720)
     system.cy.ts/vr__select-default.png                                                            
  -  /w/bofa-digital-banking/dist/cypress/apps/retail-banking-e2e/screenshots/design-     (1280x720)
     system.cy.ts/vr__datepicker-default.png                                                        
  -  /w/bofa-digital-banking/dist/cypress/apps/retail-banking-e2e/screenshots/design-     (1280x720)
     system.cy.ts/vr__table-default.png                                                             
  -  /w/bofa-digital-banking/dist/cypress/apps/retail-banking-e2e/screenshots/design-     (1280x720)
     system.cy.ts/vr__dialog-default.png                                                            
  -  /w/bofa-digital-banking/dist/cypress/apps/retail-banking-e2e/screenshots/design-     (1280x720)
     system.cy.ts/vr__tabs-default.png                                                              
  -  /w/bofa-digital-banking/dist/cypress/apps/retail-banking-e2e/screenshots/design-     (1280x720)
     system.cy.ts/vr__chips-default.png                                                             
  -  /w/bofa-digital-banking/dist/cypress/apps/retail-banking-e2e/screenshots/design-     (1280x720)
     system.cy.ts/vr__slide-toggle-default.png                                                      
  -  /w/bofa-digital-banking/dist/cypress/apps/retail-banking-e2e/screenshots/design-     (1280x720)
     system.cy.ts/vr__autocomplete-default.png                                                      
  -  /w/bofa-digital-banking/dist/cypress/apps/retail-banking-e2e/screenshots/design-     (1280x720)
     system.cy.ts/vr__paginator-default.png                                                         
  -  /w/bofa-digital-banking/dist/cypress/apps/retail-banking-e2e/screenshots/design-     (1280x720)
     system.cy.ts/vr__currency-input-default.png                                                    
  -  /w/bofa-digital-banking/dist/cypress/apps/retail-banking-e2e/screenshots/design-     (1280x720)
     system.cy.ts/vr__responsive-grid-default.png                                                   
  -  /w/bofa-digital-banking/dist/cypress/apps/retail-banking-e2e/screenshots/design-      (768x720)
     system.cy.ts/vr__responsive-grid-md.png                                                        
  -  /w/bofa-digital-banking/dist/cypress/apps/retail-banking-e2e/screenshots/design-      (560x720)
     system.cy.ts/vr__responsive-grid-sm.png                                                        
  -  /w/bofa-digital-banking/dist/cypress/apps/retail-banking-e2e/screenshots/design-     (1280x720)
     system.cy.ts/vr__dialog-open.png                                                               
  -  /w/bofa-digital-banking/dist/cypress/apps/retail-banking-e2e/screenshots/design-     (1280x720)
     system.cy.ts/vr__select-panel-open.png                                                         
  -  /w/bofa-digital-banking/dist/cypress/apps/retail-banking-e2e/screenshots/design-     (1280x720)
     system.cy.ts/vr__autocomplete-panel-open.png                                                   
  -  /w/bofa-digital-banking/dist/cypress/apps/retail-banking-e2e/screenshots/design-     (1280x720)
     system.cy.ts/vr__datepicker-calendar-open.png                                                  
  -  /w/bofa-digital-banking/dist/cypress/apps/retail-banking-e2e/screenshots/design-     (1280x720)
     system.cy.ts/vr__button-focus-ring.png                                                         
  -  /w/bofa-digital-banking/dist/cypress/apps/retail-banking-e2e/screenshots/design-     (1280x720)
     system.cy.ts/vr__accounts-dashboard.png                                                        
────────────────────────────────────────────────────────────────────────────────────────────────────
                                                                                                    
  Running:  legibility-sweep.cy.ts                                                          (2 of 3)

  legibility sweep — every visible text node (light)
    ✓ /accounts (customer dashboard): all text clears WCAG AA (717ms)
    ✓ /__showcase (index): all text clears WCAG AA (302ms)
    ✓ /sign-in: all text clears WCAG AA (124ms)
    ✓ /__showcase/button: all text clears WCAG AA (128ms)
    ✓ /__showcase/form-field: all text clears WCAG AA (125ms)
    ✓ /__showcase/select: all text clears WCAG AA (167ms)
    ✓ /__showcase/datepicker: all text clears WCAG AA (185ms)
    ✓ /__showcase/table: all text clears WCAG AA (153ms)
    ✓ /__showcase/dialog: all text clears WCAG AA (197ms)
    ✓ /__showcase/tabs: all text clears WCAG AA (158ms)
    ✓ /__showcase/chips: all text clears WCAG AA (106ms)
    ✓ /__showcase/slide-toggle: all text clears WCAG AA (127ms)
    ✓ /__showcase/autocomplete: all text clears WCAG AA (112ms)
    ✓ /__showcase/paginator: all text clears WCAG AA (121ms)
    ✓ /__showcase/currency-input: all text clears WCAG AA (113ms)
    ✓ /__showcase/responsive-grid: all text clears WCAG AA (217ms)
  legibility sweep — every visible text node (dark)
    ✓ /accounts (customer dashboard): all text clears WCAG AA (201ms)
    ✓ /__showcase (index): all text clears WCAG AA (113ms)
    ✓ /sign-in: all text clears WCAG AA (125ms)
    ✓ /__showcase/button: all text clears WCAG AA (113ms)
    ✓ /__showcase/form-field: all text clears WCAG AA (139ms)
    ✓ /__showcase/select: all text clears WCAG AA (181ms)
    ✓ /__showcase/datepicker: all text clears WCAG AA (222ms)
    ✓ /__showcase/table: all text clears WCAG AA (148ms)
    ✓ /__showcase/dialog: all text clears WCAG AA (107ms)
    ✓ /__showcase/tabs: all text clears WCAG AA (132ms)
    ✓ /__showcase/chips: all text clears WCAG AA (110ms)
    ✓ /__showcase/slide-toggle: all text clears WCAG AA (104ms)
    ✓ /__showcase/autocomplete: all text clears WCAG AA (146ms)
    ✓ /__showcase/paginator: all text clears WCAG AA (125ms)
    ✓ /__showcase/currency-input: all text clears WCAG AA (100ms)
    ✓ /__showcase/responsive-grid: all text clears WCAG AA (101ms)
  legibility sweep — the sweep itself
    ✓ measures a substantial number of nodes on a real route (188ms)
    ✓ catches illegible text planted on a swept route (254ms)
    ✓ catches an icon-only control whose glyph is invisible (120ms)
    ✓ composites a semi-transparent sibling painted over the text (123ms)
    ✓ does not report off-screen screen-reader-only text (161ms)
    ✓ fails text over artwork until the artwork is declared reviewed (484ms)
    ✓ ignores text that is hidden rather than reporting it as a defect (149ms)
    ✓ composites a covering layer that is raised with z-index but written first (107ms)
    ✓ measures text below the fold, because coverage cannot depend on page height (155ms)
    ✓ measures an icon-only control that is labelled with visually hidden text (188ms)
    ✓ does not composite a veil that paints nothing (132ms)
    ✓ requires the review declaration on the artwork itself, citing a ratio (195ms)
    ✓ measures a CSS-painted indicator, which no SVG sweep can see (223ms)
    ✓ does not report the dimmed page behind an open modal (194ms)
    ✓ composites a scrim raised inside a transform, and only when it truly paints above (125ms)
    ✓ is not disarmed by a stray overlay backdrop left in the DOM (166ms)
    ✓ measures painted marks of any shape, and not a tail of the surface it matches (126ms)
    ✓ recognises the current sr-only recipe, not one spelling of it (163ms)
    1) evaluates clipping instead of matching it, in both directions
    ✓ composites a layer that covers most of the text, not only one that contains it (296ms)
    ✓ is silenced by a real modal and by nothing that merely resembles one (187ms)
    ✓ composites an unpositioned cover, without putting text under every background (195ms)
    ✓ leaves bordered chrome alone and still measures a mark that means something (177ms)
    ✓ measures a mark drawn with four sides, at 32px, or in a pseudo-element (112ms)
  55 passing (10s)
  1 failing
  1) legibility sweep — the sweep itself
       evaluates clipping instead of matching it, in both directions:
     AssertionError: round is a radius, not a side: expected '  p "Available balance round" — 1.00:1, needs 4.5:1 (rgb(255, 255, 255) → rgb(255, 255, 255) on rgb(255, 255, 255))' to not include 'Available balance round'
      at Context.eval (webpack:///./src/e2e/legibility-sweep.cy.ts:628:73)

  (Results)
  ┌────────────────────────────────────────────────────────────────────────────────────────────────┐
  │ Tests:        56                                                                               │
  │ Passing:      55                                                                               │
  │ Failing:      1                                                                                │
  │ Pending:      0                                                                                │
  │ Skipped:      0                                                                                │
  │ Screenshots:  0                                                                                │
  │ Video:        false                                                                            │
  │ Duration:     9 seconds                                                                        │
  │ Spec Ran:     legibility-sweep.cy.ts                                                           │
  └────────────────────────────────────────────────────────────────────────────────────────────────┘
────────────────────────────────────────────────────────────────────────────────────────────────────
                                                                                                    
  Running:  override-contract.cy.ts                                                         (3 of 3)

  design system — override contract (computed styles)
    ✓ OV-01: Disabled field label stays legible (WCAG AA) against the slate palette (639ms)
    ✓ OV-01b: Field underline uses the BoA slate rule, not the Material default (181ms)
    ✓ OV-01c: Disabled field *value* stays legible, not just its label (205ms)
    ✓ OV-01d: Validation copy uses the brand danger red, which clears AA (Material’s does not) (178ms)
    ✓ OV-02: Error text sits on a 20px line box so field height never jumps on validation (136ms)
    ✓ OV-03: Primary button is brand red with 8px optical icon/label spacing (118ms)
    ✓ OV-04: Keyboard focus ring is visible on white and on slate-50 (204ms)
    ✓ OV-05: Statement rows keep fixed heights so 50 rows paginate predictably in print (160ms)
    ✓ OV-05b: Currency figures use tabular numerals and right-align on the decimal (165ms)
    ✓ OV-05c: Header cells carry the slate-900 brand weight, not the Material grey (293ms)
    ✓ OV-05d: Zebra striping on even rows for statement scanability (129ms)
    ✓ OV-06: Sort arrow is dimmed until hover so it does not read as an active filter (122ms)
    ✓ OV-07: Active option in the account picker is tinted brand red, not Material grey (287ms)
    ✓ OV-08: Selected option is brand red, not accent navy (navy reads as a link here) (196ms)
    ✓ OV-09: Consent toggle is unambiguous at arm’s length on a tablet (120ms)
    ✓ OV-09b: A granted consent reads green, not brand red (116ms)
    ✓ OV-10: Section ink bar is legible on a 4K branch display (277ms)
    ✓ OV-10b: The active section label is the brand accent and stays readable in both palettes (127ms)
    ✓ OV-11: Category chips keep a 28px rhythm inside the filter drawer (129ms)
    ✓ OV-12: Step-up dialog matches the mobile MFA modal: tight padding, squared corners (207ms)
    ✓ OV-12b: A short confirmation body never acquires an inner scrollbar (193ms)
    ✓ OV-13: Selected day is brand red; today is outlined, not a second filled circle (240ms)
    ✓ OV-14: Range label stays on screen on a 1280px branch terminal (120ms)
    ✓ OV-15: Payee panel never covers the Confirmation of Payee copy (415ms)
    ✓ OV-16: Amount entry right-aligns on tabular numerals (117ms)
    ✓ OV-17: Compact density is materially shorter than the default field (127ms)
    ✓ OV-18: Legacy shell embeds tabs without a second divider line (145ms)
  design system — override contract (dark surface)
    ✓ the dark surface is actually dark (else every probe below is vacuous) (281ms)
    ✓ OV-01c [dark]: Disabled field *value* stays legible, not just its label (126ms)
    ✓ OV-01d [dark]: Validation copy uses the brand danger red, which clears AA (Material’s does not) (199ms)
    ✓ OV-05c [dark]: Header cells carry the slate-900 brand weight, not the Material grey (171ms)
    ✓ OV-05d [dark]: Zebra striping on even rows for statement scanability (103ms)
    ✓ OV-07 [dark]: Active option in the account picker is tinted brand red, not Material grey (258ms)
    ✓ OV-10 [dark]: Section ink bar is legible on a 4K branch display (118ms)
    ✓ OV-10b [dark]: The active section label is the brand accent and stays readable in both palettes (122ms)
    ✓ OV-11 [dark]: Category chips keep a 28px rhythm inside the filter drawer (105ms)
    ✓ OV-15 [dark]: Payee panel never covers the Confirmation of Payee copy (367ms)
    ✓ OV-17 [dark]: Compact density is materially shorter than the default field (121ms)
    ✓ OV-18 [dark]: Legacy shell embeds tabs without a second divider line (114ms)
  design system — legibility (WCAG AA, light surface)
    ✓ statement table: even (striped) row clears 4.5:1 (137ms)
    ✓ statement table: odd row clears 4.5:1 (132ms)
    ✓ statement table: header cell clears 4.5:1 (143ms)
    ✓ form field: field label clears 4.5:1 (106ms)
    ✓ form field: entered value clears 4.5:1 (113ms)
    ✓ form field: hint clears 4.5:1 (114ms)
    ✓ form field: disabled value clears 4.5:1 (112ms)
    ✓ form field: error message clears 4.5:1 (167ms)
    ✓ tabs: inactive tab label clears 4.5:1 (212ms)
    ✓ tabs: active tab label clears 4.5:1 (150ms)
    ✓ select: trigger text clears 4.5:1 (107ms)
    ✓ chips: chip label clears 4.5:1 (119ms)
    ✓ paginator: range label clears 4.5:1 (123ms)
    ✓ currency input: amount clears 4.5:1 (226ms)
    ✓ tabs: the active-section ink bar clears 3:1 (non-text contrast) (147ms)
    ✓ datepicker: the toggle glyph clears 3:1 (non-text contrast) (110ms)
  design system — legibility (WCAG AA, dark surface)
    ✓ statement table: even (striped) row clears 4.5:1 (120ms)
    ✓ statement table: odd row clears 4.5:1 (128ms)
    ✓ statement table: header cell clears 4.5:1 (124ms)
    ✓ form field: field label clears 4.5:1 (119ms)
    ✓ form field: entered value clears 4.5:1 (191ms)
    ✓ form field: hint clears 4.5:1 (152ms)
    ✓ form field: disabled value clears 4.5:1 (123ms)
    ✓ form field: error message clears 4.5:1 (105ms)
    ✓ tabs: inactive tab label clears 4.5:1 (121ms)
    ✓ tabs: active tab label clears 4.5:1 (121ms)
    ✓ select: trigger text clears 4.5:1 (129ms)
    ✓ chips: chip label clears 4.5:1 (207ms)
    ✓ paginator: range label clears 4.5:1 (157ms)
    ✓ currency input: amount clears 4.5:1 (158ms)
    ✓ tabs: the active-section ink bar clears 3:1 (non-text contrast) (120ms)
    ✓ datepicker: the toggle glyph clears 3:1 (non-text contrast) (103ms)
  design system — the contrast oracle itself
    ✓ a fully transparent chain resolves to the canvas, not to opaque black (128ms)
    ✓ composites a semi-transparent foreground instead of treating it as opaque (124ms)
    ✓ composites a semi-transparent background over the layer behind it (180ms)
    ✓ agrees with the published figure on a known opaque pair (170ms)
    ✓ folds an ancestor `opacity` into the layer instead of ignoring it (104ms)
    ✓ refuses to score text over a gradient rather than reporting the canvas (114ms)
  77 passing (13s)
  (Results)
  ┌────────────────────────────────────────────────────────────────────────────────────────────────┐
  │ Tests:        77                                                                               │
  │ Passing:      77                                                                               │
  │ Failing:      0                                                                                │
  │ Pending:      0                                                                                │
  │ Skipped:      0                                                                                │
  │ Screenshots:  0                                                                                │
  │ Video:        false                                                                            │
  │ Duration:     13 seconds                                                                       │
  │ Spec Ran:     override-contract.cy.ts                                                          │
  └────────────────────────────────────────────────────────────────────────────────────────────────┘
====================================================================================================
  (Run Finished)
       Spec                                              Tests  Passing  Failing  Pending  Skipped  
  ┌────────────────────────────────────────────────────────────────────────────────────────────────┐
  │ ✔  design-system.cy.ts                      00:09       23       23        -        -        - │
  ├────────────────────────────────────────────────────────────────────────────────────────────────┤
  │ ✖  legibility-sweep.cy.ts                   00:09       56       55        1        -        - │
  ├────────────────────────────────────────────────────────────────────────────────────────────────┤
  │ ✔  override-contract.cy.ts                  00:13       77       77        -        -        - │
  └────────────────────────────────────────────────────────────────────────────────────────────────┘
    ✖  1 of 3 failed (33%)                      00:32      156      155        1        -        -  

 

 >  NX   Running target "retail-banking-e2e:e2e" failed

   Failed tasks:
   
   - retail-banking-e2e:e2e
   
   Hint: run the command with --verbose for more details.

