=== regress-oracle-indicator-r10 :: 2026-07-29T22:56:45Z ===

> bofa-digital-banking@0.0.0 visual
> docker run --rm -u $(id -u):$(id -g) -e HOME=/tmp -e CYPRESS_CACHE_FOLDER=/root/.cache/Cypress -v "$PWD/..":/w -w /w/bofa-digital-banking --entrypoint bash cypress/included@sha256:058d1834239bf09b381325b8369d05e9e0516a46b65b32e6dc0c991801dc517a -c 'npx nx e2e retail-banking-e2e --skip-nx-cache'


> nx run retail-banking-e2e:e2e

- Generating browser application bundles (phase: setup)...
✔ Browser application bundle generation complete.

Initial Chunk Files                                        | Names                    |  Raw Size
vendor.js                                                  | vendor                   |   4.97 MB | 
styles.css, styles.js                                      | styles                   | 315.42 kB | 
polyfills.js                                               | polyfills                | 239.94 kB | 
main.js                                                    | main                     | 148.25 kB | 
runtime.js                                                 | runtime                  |  12.61 kB | 

                                                           | Initial Total            |   5.67 MB

Lazy Chunk Files                                           | Names                    |  Raw Size
apps_retail-banking_src_app_showcase_showcase_module_ts.js | showcase-showcase-module |  47.78 kB | 

Build at: 2026-07-29T22:57:00.534Z - Hash: 99077f3ec8ad061a - Time: 11578ms

** Angular Live Development Server is listening on localhost:4200, open your browser on http://localhost:4200/ **


✔ Compiled successfully.
libva error: vaGetDriverNameByIndex() failed with unknown libva error, driver_name = (null)
[220:0729/225701.335322:ERROR:gpu_memory_buffer_support_x11.cc(44)] dri3 extension not supported.
====================================================================================================
  (Run Starting)
  ┌────────────────────────────────────────────────────────────────────────────────────────────────┐
  │ Cypress:        10.11.0                                                                        │
  │ Browser:        Electron 106 (headless)                                                        │
  │ Node Version:   v16.16.0 (/usr/local/bin/node)                                                 │
  │ Specs:          3 found (design-system.cy.ts, legibility-sweep.cy.ts, override-contract.cy.ts) │
  │ Searched:       src/**/*.cy.{js,jsx,ts,tsx}                                                    │
  └────────────────────────────────────────────────────────────────────────────────────────────────┘
────────────────────────────────────────────────────────────────────────────────────────────────────
                                                                                                    
  Running:  design-system.cy.ts                                                             (1 of 3)

  design system — visual baseline
[visual] button-default: 0 px (budget 40)
    ✓ button renders to spec (852ms)
[visual] form-field-default: 0 px (budget 40)
    ✓ form-field renders to spec (475ms)
[visual] select-default: 0 px (budget 40)
    ✓ select renders to spec (453ms)
[visual] datepicker-default: 0 px (budget 40)
    ✓ datepicker renders to spec (351ms)
[visual] table-default: 0 px (budget 40)
    ✓ table renders to spec (547ms)
[visual] dialog-default: 0 px (budget 40)
    ✓ dialog renders to spec (354ms)
[visual] tabs-default: 0 px (budget 40)
    ✓ tabs renders to spec (457ms)
[visual] chips-default: 0 px (budget 40)
    ✓ chips renders to spec (436ms)
[visual] slide-toggle-default: 0 px (budget 40)
    ✓ slide-toggle renders to spec (349ms)
[visual] autocomplete-default: 0 px (budget 40)
    ✓ autocomplete renders to spec (359ms)
[visual] paginator-default: 0 px (budget 40)
    ✓ paginator renders to spec (356ms)
[visual] currency-input-default: 0 px (budget 40)
    ✓ currency-input renders to spec (352ms)
[visual] responsive-grid-default: 0 px (budget 40)
    ✓ responsive-grid renders to spec (350ms)
    ✓ form field renders its disabled and error states (125ms)
    ✓ button exposes a disabled state (136ms)
[visual] responsive-grid-md: 0 px (budget 40)
    ✓ responsive grid collapses below the md breakpoint (371ms)
[visual] responsive-grid-sm: 0 px (budget 40)
    ✓ responsive grid hides the detail pane below the sm breakpoint (326ms)
  design system — overlay and interaction states
[visual] dialog-open: 0 px (budget 40)
    ✓ opens the real dialog overlay (430ms)
[visual] select-panel-open: 0 px (budget 40)
    ✓ opens the select panel (556ms)
[visual] autocomplete-panel-open: 0 px (budget 40)
    ✓ opens the autocomplete panel (484ms)
[visual] datepicker-calendar-open: 0 px (budget 40)
    ✓ opens the datepicker calendar (446ms)
[visual] button-focus-ring: 0 px (budget 40)
    ✓ shows the keyboard focus ring on the primary button (365ms)
  retail banking — customer surface
[visual] accounts-dashboard: 0 px (budget 40)
    ✓ renders the accounts dashboard (401ms)
  23 passing (9s)
  (Results)
  ┌────────────────────────────────────────────────────────────────────────────────────────────────┐
  │ Tests:        23                                                                               │
  │ Passing:      23                                                                               │
  │ Failing:      0                                                                                │
  │ Pending:      0                                                                                │
  │ Skipped:      0                                                                                │
  │ Screenshots:  21                                                                               │
  │ Video:        false                                                                            │
  │ Duration:     9 seconds                                                                        │
  │ Spec Ran:     design-system.cy.ts                                                              │
  └────────────────────────────────────────────────────────────────────────────────────────────────┘
  (Screenshots)
  -  /w/bofa-digital-banking/dist/cypress/apps/retail-banking-e2e/screenshots/design-     (1280x720)
     system.cy.ts/vr__button-default.png                                                            
  -  /w/bofa-digital-banking/dist/cypress/apps/retail-banking-e2e/screenshots/design-     (1280x720)
     system.cy.ts/vr__form-field-default.png                                                        
  -  /w/bofa-digital-banking/dist/cypress/apps/retail-banking-e2e/screenshots/design-     (1280x720)
     system.cy.ts/vr__select-default.png                                                            
  -  /w/bofa-digital-banking/dist/cypress/apps/retail-banking-e2e/screenshots/design-     (1280x720)
     system.cy.ts/vr__datepicker-default.png                                                        
  -  /w/bofa-digital-banking/dist/cypress/apps/retail-banking-e2e/screenshots/design-     (1280x720)
     system.cy.ts/vr__table-default.png                                                             
  -  /w/bofa-digital-banking/dist/cypress/apps/retail-banking-e2e/screenshots/design-     (1280x720)
     system.cy.ts/vr__dialog-default.png                                                            
  -  /w/bofa-digital-banking/dist/cypress/apps/retail-banking-e2e/screenshots/design-     (1280x720)
     system.cy.ts/vr__tabs-default.png                                                              
  -  /w/bofa-digital-banking/dist/cypress/apps/retail-banking-e2e/screenshots/design-     (1280x720)
     system.cy.ts/vr__chips-default.png                                                             
  -  /w/bofa-digital-banking/dist/cypress/apps/retail-banking-e2e/screenshots/design-     (1280x720)
     system.cy.ts/vr__slide-toggle-default.png                                                      
  -  /w/bofa-digital-banking/dist/cypress/apps/retail-banking-e2e/screenshots/design-     (1280x720)
     system.cy.ts/vr__autocomplete-default.png                                                      
  -  /w/bofa-digital-banking/dist/cypress/apps/retail-banking-e2e/screenshots/design-     (1280x720)
     system.cy.ts/vr__paginator-default.png                                                         
  -  /w/bofa-digital-banking/dist/cypress/apps/retail-banking-e2e/screenshots/design-     (1280x720)
     system.cy.ts/vr__currency-input-default.png                                                    
  -  /w/bofa-digital-banking/dist/cypress/apps/retail-banking-e2e/screenshots/design-     (1280x720)
     system.cy.ts/vr__responsive-grid-default.png                                                   
  -  /w/bofa-digital-banking/dist/cypress/apps/retail-banking-e2e/screenshots/design-      (768x720)
     system.cy.ts/vr__responsive-grid-md.png                                                        
  -  /w/bofa-digital-banking/dist/cypress/apps/retail-banking-e2e/screenshots/design-      (560x720)
     system.cy.ts/vr__responsive-grid-sm.png                                                        
  -  /w/bofa-digital-banking/dist/cypress/apps/retail-banking-e2e/screenshots/design-     (1280x720)
     system.cy.ts/vr__dialog-open.png                                                               
  -  /w/bofa-digital-banking/dist/cypress/apps/retail-banking-e2e/screenshots/design-     (1280x720)
     system.cy.ts/vr__select-panel-open.png                                                         
  -  /w/bofa-digital-banking/dist/cypress/apps/retail-banking-e2e/screenshots/design-     (1280x720)
     system.cy.ts/vr__autocomplete-panel-open.png                                                   
  -  /w/bofa-digital-banking/dist/cypress/apps/retail-banking-e2e/screenshots/design-     (1280x720)
     system.cy.ts/vr__datepicker-calendar-open.png                                                  
  -  /w/bofa-digital-banking/dist/cypress/apps/retail-banking-e2e/screenshots/design-     (1280x720)
     system.cy.ts/vr__button-focus-ring.png                                                         
  -  /w/bofa-digital-banking/dist/cypress/apps/retail-banking-e2e/screenshots/design-     (1280x720)
     system.cy.ts/vr__accounts-dashboard.png                                                        
────────────────────────────────────────────────────────────────────────────────────────────────────
                                                                                                    
  Running:  legibility-sweep.cy.ts                                                          (2 of 3)

  legibility sweep — every visible text node (light)
    ✓ /accounts (customer dashboard): all text clears WCAG AA (621ms)
    ✓ /__showcase (index): all text clears WCAG AA (157ms)
    ✓ /sign-in: all text clears WCAG AA (224ms)
    ✓ /__showcase/button: all text clears WCAG AA (140ms)
    ✓ /__showcase/form-field: all text clears WCAG AA (123ms)
    ✓ /__showcase/select: all text clears WCAG AA (156ms)
    ✓ /__showcase/datepicker: all text clears WCAG AA (178ms)
    ✓ /__showcase/table: all text clears WCAG AA (148ms)
    ✓ /__showcase/dialog: all text clears WCAG AA (118ms)
    ✓ /__showcase/tabs: all text clears WCAG AA (180ms)
    ✓ /__showcase/chips: all text clears WCAG AA (156ms)
    ✓ /__showcase/slide-toggle: all text clears WCAG AA (124ms)
    ✓ /__showcase/autocomplete: all text clears WCAG AA (109ms)
    ✓ /__showcase/paginator: all text clears WCAG AA (124ms)
    ✓ /__showcase/currency-input: all text clears WCAG AA (108ms)
    ✓ /__showcase/responsive-grid: all text clears WCAG AA (111ms)
  legibility sweep — every visible text node (dark)
    ✓ /accounts (customer dashboard): all text clears WCAG AA (291ms)
    ✓ /__showcase (index): all text clears WCAG AA (114ms)
    ✓ /sign-in: all text clears WCAG AA (125ms)
    ✓ /__showcase/button: all text clears WCAG AA (106ms)
    ✓ /__showcase/form-field: all text clears WCAG AA (178ms)
    ✓ /__showcase/select: all text clears WCAG AA (184ms)
    ✓ /__showcase/datepicker: all text clears WCAG AA (145ms)
    ✓ /__showcase/table: all text clears WCAG AA (191ms)
    ✓ /__showcase/dialog: all text clears WCAG AA (129ms)
    ✓ /__showcase/tabs: all text clears WCAG AA (154ms)
    ✓ /__showcase/chips: all text clears WCAG AA (102ms)
    ✓ /__showcase/slide-toggle: all text clears WCAG AA (131ms)
    ✓ /__showcase/autocomplete: all text clears WCAG AA (115ms)
    ✓ /__showcase/paginator: all text clears WCAG AA (108ms)
    ✓ /__showcase/currency-input: all text clears WCAG AA (204ms)
    ✓ /__showcase/responsive-grid: all text clears WCAG AA (150ms)
  legibility sweep — the sweep itself
    ✓ measures a substantial number of nodes on a real route (144ms)
    ✓ catches illegible text planted on a swept route (162ms)
    ✓ catches an icon-only control whose glyph is invisible (112ms)
    ✓ composites a semi-transparent sibling painted over the text (122ms)
    ✓ does not report off-screen screen-reader-only text (183ms)
    ✓ fails text over artwork until the artwork is declared reviewed (174ms)
    ✓ ignores text that is hidden rather than reporting it as a defect (155ms)
    ✓ composites a covering layer that is raised with z-index but written first (130ms)
    ✓ measures text below the fold, because coverage cannot depend on page height (144ms)
    ✓ measures an icon-only control that is labelled with visually hidden text (121ms)
    ✓ does not composite a veil that paints nothing (114ms)
    ✓ requires the review declaration on the artwork itself, citing a ratio (164ms)
    ✓ measures a CSS-painted indicator, which no SVG sweep can see (99ms)
    ✓ does not report the dimmed page behind an open modal (231ms)
    ✓ composites a scrim raised inside a transform, and only when it truly paints above (122ms)
    ✓ is not disarmed by a stray overlay backdrop left in the DOM (275ms)
    ✓ measures painted marks of any shape, and not a tail of the surface it matches (117ms)
    ✓ recognises the current sr-only recipe, not one spelling of it (265ms)
    ✓ evaluates clipping instead of matching it, in both directions (246ms)
    ✓ composites a layer that covers most of the text, not only one that contains it (227ms)
    ✓ is silenced by a real modal and by nothing that merely resembles one (214ms)
    ✓ composites an unpositioned cover, without putting text under every background (112ms)
    ✓ leaves bordered chrome alone and still measures a mark that means something (114ms)
    1) measures a mark drawn with four sides, at 32px, or in a pseudo-element
  55 passing (9s)
  1 failing
  1) legibility sweep — the sweep itself
       measures a mark drawn with four sides, at 32px, or in a pseudo-element:
     AssertionError: four sides is a shape: expected '' to include 'css-painted indicator'
      at Context.eval (webpack:///./src/e2e/legibility-sweep.cy.ts:821:61)

  (Results)
  ┌────────────────────────────────────────────────────────────────────────────────────────────────┐
  │ Tests:        56                                                                               │
  │ Passing:      55                                                                               │
  │ Failing:      1                                                                                │
  │ Pending:      0                                                                                │
  │ Skipped:      0                                                                                │
  │ Screenshots:  0                                                                                │
  │ Video:        false                                                                            │
  │ Duration:     9 seconds                                                                        │
  │ Spec Ran:     legibility-sweep.cy.ts                                                           │
  └────────────────────────────────────────────────────────────────────────────────────────────────┘
────────────────────────────────────────────────────────────────────────────────────────────────────
                                                                                                    
  Running:  override-contract.cy.ts                                                         (3 of 3)

  design system — override contract (computed styles)
    ✓ OV-01: Disabled field label stays legible (WCAG AA) against the slate palette (597ms)
    ✓ OV-01b: Field underline uses the BoA slate rule, not the Material default (161ms)
    ✓ OV-01c: Disabled field *value* stays legible, not just its label (130ms)
    ✓ OV-01d: Validation copy uses the brand danger red, which clears AA (Material’s does not) (123ms)
    ✓ OV-02: Error text sits on a 20px line box so field height never jumps on validation (126ms)
    ✓ OV-03: Primary button is brand red with 8px optical icon/label spacing (113ms)
    ✓ OV-04: Keyboard focus ring is visible on white and on slate-50 (174ms)
    ✓ OV-05: Statement rows keep fixed heights so 50 rows paginate predictably in print (146ms)
    ✓ OV-05b: Currency figures use tabular numerals and right-align on the decimal (147ms)
    ✓ OV-05c: Header cells carry the slate-900 brand weight, not the Material grey (130ms)
    ✓ OV-05d: Zebra striping on even rows for statement scanability (221ms)
    ✓ OV-06: Sort arrow is dimmed until hover so it does not read as an active filter (147ms)
    ✓ OV-07: Active option in the account picker is tinted brand red, not Material grey (258ms)
    ✓ OV-08: Selected option is brand red, not accent navy (navy reads as a link here) (197ms)
    ✓ OV-09: Consent toggle is unambiguous at arm’s length on a tablet (126ms)
    ✓ OV-09b: A granted consent reads green, not brand red (111ms)
    ✓ OV-10: Section ink bar is legible on a 4K branch display (261ms)
    ✓ OV-10b: The active section label is the brand accent and stays readable in both palettes (129ms)
    ✓ OV-11: Category chips keep a 28px rhythm inside the filter drawer (112ms)
    ✓ OV-12: Step-up dialog matches the mobile MFA modal: tight padding, squared corners (196ms)
    ✓ OV-12b: A short confirmation body never acquires an inner scrollbar (188ms)
    ✓ OV-13: Selected day is brand red; today is outlined, not a second filled circle (261ms)
    ✓ OV-14: Range label stays on screen on a 1280px branch terminal (119ms)
    ✓ OV-15: Payee panel never covers the Confirmation of Payee copy (329ms)
    ✓ OV-16: Amount entry right-aligns on tabular numerals (117ms)
    ✓ OV-17: Compact density is materially shorter than the default field (118ms)
    ✓ OV-18: Legacy shell embeds tabs without a second divider line (110ms)
  design system — override contract (dark surface)
    ✓ the dark surface is actually dark (else every probe below is vacuous) (252ms)
    ✓ OV-01c [dark]: Disabled field *value* stays legible, not just its label (125ms)
    ✓ OV-01d [dark]: Validation copy uses the brand danger red, which clears AA (Material’s does not) (103ms)
    ✓ OV-05c [dark]: Header cells carry the slate-900 brand weight, not the Material grey (129ms)
    ✓ OV-05d [dark]: Zebra striping on even rows for statement scanability (105ms)
    ✓ OV-07 [dark]: Active option in the account picker is tinted brand red, not Material grey (257ms)
    ✓ OV-10 [dark]: Section ink bar is legible on a 4K branch display (114ms)
    ✓ OV-10b [dark]: The active section label is the brand accent and stays readable in both palettes (112ms)
    ✓ OV-11 [dark]: Category chips keep a 28px rhythm inside the filter drawer (210ms)
    ✓ OV-15 [dark]: Payee panel never covers the Confirmation of Payee copy (274ms)
    ✓ OV-17 [dark]: Compact density is materially shorter than the default field (116ms)
    ✓ OV-18 [dark]: Legacy shell embeds tabs without a second divider line (220ms)
  design system — legibility (WCAG AA, light surface)
    ✓ statement table: even (striped) row clears 4.5:1 (163ms)
    ✓ statement table: odd row clears 4.5:1 (130ms)
    ✓ statement table: header cell clears 4.5:1 (107ms)
    ✓ form field: field label clears 4.5:1 (204ms)
    ✓ form field: entered value clears 4.5:1 (133ms)
    ✓ form field: hint clears 4.5:1 (101ms)
    ✓ form field: disabled value clears 4.5:1 (113ms)
    ✓ form field: error message clears 4.5:1 (109ms)
    ✓ tabs: inactive tab label clears 4.5:1 (114ms)
    ✓ tabs: active tab label clears 4.5:1 (110ms)
    ✓ select: trigger text clears 4.5:1 (238ms)
    ✓ chips: chip label clears 4.5:1 (131ms)
    ✓ paginator: range label clears 4.5:1 (115ms)
    ✓ currency input: amount clears 4.5:1 (128ms)
    ✓ tabs: the active-section ink bar clears 3:1 (non-text contrast) (127ms)
    ✓ datepicker: the toggle glyph clears 3:1 (non-text contrast) (110ms)
  design system — legibility (WCAG AA, dark surface)
    ✓ statement table: even (striped) row clears 4.5:1 (120ms)
    ✓ statement table: odd row clears 4.5:1 (359ms)
    ✓ statement table: header cell clears 4.5:1 (128ms)
    ✓ form field: field label clears 4.5:1 (107ms)
    ✓ form field: entered value clears 4.5:1 (104ms)
    ✓ form field: hint clears 4.5:1 (103ms)
    ✓ form field: disabled value clears 4.5:1 (138ms)
    ✓ form field: error message clears 4.5:1 (134ms)
    ✓ tabs: inactive tab label clears 4.5:1 (254ms)
    ✓ tabs: active tab label clears 4.5:1 (110ms)
    ✓ select: trigger text clears 4.5:1 (108ms)
    ✓ chips: chip label clears 4.5:1 (102ms)
    ✓ paginator: range label clears 4.5:1 (110ms)
    ✓ currency input: amount clears 4.5:1 (104ms)
    ✓ tabs: the active-section ink bar clears 3:1 (non-text contrast) (138ms)
    ✓ datepicker: the toggle glyph clears 3:1 (non-text contrast) (230ms)
  design system — the contrast oracle itself
    ✓ a fully transparent chain resolves to the canvas, not to opaque black (112ms)
    ✓ composites a semi-transparent foreground instead of treating it as opaque (142ms)
    ✓ composites a semi-transparent background over the layer behind it (100ms)
    ✓ agrees with the published figure on a known opaque pair (111ms)
    ✓ folds an ancestor `opacity` into the layer instead of ignoring it (139ms)
    ✓ refuses to score text over a gradient rather than reporting the canvas (112ms)
  77 passing (12s)
  (Results)
  ┌────────────────────────────────────────────────────────────────────────────────────────────────┐
  │ Tests:        77                                                                               │
  │ Passing:      77                                                                               │
  │ Failing:      0                                                                                │
  │ Pending:      0                                                                                │
  │ Skipped:      0                                                                                │
  │ Screenshots:  0                                                                                │
  │ Video:        false                                                                            │
  │ Duration:     12 seconds                                                                       │
  │ Spec Ran:     override-contract.cy.ts                                                          │
  └────────────────────────────────────────────────────────────────────────────────────────────────┘
====================================================================================================
  (Run Finished)
       Spec                                              Tests  Passing  Failing  Pending  Skipped  
  ┌────────────────────────────────────────────────────────────────────────────────────────────────┐
  │ ✔  design-system.cy.ts                      00:09       23       23        -        -        - │
  ├────────────────────────────────────────────────────────────────────────────────────────────────┤
  │ ✖  legibility-sweep.cy.ts                   00:09       56       55        1        -        - │
  ├────────────────────────────────────────────────────────────────────────────────────────────────┤
  │ ✔  override-contract.cy.ts                  00:12       77       77        -        -        - │
  └────────────────────────────────────────────────────────────────────────────────────────────────┘
    ✖  1 of 3 failed (33%)                      00:31      156      155        1        -        -  

 

 >  NX   Running target "retail-banking-e2e:e2e" failed

   Failed tasks:
   
   - retail-banking-e2e:e2e
   
   Hint: run the command with --verbose for more details.

