=== regress-oracle-cover-contains :: 2026-07-29T20:35:31Z ===

> bofa-digital-banking@0.0.0 visual
> docker run --rm -u $(id -u):$(id -g) -e HOME=/tmp -e CYPRESS_CACHE_FOLDER=/root/.cache/Cypress -v "$PWD/..":/w -w /w/bofa-digital-banking --entrypoint bash cypress/included@sha256:058d1834239bf09b381325b8369d05e9e0516a46b65b32e6dc0c991801dc517a -c 'npx nx e2e retail-banking-e2e --skip-nx-cache'


> nx run retail-banking-e2e:e2e

- Generating browser application bundles (phase: setup)...
✔ Browser application bundle generation complete.

Initial Chunk Files                                        | Names                    |  Raw Size
vendor.js                                                  | vendor                   |   4.97 MB | 
styles.css, styles.js                                      | styles                   | 315.42 kB | 
polyfills.js                                               | polyfills                | 239.94 kB | 
main.js                                                    | main                     | 148.25 kB | 
runtime.js                                                 | runtime                  |  12.61 kB | 

                                                           | Initial Total            |   5.67 MB

Lazy Chunk Files                                           | Names                    |  Raw Size
apps_retail-banking_src_app_showcase_showcase_module_ts.js | showcase-showcase-module |  47.78 kB | 

Build at: 2026-07-29T20:35:46.263Z - Hash: 99077f3ec8ad061a - Time: 12200ms

** Angular Live Development Server is listening on localhost:4200, open your browser on http://localhost:4200/ **


✔ Compiled successfully.
libva error: vaGetDriverNameByIndex() failed with unknown libva error, driver_name = (null)
[221:0729/203547.086259:ERROR:gpu_memory_buffer_support_x11.cc(44)] dri3 extension not supported.
====================================================================================================
  (Run Starting)
  ┌────────────────────────────────────────────────────────────────────────────────────────────────┐
  │ Cypress:        10.11.0                                                                        │
  │ Browser:        Electron 106 (headless)                                                        │
  │ Node Version:   v16.16.0 (/usr/local/bin/node)                                                 │
  │ Specs:          3 found (design-system.cy.ts, legibility-sweep.cy.ts, override-contract.cy.ts) │
  │ Searched:       src/**/*.cy.{js,jsx,ts,tsx}                                                    │
  └────────────────────────────────────────────────────────────────────────────────────────────────┘
────────────────────────────────────────────────────────────────────────────────────────────────────
                                                                                                    
  Running:  design-system.cy.ts                                                             (1 of 3)

  design system — visual baseline
[visual] button-default: 0 px (budget 40)
    ✓ button renders to spec (845ms)
[visual] form-field-default: 0 px (budget 40)
    ✓ form-field renders to spec (406ms)
[visual] select-default: 0 px (budget 40)
    ✓ select renders to spec (504ms)
[visual] datepicker-default: 0 px (budget 40)
    ✓ datepicker renders to spec (346ms)
[visual] table-default: 0 px (budget 40)
    ✓ table renders to spec (407ms)
[visual] dialog-default: 0 px (budget 40)
    ✓ dialog renders to spec (416ms)
[visual] tabs-default: 0 px (budget 40)
    ✓ tabs renders to spec (348ms)
[visual] chips-default: 0 px (budget 40)
    ✓ chips renders to spec (429ms)
[visual] slide-toggle-default: 0 px (budget 40)
    ✓ slide-toggle renders to spec (409ms)
[visual] autocomplete-default: 0 px (budget 40)
    ✓ autocomplete renders to spec (579ms)
[visual] paginator-default: 0 px (budget 40)
    ✓ paginator renders to spec (403ms)
[visual] currency-input-default: 0 px (budget 40)
    ✓ currency-input renders to spec (383ms)
[visual] responsive-grid-default: 0 px (budget 40)
    ✓ responsive-grid renders to spec (377ms)
    ✓ form field renders its disabled and error states (137ms)
    ✓ button exposes a disabled state (114ms)
[visual] responsive-grid-md: 0 px (budget 40)
    ✓ responsive grid collapses below the md breakpoint (328ms)
[visual] responsive-grid-sm: 0 px (budget 40)
    ✓ responsive grid hides the detail pane below the sm breakpoint (315ms)
  design system — overlay and interaction states
[visual] dialog-open: 0 px (budget 40)
    ✓ opens the real dialog overlay (551ms)
[visual] select-panel-open: 0 px (budget 40)
    ✓ opens the select panel (430ms)
[visual] autocomplete-panel-open: 0 px (budget 40)
    ✓ opens the autocomplete panel (525ms)
[visual] datepicker-calendar-open: 0 px (budget 40)
    ✓ opens the datepicker calendar (458ms)
[visual] button-focus-ring: 0 px (budget 40)
    ✓ shows the keyboard focus ring on the primary button (475ms)
  retail banking — customer surface
[visual] accounts-dashboard: 0 px (budget 40)
    ✓ renders the accounts dashboard (473ms)
  23 passing (10s)
  (Results)
  ┌────────────────────────────────────────────────────────────────────────────────────────────────┐
  │ Tests:        23                                                                               │
  │ Passing:      23                                                                               │
  │ Failing:      0                                                                                │
  │ Pending:      0                                                                                │
  │ Skipped:      0                                                                                │
  │ Screenshots:  21                                                                               │
  │ Video:        false                                                                            │
  │ Duration:     9 seconds                                                                        │
  │ Spec Ran:     design-system.cy.ts                                                              │
  └────────────────────────────────────────────────────────────────────────────────────────────────┘
  (Screenshots)
  -  /w/bofa-digital-banking/dist/cypress/apps/retail-banking-e2e/screenshots/design-     (1280x720)
     system.cy.ts/vr__button-default.png                                                            
  -  /w/bofa-digital-banking/dist/cypress/apps/retail-banking-e2e/screenshots/design-     (1280x720)
     system.cy.ts/vr__form-field-default.png                                                        
  -  /w/bofa-digital-banking/dist/cypress/apps/retail-banking-e2e/screenshots/design-     (1280x720)
     system.cy.ts/vr__select-default.png                                                            
  -  /w/bofa-digital-banking/dist/cypress/apps/retail-banking-e2e/screenshots/design-     (1280x720)
     system.cy.ts/vr__datepicker-default.png                                                        
  -  /w/bofa-digital-banking/dist/cypress/apps/retail-banking-e2e/screenshots/design-     (1280x720)
     system.cy.ts/vr__table-default.png                                                             
  -  /w/bofa-digital-banking/dist/cypress/apps/retail-banking-e2e/screenshots/design-     (1280x720)
     system.cy.ts/vr__dialog-default.png                                                            
  -  /w/bofa-digital-banking/dist/cypress/apps/retail-banking-e2e/screenshots/design-     (1280x720)
     system.cy.ts/vr__tabs-default.png                                                              
  -  /w/bofa-digital-banking/dist/cypress/apps/retail-banking-e2e/screenshots/design-     (1280x720)
     system.cy.ts/vr__chips-default.png                                                             
  -  /w/bofa-digital-banking/dist/cypress/apps/retail-banking-e2e/screenshots/design-     (1280x720)
     system.cy.ts/vr__slide-toggle-default.png                                                      
  -  /w/bofa-digital-banking/dist/cypress/apps/retail-banking-e2e/screenshots/design-     (1280x720)
     system.cy.ts/vr__autocomplete-default.png                                                      
  -  /w/bofa-digital-banking/dist/cypress/apps/retail-banking-e2e/screenshots/design-     (1280x720)
     system.cy.ts/vr__paginator-default.png                                                         
  -  /w/bofa-digital-banking/dist/cypress/apps/retail-banking-e2e/screenshots/design-     (1280x720)
     system.cy.ts/vr__currency-input-default.png                                                    
  -  /w/bofa-digital-banking/dist/cypress/apps/retail-banking-e2e/screenshots/design-     (1280x720)
     system.cy.ts/vr__responsive-grid-default.png                                                   
  -  /w/bofa-digital-banking/dist/cypress/apps/retail-banking-e2e/screenshots/design-      (768x720)
     system.cy.ts/vr__responsive-grid-md.png                                                        
  -  /w/bofa-digital-banking/dist/cypress/apps/retail-banking-e2e/screenshots/design-      (560x720)
     system.cy.ts/vr__responsive-grid-sm.png                                                        
  -  /w/bofa-digital-banking/dist/cypress/apps/retail-banking-e2e/screenshots/design-     (1280x720)
     system.cy.ts/vr__dialog-open.png                                                               
  -  /w/bofa-digital-banking/dist/cypress/apps/retail-banking-e2e/screenshots/design-     (1280x720)
     system.cy.ts/vr__select-panel-open.png                                                         
  -  /w/bofa-digital-banking/dist/cypress/apps/retail-banking-e2e/screenshots/design-     (1280x720)
     system.cy.ts/vr__autocomplete-panel-open.png                                                   
  -  /w/bofa-digital-banking/dist/cypress/apps/retail-banking-e2e/screenshots/design-     (1280x720)
     system.cy.ts/vr__datepicker-calendar-open.png                                                  
  -  /w/bofa-digital-banking/dist/cypress/apps/retail-banking-e2e/screenshots/design-     (1280x720)
     system.cy.ts/vr__button-focus-ring.png                                                         
  -  /w/bofa-digital-banking/dist/cypress/apps/retail-banking-e2e/screenshots/design-     (1280x720)
     system.cy.ts/vr__accounts-dashboard.png                                                        
────────────────────────────────────────────────────────────────────────────────────────────────────
                                                                                                    
  Running:  legibility-sweep.cy.ts                                                          (2 of 3)

  legibility sweep — every visible text node (light)
    ✓ /accounts (customer dashboard): all text clears WCAG AA (648ms)
    ✓ /__showcase (index): all text clears WCAG AA (310ms)
    ✓ /sign-in: all text clears WCAG AA (133ms)
    ✓ /__showcase/button: all text clears WCAG AA (125ms)
    ✓ /__showcase/form-field: all text clears WCAG AA (126ms)
    ✓ /__showcase/select: all text clears WCAG AA (169ms)
    ✓ /__showcase/datepicker: all text clears WCAG AA (132ms)
    ✓ /__showcase/table: all text clears WCAG AA (132ms)
    ✓ /__showcase/dialog: all text clears WCAG AA (216ms)
    ✓ /__showcase/tabs: all text clears WCAG AA (189ms)
    ✓ /__showcase/chips: all text clears WCAG AA (118ms)
    ✓ /__showcase/slide-toggle: all text clears WCAG AA (134ms)
    ✓ /__showcase/autocomplete: all text clears WCAG AA (139ms)
    ✓ /__showcase/paginator: all text clears WCAG AA (123ms)
    ✓ /__showcase/currency-input: all text clears WCAG AA (112ms)
    ✓ /__showcase/responsive-grid: all text clears WCAG AA (184ms)
  legibility sweep — every visible text node (dark)
    ✓ /accounts (customer dashboard): all text clears WCAG AA (213ms)
    ✓ /__showcase (index): all text clears WCAG AA (112ms)
    ✓ /sign-in: all text clears WCAG AA (139ms)
    ✓ /__showcase/button: all text clears WCAG AA (105ms)
    ✓ /__showcase/form-field: all text clears WCAG AA (146ms)
    ✓ /__showcase/select: all text clears WCAG AA (211ms)
    ✓ /__showcase/datepicker: all text clears WCAG AA (199ms)
    ✓ /__showcase/table: all text clears WCAG AA (164ms)
    ✓ /__showcase/dialog: all text clears WCAG AA (117ms)
    ✓ /__showcase/tabs: all text clears WCAG AA (120ms)
    ✓ /__showcase/chips: all text clears WCAG AA (108ms)
    ✓ /__showcase/slide-toggle: all text clears WCAG AA (102ms)
    ✓ /__showcase/autocomplete: all text clears WCAG AA (128ms)
    ✓ /__showcase/paginator: all text clears WCAG AA (252ms)
    ✓ /__showcase/currency-input: all text clears WCAG AA (117ms)
    ✓ /__showcase/responsive-grid: all text clears WCAG AA (112ms)
  legibility sweep — the sweep itself
    ✓ measures a substantial number of nodes on a real route (151ms)
    ✓ catches illegible text planted on a swept route (174ms)
    ✓ catches an icon-only control whose glyph is invisible (165ms)
    ✓ composites a semi-transparent sibling painted over the text (110ms)
    ✓ does not report off-screen screen-reader-only text (293ms)
    ✓ fails text over artwork until the artwork is declared reviewed (178ms)
    ✓ ignores text that is hidden rather than reporting it as a defect (171ms)
    ✓ composites a covering layer that is raised with z-index but written first (132ms)
    ✓ measures text below the fold, because coverage cannot depend on page height (157ms)
    ✓ measures an icon-only control that is labelled with visually hidden text (114ms)
    ✓ does not composite a veil that paints nothing (124ms)
    ✓ requires the review declaration on the artwork itself, citing a ratio (319ms)
    ✓ measures a CSS-painted indicator, which no SVG sweep can see (136ms)
    ✓ does not report the dimmed page behind an open modal (205ms)
    ✓ composites a scrim raised inside a transform, and only when it truly paints above (122ms)
    ✓ is not disarmed by a stray overlay backdrop left in the DOM (177ms)
    ✓ measures painted marks of any shape, and not a tail of the surface it matches (127ms)
    ✓ recognises the current sr-only recipe, not one spelling of it (159ms)
    ✓ evaluates clipping instead of matching it, in both directions (194ms)
    1) composites a layer that covers most of the text, not only one that contains it
    ✓ is silenced by a real modal and by nothing that merely resembles one (236ms)
    ✓ measures a mark drawn with four sides, at 32px, or in a pseudo-element (127ms)
  53 passing (9s)
  1 failing
  1) legibility sweep — the sweep itself
       composites a layer that covers most of the text, not only one that contains it:
      rgb(255, 255, 255) → rgb(255, 255, 255) on rgb(48, 48, 48)
      + expected - actual
      -13.19811185826915
      +1.5
      
      at Context.eval (webpack:///./src/e2e/legibility-sweep.cy.ts:651:50)

  (Results)
  ┌────────────────────────────────────────────────────────────────────────────────────────────────┐
  │ Tests:        54                                                                               │
  │ Passing:      53                                                                               │
  │ Failing:      1                                                                                │
  │ Pending:      0                                                                                │
  │ Skipped:      0                                                                                │
  │ Screenshots:  0                                                                                │
  │ Video:        false                                                                            │
  │ Duration:     9 seconds                                                                        │
  │ Spec Ran:     legibility-sweep.cy.ts                                                           │
  └────────────────────────────────────────────────────────────────────────────────────────────────┘
────────────────────────────────────────────────────────────────────────────────────────────────────
                                                                                                    
  Running:  override-contract.cy.ts                                                         (3 of 3)

  design system — override contract (computed styles)
    ✓ OV-01: Disabled field label stays legible (WCAG AA) against the slate palette (609ms)
    ✓ OV-01b: Field underline uses the BoA slate rule, not the Material default (169ms)
    ✓ OV-01c: Disabled field *value* stays legible, not just its label (133ms)
    ✓ OV-01d: Validation copy uses the brand danger red, which clears AA (Material’s does not) (130ms)
    ✓ OV-02: Error text sits on a 20px line box so field height never jumps on validation (149ms)
    ✓ OV-03: Primary button is brand red with 8px optical icon/label spacing (153ms)
    ✓ OV-04: Keyboard focus ring is visible on white and on slate-50 (212ms)
    ✓ OV-05: Statement rows keep fixed heights so 50 rows paginate predictably in print (173ms)
    ✓ OV-05b: Currency figures use tabular numerals and right-align on the decimal (132ms)
    ✓ OV-05c: Header cells carry the slate-900 brand weight, not the Material grey (139ms)
    ✓ OV-05d: Zebra striping on even rows for statement scanability (126ms)
    ✓ OV-06: Sort arrow is dimmed until hover so it does not read as an active filter (139ms)
    ✓ OV-07: Active option in the account picker is tinted brand red, not Material grey (271ms)
    ✓ OV-08: Selected option is brand red, not accent navy (navy reads as a link here) (245ms)
    ✓ OV-09: Consent toggle is unambiguous at arm’s length on a tablet (240ms)
    ✓ OV-09b: A granted consent reads green, not brand red (126ms)
    ✓ OV-10: Section ink bar is legible on a 4K branch display (140ms)
    ✓ OV-10b: The active section label is the brand accent and stays readable in both palettes (126ms)
    ✓ OV-11: Category chips keep a 28px rhythm inside the filter drawer (126ms)
    ✓ OV-12: Step-up dialog matches the mobile MFA modal: tight padding, squared corners (207ms)
    ✓ OV-12b: A short confirmation body never acquires an inner scrollbar (250ms)
    ✓ OV-13: Selected day is brand red; today is outlined, not a second filled circle (397ms)
    ✓ OV-14: Range label stays on screen on a 1280px branch terminal (129ms)
    ✓ OV-15: Payee panel never covers the Confirmation of Payee copy (254ms)
    ✓ OV-16: Amount entry right-aligns on tabular numerals (107ms)
    ✓ OV-17: Compact density is materially shorter than the default field (119ms)
    ✓ OV-18: Legacy shell embeds tabs without a second divider line (112ms)
  design system — override contract (dark surface)
    ✓ the dark surface is actually dark (else every probe below is vacuous) (279ms)
    ✓ OV-01c [dark]: Disabled field *value* stays legible, not just its label (108ms)
    ✓ OV-01d [dark]: Validation copy uses the brand danger red, which clears AA (Material’s does not) (104ms)
    ✓ OV-05c [dark]: Header cells carry the slate-900 brand weight, not the Material grey (131ms)
    ✓ OV-05d [dark]: Zebra striping on even rows for statement scanability (119ms)
    ✓ OV-07 [dark]: Active option in the account picker is tinted brand red, not Material grey (382ms)
    ✓ OV-10 [dark]: Section ink bar is legible on a 4K branch display (128ms)
    ✓ OV-10b [dark]: The active section label is the brand accent and stays readable in both palettes (118ms)
    ✓ OV-11 [dark]: Category chips keep a 28px rhythm inside the filter drawer (118ms)
    ✓ OV-15 [dark]: Payee panel never covers the Confirmation of Payee copy (251ms)
    ✓ OV-17 [dark]: Compact density is materially shorter than the default field (233ms)
    ✓ OV-18 [dark]: Legacy shell embeds tabs without a second divider line (131ms)
  design system — legibility (WCAG AA, light surface)
    ✓ statement table: even (striped) row clears 4.5:1 (198ms)
    ✓ statement table: odd row clears 4.5:1 (175ms)
    ✓ statement table: header cell clears 4.5:1 (119ms)
    ✓ form field: field label clears 4.5:1 (116ms)
    ✓ form field: entered value clears 4.5:1 (111ms)
    ✓ form field: hint clears 4.5:1 (114ms)
    ✓ form field: disabled value clears 4.5:1 (108ms)
    ✓ form field: error message clears 4.5:1 (253ms)
    ✓ tabs: inactive tab label clears 4.5:1 (132ms)
    ✓ tabs: active tab label clears 4.5:1 (125ms)
    ✓ select: trigger text clears 4.5:1 (109ms)
    ✓ chips: chip label clears 4.5:1 (102ms)
    ✓ paginator: range label clears 4.5:1 (114ms)
    ✓ currency input: amount clears 4.5:1 (112ms)
    ✓ tabs: the active-section ink bar clears 3:1 (non-text contrast) (120ms)
    ✓ datepicker: the toggle glyph clears 3:1 (non-text contrast) (113ms)
  design system — legibility (WCAG AA, dark surface)
    ✓ statement table: even (striped) row clears 4.5:1 (297ms)
    ✓ statement table: odd row clears 4.5:1 (138ms)
    ✓ statement table: header cell clears 4.5:1 (116ms)
    ✓ form field: field label clears 4.5:1 (109ms)
    ✓ form field: entered value clears 4.5:1 (124ms)
    ✓ form field: hint clears 4.5:1 (136ms)
    ✓ form field: disabled value clears 4.5:1 (138ms)
    ✓ form field: error message clears 4.5:1 (140ms)
    ✓ tabs: inactive tab label clears 4.5:1 (140ms)
    ✓ tabs: active tab label clears 4.5:1 (139ms)
    ✓ select: trigger text clears 4.5:1 (129ms)
    ✓ chips: chip label clears 4.5:1 (134ms)
    ✓ paginator: range label clears 4.5:1 (138ms)
    ✓ currency input: amount clears 4.5:1 (221ms)
    ✓ tabs: the active-section ink bar clears 3:1 (non-text contrast) (147ms)
    ✓ datepicker: the toggle glyph clears 3:1 (non-text contrast) (112ms)
  design system — the contrast oracle itself
    ✓ a fully transparent chain resolves to the canvas, not to opaque black (119ms)
    ✓ composites a semi-transparent foreground instead of treating it as opaque (113ms)
    ✓ composites a semi-transparent background over the layer behind it (109ms)
    ✓ agrees with the published figure on a known opaque pair (122ms)
    ✓ folds an ancestor `opacity` into the layer instead of ignoring it (101ms)
    ✓ refuses to score text over a gradient rather than reporting the canvas (99ms)
  77 passing (13s)
  (Results)
  ┌────────────────────────────────────────────────────────────────────────────────────────────────┐
  │ Tests:        77                                                                               │
  │ Passing:      77                                                                               │
  │ Failing:      0                                                                                │
  │ Pending:      0                                                                                │
  │ Skipped:      0                                                                                │
  │ Screenshots:  0                                                                                │
  │ Video:        false                                                                            │
  │ Duration:     12 seconds                                                                       │
  │ Spec Ran:     override-contract.cy.ts                                                          │
  └────────────────────────────────────────────────────────────────────────────────────────────────┘
====================================================================================================
  (Run Finished)
       Spec                                              Tests  Passing  Failing  Pending  Skipped  
  ┌────────────────────────────────────────────────────────────────────────────────────────────────┐
  │ ✔  design-system.cy.ts                      00:09       23       23        -        -        - │
  ├────────────────────────────────────────────────────────────────────────────────────────────────┤
  │ ✖  legibility-sweep.cy.ts                   00:09       54       53        1        -        - │
  ├────────────────────────────────────────────────────────────────────────────────────────────────┤
  │ ✔  override-contract.cy.ts                  00:12       77       77        -        -        - │
  └────────────────────────────────────────────────────────────────────────────────────────────────┘
    ✖  1 of 3 failed (33%)                      00:31      154      153        1        -        -  

 

 >  NX   Running target "retail-banking-e2e:e2e" failed

   Failed tasks:
   
   - retail-banking-e2e:e2e
   
   Hint: run the command with --verbose for more details.

