=== regress-oracle-sronly-blind :: 2026-07-29T13:59:24Z ===

> bofa-digital-banking@0.0.0 visual
> docker run --rm -u $(id -u):$(id -g) -e HOME=/tmp -e CYPRESS_CACHE_FOLDER=/root/.cache/Cypress -v "$PWD/..":/w -w /w/bofa-digital-banking --entrypoint bash cypress/included@sha256:058d1834239bf09b381325b8369d05e9e0516a46b65b32e6dc0c991801dc517a -c 'npx nx e2e retail-banking-e2e --skip-nx-cache'


> nx run retail-banking-e2e:e2e

- Generating browser application bundles (phase: setup)...
✔ Browser application bundle generation complete.

Initial Chunk Files                                        | Names                    |  Raw Size
vendor.js                                                  | vendor                   |   4.97 MB | 
styles.css, styles.js                                      | styles                   | 315.42 kB | 
polyfills.js                                               | polyfills                | 239.94 kB | 
main.js                                                    | main                     | 148.25 kB | 
runtime.js                                                 | runtime                  |  12.61 kB | 

                                                           | Initial Total            |   5.67 MB

Lazy Chunk Files                                           | Names                    |  Raw Size
apps_retail-banking_src_app_showcase_showcase_module_ts.js | showcase-showcase-module |  47.78 kB | 

Build at: 2026-07-29T13:59:38.794Z - Hash: 99077f3ec8ad061a - Time: 11616ms

** Angular Live Development Server is listening on localhost:4200, open your browser on http://localhost:4200/ **


✔ Compiled successfully.
libva error: vaGetDriverNameByIndex() failed with unknown libva error, driver_name = (null)
[220:0729/135939.622049:ERROR:gpu_memory_buffer_support_x11.cc(44)] dri3 extension not supported.
====================================================================================================
  (Run Starting)
  ┌────────────────────────────────────────────────────────────────────────────────────────────────┐
  │ Cypress:        10.11.0                                                                        │
  │ Browser:        Electron 106 (headless)                                                        │
  │ Node Version:   v16.16.0 (/usr/local/bin/node)                                                 │
  │ Specs:          3 found (design-system.cy.ts, legibility-sweep.cy.ts, override-contract.cy.ts) │
  │ Searched:       src/**/*.cy.{js,jsx,ts,tsx}                                                    │
  └────────────────────────────────────────────────────────────────────────────────────────────────┘
────────────────────────────────────────────────────────────────────────────────────────────────────
                                                                                                    
  Running:  design-system.cy.ts                                                             (1 of 3)

  design system — visual baseline
[visual] button-default: 0 px (budget 40)
    ✓ button renders to spec (1018ms)
[visual] form-field-default: 0 px (budget 40)
    ✓ form-field renders to spec (645ms)
[visual] select-default: 0 px (budget 40)
    ✓ select renders to spec (381ms)
[visual] datepicker-default: 0 px (budget 40)
    ✓ datepicker renders to spec (425ms)
[visual] table-default: 0 px (budget 40)
    ✓ table renders to spec (453ms)
[visual] dialog-default: 0 px (budget 40)
    ✓ dialog renders to spec (425ms)
[visual] tabs-default: 0 px (budget 40)
    ✓ tabs renders to spec (363ms)
[visual] chips-default: 0 px (budget 40)
    ✓ chips renders to spec (383ms)
[visual] slide-toggle-default: 0 px (budget 40)
    ✓ slide-toggle renders to spec (330ms)
[visual] autocomplete-default: 0 px (budget 40)
    ✓ autocomplete renders to spec (356ms)
[visual] paginator-default: 0 px (budget 40)
    ✓ paginator renders to spec (335ms)
[visual] currency-input-default: 0 px (budget 40)
    ✓ currency-input renders to spec (331ms)
[visual] responsive-grid-default: 0 px (budget 40)
    ✓ responsive-grid renders to spec (331ms)
    ✓ form field renders its disabled and error states (123ms)
    ✓ button exposes a disabled state (173ms)
[visual] responsive-grid-md: 0 px (budget 40)
    ✓ responsive grid collapses below the md breakpoint (365ms)
[visual] responsive-grid-sm: 0 px (budget 40)
    ✓ responsive grid hides the detail pane below the sm breakpoint (314ms)
  design system — overlay and interaction states
[visual] dialog-open: 0 px (budget 40)
    ✓ opens the real dialog overlay (439ms)
[visual] select-panel-open: 0 px (budget 40)
    ✓ opens the select panel (421ms)
[visual] autocomplete-panel-open: 0 px (budget 40)
    ✓ opens the autocomplete panel (487ms)
[visual] datepicker-calendar-open: 0 px (budget 40)
    ✓ opens the datepicker calendar (474ms)
[visual] button-focus-ring: 0 px (budget 40)
    ✓ shows the keyboard focus ring on the primary button (542ms)
  retail banking — customer surface
[visual] accounts-dashboard: 0 px (budget 40)
    ✓ renders the accounts dashboard (593ms)
  23 passing (10s)
  (Results)
  ┌────────────────────────────────────────────────────────────────────────────────────────────────┐
  │ Tests:        23                                                                               │
  │ Passing:      23                                                                               │
  │ Failing:      0                                                                                │
  │ Pending:      0                                                                                │
  │ Skipped:      0                                                                                │
  │ Screenshots:  21                                                                               │
  │ Video:        false                                                                            │
  │ Duration:     9 seconds                                                                        │
  │ Spec Ran:     design-system.cy.ts                                                              │
  └────────────────────────────────────────────────────────────────────────────────────────────────┘
  (Screenshots)
  -  /w/bofa-digital-banking/dist/cypress/apps/retail-banking-e2e/screenshots/design-     (1280x720)
     system.cy.ts/vr__button-default.png                                                            
  -  /w/bofa-digital-banking/dist/cypress/apps/retail-banking-e2e/screenshots/design-     (1280x720)
     system.cy.ts/vr__form-field-default.png                                                        
  -  /w/bofa-digital-banking/dist/cypress/apps/retail-banking-e2e/screenshots/design-     (1280x720)
     system.cy.ts/vr__select-default.png                                                            
  -  /w/bofa-digital-banking/dist/cypress/apps/retail-banking-e2e/screenshots/design-     (1280x720)
     system.cy.ts/vr__datepicker-default.png                                                        
  -  /w/bofa-digital-banking/dist/cypress/apps/retail-banking-e2e/screenshots/design-     (1280x720)
     system.cy.ts/vr__table-default.png                                                             
  -  /w/bofa-digital-banking/dist/cypress/apps/retail-banking-e2e/screenshots/design-     (1280x720)
     system.cy.ts/vr__dialog-default.png                                                            
  -  /w/bofa-digital-banking/dist/cypress/apps/retail-banking-e2e/screenshots/design-     (1280x720)
     system.cy.ts/vr__tabs-default.png                                                              
  -  /w/bofa-digital-banking/dist/cypress/apps/retail-banking-e2e/screenshots/design-     (1280x720)
     system.cy.ts/vr__chips-default.png                                                             
  -  /w/bofa-digital-banking/dist/cypress/apps/retail-banking-e2e/screenshots/design-     (1280x720)
     system.cy.ts/vr__slide-toggle-default.png                                                      
  -  /w/bofa-digital-banking/dist/cypress/apps/retail-banking-e2e/screenshots/design-     (1280x720)
     system.cy.ts/vr__autocomplete-default.png                                                      
  -  /w/bofa-digital-banking/dist/cypress/apps/retail-banking-e2e/screenshots/design-     (1280x720)
     system.cy.ts/vr__paginator-default.png                                                         
  -  /w/bofa-digital-banking/dist/cypress/apps/retail-banking-e2e/screenshots/design-     (1280x720)
     system.cy.ts/vr__currency-input-default.png                                                    
  -  /w/bofa-digital-banking/dist/cypress/apps/retail-banking-e2e/screenshots/design-     (1280x720)
     system.cy.ts/vr__responsive-grid-default.png                                                   
  -  /w/bofa-digital-banking/dist/cypress/apps/retail-banking-e2e/screenshots/design-      (768x720)
     system.cy.ts/vr__responsive-grid-md.png                                                        
  -  /w/bofa-digital-banking/dist/cypress/apps/retail-banking-e2e/screenshots/design-      (560x720)
     system.cy.ts/vr__responsive-grid-sm.png                                                        
  -  /w/bofa-digital-banking/dist/cypress/apps/retail-banking-e2e/screenshots/design-     (1280x720)
     system.cy.ts/vr__dialog-open.png                                                               
  -  /w/bofa-digital-banking/dist/cypress/apps/retail-banking-e2e/screenshots/design-     (1280x720)
     system.cy.ts/vr__select-panel-open.png                                                         
  -  /w/bofa-digital-banking/dist/cypress/apps/retail-banking-e2e/screenshots/design-     (1280x720)
     system.cy.ts/vr__autocomplete-panel-open.png                                                   
  -  /w/bofa-digital-banking/dist/cypress/apps/retail-banking-e2e/screenshots/design-     (1280x720)
     system.cy.ts/vr__datepicker-calendar-open.png                                                  
  -  /w/bofa-digital-banking/dist/cypress/apps/retail-banking-e2e/screenshots/design-     (1280x720)
     system.cy.ts/vr__button-focus-ring.png                                                         
  -  /w/bofa-digital-banking/dist/cypress/apps/retail-banking-e2e/screenshots/design-     (1280x720)
     system.cy.ts/vr__accounts-dashboard.png                                                        
────────────────────────────────────────────────────────────────────────────────────────────────────
                                                                                                    
  Running:  legibility-sweep.cy.ts                                                          (2 of 3)

  legibility sweep — every visible text node (light)
    ✓ /accounts (customer dashboard): all text clears WCAG AA (683ms)
    ✓ /__showcase (index): all text clears WCAG AA (154ms)
    ✓ /sign-in: all text clears WCAG AA (122ms)
    ✓ /__showcase/button: all text clears WCAG AA (124ms)
    ✓ /__showcase/form-field: all text clears WCAG AA (125ms)
    ✓ /__showcase/select: all text clears WCAG AA (219ms)
    ✓ /__showcase/datepicker: all text clears WCAG AA (157ms)
    ✓ /__showcase/table: all text clears WCAG AA (185ms)
    ✓ /__showcase/dialog: all text clears WCAG AA (153ms)
    ✓ /__showcase/tabs: all text clears WCAG AA (119ms)
    ✓ /__showcase/chips: all text clears WCAG AA (110ms)
    ✓ /__showcase/slide-toggle: all text clears WCAG AA (141ms)
    ✓ /__showcase/autocomplete: all text clears WCAG AA (226ms)
    ✓ /__showcase/paginator: all text clears WCAG AA (213ms)
    ✓ /__showcase/currency-input: all text clears WCAG AA (135ms)
    ✓ /__showcase/responsive-grid: all text clears WCAG AA (115ms)
  legibility sweep — every visible text node (dark)
    ✓ /accounts (customer dashboard): all text clears WCAG AA (178ms)
    ✓ /__showcase (index): all text clears WCAG AA (101ms)
    ✓ /sign-in: all text clears WCAG AA (126ms)
    ✓ /__showcase/button: all text clears WCAG AA (267ms)
    ✓ /__showcase/form-field: all text clears WCAG AA (156ms)
    ✓ /__showcase/select: all text clears WCAG AA (131ms)
    ✓ /__showcase/datepicker: all text clears WCAG AA (129ms)
    ✓ /__showcase/table: all text clears WCAG AA (117ms)
    ✓ /__showcase/dialog: all text clears WCAG AA (104ms)
    ✓ /__showcase/tabs: all text clears WCAG AA (205ms)
    ✓ /__showcase/chips: all text clears WCAG AA (105ms)
    ✓ /__showcase/slide-toggle: all text clears WCAG AA (124ms)
    ✓ /__showcase/autocomplete: all text clears WCAG AA (112ms)
    ✓ /__showcase/paginator: all text clears WCAG AA (101ms)
    ✓ /__showcase/currency-input: all text clears WCAG AA (94ms)
    ✓ /__showcase/responsive-grid: all text clears WCAG AA (138ms)
  legibility sweep — the sweep itself
    ✓ measures a substantial number of nodes on a real route (305ms)
    ✓ catches illegible text planted on a swept route (188ms)
    ✓ catches an icon-only control whose glyph is invisible (145ms)
    ✓ composites a semi-transparent sibling painted over the text (123ms)
    ✓ does not report off-screen screen-reader-only text (181ms)
    ✓ fails text over artwork until the artwork is declared reviewed (220ms)
    ✓ ignores text that is hidden rather than reporting it as a defect (221ms)
    ✓ composites a covering layer that is raised with z-index but written first (335ms)
    ✓ measures text below the fold, because coverage cannot depend on page height (203ms)
    1) measures an icon-only control that is labelled with visually hidden text
    ✓ does not composite a veil that paints nothing (139ms)
    ✓ requires the review declaration on the artwork itself, citing a ratio (182ms)
    ✓ measures a CSS-painted indicator, which no SVG sweep can see (144ms)
    ✓ does not report the dimmed page behind an open modal (199ms)
    ✓ composites a scrim raised inside a transform, and only when it truly paints above (116ms)
    ✓ is not disarmed by a stray overlay backdrop left in the DOM (154ms)
    ✓ measures painted marks of any shape, and not a tail of the surface it matches (111ms)
    ✓ recognises the current sr-only recipe, not one spelling of it (145ms)
  49 passing (9s)
  1 failing
  1) legibility sweep — the sweep itself
       measures an icon-only control that is labelled with visually hidden text:
     AssertionError: expected '' to include 'Download statement'
      at Context.eval (webpack:///./src/e2e/legibility-sweep.cy.ts:331:36)

  (Results)
  ┌────────────────────────────────────────────────────────────────────────────────────────────────┐
  │ Tests:        50                                                                               │
  │ Passing:      49                                                                               │
  │ Failing:      1                                                                                │
  │ Pending:      0                                                                                │
  │ Skipped:      0                                                                                │
  │ Screenshots:  0                                                                                │
  │ Video:        false                                                                            │
  │ Duration:     8 seconds                                                                        │
  │ Spec Ran:     legibility-sweep.cy.ts                                                           │
  └────────────────────────────────────────────────────────────────────────────────────────────────┘
────────────────────────────────────────────────────────────────────────────────────────────────────
                                                                                                    
  Running:  override-contract.cy.ts                                                         (3 of 3)

  design system — override contract (computed styles)
    ✓ OV-01: Disabled field label stays legible (WCAG AA) against the slate palette (560ms)
    ✓ OV-01b: Field underline uses the BoA slate rule, not the Material default (174ms)
    ✓ OV-01c: Disabled field *value* stays legible, not just its label (164ms)
    ✓ OV-01d: Validation copy uses the brand danger red, which clears AA (Material’s does not) (148ms)
    ✓ OV-02: Error text sits on a 20px line box so field height never jumps on validation (151ms)
    ✓ OV-03: Primary button is brand red with 8px optical icon/label spacing (219ms)
    ✓ OV-04: Keyboard focus ring is visible on white and on slate-50 (237ms)
    ✓ OV-05: Statement rows keep fixed heights so 50 rows paginate predictably in print (144ms)
    ✓ OV-05b: Currency figures use tabular numerals and right-align on the decimal (178ms)
    ✓ OV-05c: Header cells carry the slate-900 brand weight, not the Material grey (168ms)
    ✓ OV-05d: Zebra striping on even rows for statement scanability (131ms)
    ✓ OV-06: Sort arrow is dimmed until hover so it does not read as an active filter (128ms)
    ✓ OV-07: Active option in the account picker is tinted brand red, not Material grey (410ms)
    ✓ OV-08: Selected option is brand red, not accent navy (navy reads as a link here) (216ms)
    ✓ OV-09: Consent toggle is unambiguous at arm’s length on a tablet (123ms)
    ✓ OV-09b: A granted consent reads green, not brand red (138ms)
    ✓ OV-10: Section ink bar is legible on a 4K branch display (162ms)
    ✓ OV-10b: The active section label is the brand accent and stays readable in both palettes (143ms)
    ✓ OV-11: Category chips keep a 28px rhythm inside the filter drawer (119ms)
    ✓ OV-12: Step-up dialog matches the mobile MFA modal: tight padding, squared corners (218ms)
    ✓ OV-12b: A short confirmation body never acquires an inner scrollbar (204ms)
    ✓ OV-13: Selected day is brand red; today is outlined, not a second filled circle (228ms)
    ✓ OV-14: Range label stays on screen on a 1280px branch terminal (134ms)
    ✓ OV-15: Payee panel never covers the Confirmation of Payee copy (252ms)
    ✓ OV-16: Amount entry right-aligns on tabular numerals (119ms)
    ✓ OV-17: Compact density is materially shorter than the default field (219ms)
    ✓ OV-18: Legacy shell embeds tabs without a second divider line (140ms)
  design system — override contract (dark surface)
    ✓ the dark surface is actually dark (else every probe below is vacuous) (278ms)
    ✓ OV-01c [dark]: Disabled field *value* stays legible, not just its label (133ms)
    ✓ OV-01d [dark]: Validation copy uses the brand danger red, which clears AA (Material’s does not) (111ms)
    ✓ OV-05c [dark]: Header cells carry the slate-900 brand weight, not the Material grey (118ms)
    ✓ OV-05d [dark]: Zebra striping on even rows for statement scanability (166ms)
    ✓ OV-07 [dark]: Active option in the account picker is tinted brand red, not Material grey (308ms)
    ✓ OV-10 [dark]: Section ink bar is legible on a 4K branch display (108ms)
    ✓ OV-10b [dark]: The active section label is the brand accent and stays readable in both palettes (110ms)
    ✓ OV-11 [dark]: Category chips keep a 28px rhythm inside the filter drawer (119ms)
    ✓ OV-15 [dark]: Payee panel never covers the Confirmation of Payee copy (268ms)
    ✓ OV-17 [dark]: Compact density is materially shorter than the default field (109ms)
    ✓ OV-18 [dark]: Legacy shell embeds tabs without a second divider line (195ms)
  design system — legibility (WCAG AA, light surface)
    ✓ statement table: even (striped) row clears 4.5:1 (171ms)
    ✓ statement table: odd row clears 4.5:1 (140ms)
    ✓ statement table: header cell clears 4.5:1 (120ms)
    ✓ form field: field label clears 4.5:1 (144ms)
    ✓ form field: entered value clears 4.5:1 (110ms)
    ✓ form field: hint clears 4.5:1 (111ms)
    ✓ form field: disabled value clears 4.5:1 (235ms)
    ✓ form field: error message clears 4.5:1 (112ms)
    ✓ tabs: inactive tab label clears 4.5:1 (188ms)
    ✓ tabs: active tab label clears 4.5:1 (192ms)
    ✓ select: trigger text clears 4.5:1 (147ms)
    ✓ chips: chip label clears 4.5:1 (101ms)
    ✓ paginator: range label clears 4.5:1 (144ms)
    ✓ currency input: amount clears 4.5:1 (208ms)
    ✓ tabs: the active-section ink bar clears 3:1 (non-text contrast) (148ms)
    ✓ datepicker: the toggle glyph clears 3:1 (non-text contrast) (102ms)
  design system — legibility (WCAG AA, dark surface)
    ✓ statement table: even (striped) row clears 4.5:1 (119ms)
    ✓ statement table: odd row clears 4.5:1 (125ms)
    ✓ statement table: header cell clears 4.5:1 (113ms)
    ✓ form field: field label clears 4.5:1 (97ms)
    ✓ form field: entered value clears 4.5:1 (236ms)
    ✓ form field: hint clears 4.5:1 (129ms)
    ✓ form field: disabled value clears 4.5:1 (98ms)
    ✓ form field: error message clears 4.5:1 (122ms)
    ✓ tabs: inactive tab label clears 4.5:1 (112ms)
    ✓ tabs: active tab label clears 4.5:1 (100ms)
    ✓ select: trigger text clears 4.5:1 (104ms)
    ✓ chips: chip label clears 4.5:1 (265ms)
    ✓ paginator: range label clears 4.5:1 (225ms)
    ✓ currency input: amount clears 4.5:1 (111ms)
    ✓ tabs: the active-section ink bar clears 3:1 (non-text contrast) (107ms)
    ✓ datepicker: the toggle glyph clears 3:1 (non-text contrast) (111ms)
  design system — the contrast oracle itself
    ✓ a fully transparent chain resolves to the canvas, not to opaque black (112ms)
    ✓ composites a semi-transparent foreground instead of treating it as opaque (109ms)
    ✓ composites a semi-transparent background over the layer behind it (170ms)
    ✓ agrees with the published figure on a known opaque pair (159ms)
    ✓ folds an ancestor `opacity` into the layer instead of ignoring it (98ms)
    ✓ refuses to score text over a gradient rather than reporting the canvas (111ms)
  77 passing (13s)
  (Results)
  ┌────────────────────────────────────────────────────────────────────────────────────────────────┐
  │ Tests:        77                                                                               │
  │ Passing:      77                                                                               │
  │ Failing:      0                                                                                │
  │ Pending:      0                                                                                │
  │ Skipped:      0                                                                                │
  │ Screenshots:  0                                                                                │
  │ Video:        false                                                                            │
  │ Duration:     12 seconds                                                                       │
  │ Spec Ran:     override-contract.cy.ts                                                          │
  └────────────────────────────────────────────────────────────────────────────────────────────────┘
====================================================================================================
  (Run Finished)
       Spec                                              Tests  Passing  Failing  Pending  Skipped  
  ┌────────────────────────────────────────────────────────────────────────────────────────────────┐
  │ ✔  design-system.cy.ts                      00:09       23       23        -        -        - │
  ├────────────────────────────────────────────────────────────────────────────────────────────────┤
  │ ✖  legibility-sweep.cy.ts                   00:08       50       49        1        -        - │
  ├────────────────────────────────────────────────────────────────────────────────────────────────┤
  │ ✔  override-contract.cy.ts                  00:12       77       77        -        -        - │
  └────────────────────────────────────────────────────────────────────────────────────────────────┘
    ✖  1 of 3 failed (33%)                      00:31      150      149        1        -        -  

 

 >  NX   Running target "retail-banking-e2e:e2e" failed

   Failed tasks:
   
   - retail-banking-e2e:e2e
   
   Hint: run the command with --verbose for more details.

